ARM Linker, 5.02 [Build 28] [MDK-ARM Lite]

==============================================================================

Section Cross References

    zone.o(i.Zone_Current) refers to zone.o(.data) for .data
    zone.o(i.Zone_Disable) refers to ssi.o(i.SSIBusy) for SSIBusy
    zone.o(i.Zone_Disable) refers to ssi.o(i.SSIDataPut) for SSIDataPut
    zone.o(i.Zone_Enable) refers to ssi.o(i.SSIBusy) for SSIBusy
    zone.o(i.Zone_Enable) refers to ssi.o(i.SSIDataPut) for SSIDataPut
    zone.o(i.Zone_Init) refers to sysctl.o(i.SysCtlPeripheralEnable) for SysCtlPeripheralEnable
    zone.o(i.Zone_Init) refers to gpio.o(i.GPIOPinTypeSSI) for GPIOPinTypeSSI
    zone.o(i.Zone_Init) refers to gpio.o(i.GPIOPadConfigSet) for GPIOPadConfigSet
    zone.o(i.Zone_Init) refers to ssi.o(i.SSIDisable) for SSIDisable
    zone.o(i.Zone_Init) refers to sysctl.o(i.SysCtlClockGet) for SysCtlClockGet
    zone.o(i.Zone_Init) refers to ssi.o(i.SSIConfigSetExpClk) for SSIConfigSetExpClk
    zone.o(i.Zone_Init) refers to ssi.o(i.SSIEnable) for SSIEnable
    zone.o(i.Zone_Init) refers to ssi.o(i.SSIBusy) for SSIBusy
    zone.o(i.Zone_Init) refers to ssi.o(i.SSIDataPut) for SSIDataPut
    main.o(i.main) refers to rit128x96x4.o(i.RIT128x96x4Init) for RIT128x96x4Init
    main.o(i.main) refers to rit128x96x4.o(i.RIT128x96x4Clear) for RIT128x96x4Clear
    main.o(i.main) refers to wifly.o(i.WiFly_Init) for WiFly_Init
    main.o(i.main) refers to wifly.o(i.WiFly_Cmd) for WiFly_Cmd
    main.o(i.main) refers to rit128x96x4.o(i.RIT128x96x4StringDraw) for RIT128x96x4StringDraw
    main.o(i.main) refers to sysctl.o(i.SysCtlClockGet) for SysCtlClockGet
    main.o(i.main) refers to sysctl.o(.emb_text) for SysCtlDelay
    startup_rvmdk.o(RESET) refers to startup_rvmdk.o(STACK) for StackMem
    startup_rvmdk.o(RESET) refers to wifly.o(i.UARTIntHandler) for UARTIntHandler
    startup_rvmdk.o(RESET) refers to entry.o(.ARM.Collect$$$$00000000) for __main
    wifly.o(i.RxFifo_Get) refers to wifly.o(.data) for .data
    wifly.o(i.RxFifo_Get) refers to wifly.o(.bss) for .bss
    wifly.o(i.RxFifo_Init) refers to startup_rvmdk.o(.text) for StartCritical
    wifly.o(i.RxFifo_Init) refers to wifly.o(.data) for .data
    wifly.o(i.RxFifo_Put) refers to wifly.o(.data) for .data
    wifly.o(i.RxFifo_Put) refers to wifly.o(.bss) for .bss
    wifly.o(i.RxFifo_Size) refers to wifly.o(.data) for .data
    wifly.o(i.UARTIntHandler) refers to uart.o(i.UARTIntStatus) for UARTIntStatus
    wifly.o(i.UARTIntHandler) refers to uart.o(i.UARTIntClear) for UARTIntClear
    wifly.o(i.UARTIntHandler) refers to uart.o(i.UARTCharGetNonBlocking) for UARTCharGetNonBlocking
    wifly.o(i.UARTIntHandler) refers to wifly.o(i.RxFifo_Put) for RxFifo_Put
    wifly.o(i.UARTIntHandler) refers to uart.o(i.UARTCharsAvail) for UARTCharsAvail
    wifly.o(i.UARTSend) refers to uart.o(i.UARTCharPutNonBlocking) for UARTCharPutNonBlocking
    wifly.o(i.WiFly_Cmd) refers to wifly.o(i.WiFly_Flush) for WiFly_Flush
    wifly.o(i.WiFly_Cmd) refers to sysctl.o(i.SysCtlClockGet) for SysCtlClockGet
    wifly.o(i.WiFly_Cmd) refers to sysctl.o(.emb_text) for SysCtlDelay
    wifly.o(i.WiFly_Cmd) refers to wifly.o(i.UARTSend) for UARTSend
    wifly.o(i.WiFly_Cmd) refers to wifly.o(i.RxFifo_Get) for RxFifo_Get
    wifly.o(i.WiFly_Cmd) refers to rit128x96x4.o(i.RIT128x96x4StringDraw) for RIT128x96x4StringDraw
    wifly.o(i.WiFly_Cmd) refers to strlen.o(.text) for strlen
    wifly.o(i.WiFly_Cmd) refers to wifly.o(.data) for .data
    wifly.o(i.WiFly_Flush) refers to wifly.o(i.RxFifo_Get) for RxFifo_Get
    wifly.o(i.WiFly_Init) refers to sysctl.o(i.SysCtlClockSet) for SysCtlClockSet
    wifly.o(i.WiFly_Init) refers to sysctl.o(i.SysCtlPeripheralEnable) for SysCtlPeripheralEnable
    wifly.o(i.WiFly_Init) refers to interrupt.o(i.IntMasterEnable) for IntMasterEnable
    wifly.o(i.WiFly_Init) refers to gpio.o(i.GPIOPinTypeUART) for GPIOPinTypeUART
    wifly.o(i.WiFly_Init) refers to sysctl.o(i.SysCtlClockGet) for SysCtlClockGet
    wifly.o(i.WiFly_Init) refers to uart.o(i.UARTConfigSetExpClk) for UARTConfigSetExpClk
    wifly.o(i.WiFly_Init) refers to interrupt.o(i.IntEnable) for IntEnable
    wifly.o(i.WiFly_Init) refers to uart.o(i.UARTIntEnable) for UARTIntEnable
    wifly.o(i.WiFly_Init) refers to wifly.o(i.RxFifo_Init) for RxFifo_Init
    wifly.o(i.WiFly_Init) refers to sysctl.o(.emb_text) for SysCtlDelay
    rit128x96x4.o(i.RIT128x96x4Clear) refers to rit128x96x4.o(i.RITWriteCommand) for RITWriteCommand
    rit128x96x4.o(i.RIT128x96x4Clear) refers to rit128x96x4.o(i.RITWriteData) for RITWriteData
    rit128x96x4.o(i.RIT128x96x4Clear) refers to rit128x96x4.o(.data) for .data
    rit128x96x4.o(i.RIT128x96x4Clear) refers to rit128x96x4.o(.constdata) for .constdata
    rit128x96x4.o(i.RIT128x96x4Disable) refers to ssi.o(i.SSIBusy) for SSIBusy
    rit128x96x4.o(i.RIT128x96x4Disable) refers to ssi.o(i.SSIDataGetNonBlocking) for SSIDataGetNonBlocking
    rit128x96x4.o(i.RIT128x96x4Disable) refers to ssi.o(i.SSIDisable) for SSIDisable
    rit128x96x4.o(i.RIT128x96x4Disable) refers to gpio.o(i.GPIOPinTypeGPIOOutput) for GPIOPinTypeGPIOOutput
    rit128x96x4.o(i.RIT128x96x4Disable) refers to gpio.o(i.GPIOPadConfigSet) for GPIOPadConfigSet
    rit128x96x4.o(i.RIT128x96x4Disable) refers to gpio.o(i.GPIOPinWrite) for GPIOPinWrite
    rit128x96x4.o(i.RIT128x96x4Disable) refers to rit128x96x4.o(.data) for .data
    rit128x96x4.o(i.RIT128x96x4DisplayOff) refers to rit128x96x4.o(i.RITWriteCommand) for RITWriteCommand
    rit128x96x4.o(i.RIT128x96x4DisplayOff) refers to rit128x96x4.o(.constdata) for .constdata
    rit128x96x4.o(i.RIT128x96x4DisplayOn) refers to rit128x96x4.o(i.RITWriteCommand) for RITWriteCommand
    rit128x96x4.o(i.RIT128x96x4DisplayOn) refers to rit128x96x4.o(.constdata) for .constdata
    rit128x96x4.o(i.RIT128x96x4Enable) refers to ssi.o(i.SSIDisable) for SSIDisable
    rit128x96x4.o(i.RIT128x96x4Enable) refers to sysctl.o(i.SysCtlClockGet) for SysCtlClockGet
    rit128x96x4.o(i.RIT128x96x4Enable) refers to ssi.o(i.SSIConfigSetExpClk) for SSIConfigSetExpClk
    rit128x96x4.o(i.RIT128x96x4Enable) refers to gpio.o(i.GPIOPinTypeSSI) for GPIOPinTypeSSI
    rit128x96x4.o(i.RIT128x96x4Enable) refers to gpio.o(i.GPIOPadConfigSet) for GPIOPadConfigSet
    rit128x96x4.o(i.RIT128x96x4Enable) refers to ssi.o(i.SSIEnable) for SSIEnable
    rit128x96x4.o(i.RIT128x96x4Enable) refers to rit128x96x4.o(.data) for .data
    rit128x96x4.o(i.RIT128x96x4ImageDraw) refers to rit128x96x4.o(i.RITWriteCommand) for RITWriteCommand
    rit128x96x4.o(i.RIT128x96x4ImageDraw) refers to rit128x96x4.o(i.RITWriteData) for RITWriteData
    rit128x96x4.o(i.RIT128x96x4ImageDraw) refers to rit128x96x4.o(.data) for .data
    rit128x96x4.o(i.RIT128x96x4ImageDraw) refers to rit128x96x4.o(.constdata) for .constdata
    rit128x96x4.o(i.RIT128x96x4Init) refers to sysctl.o(i.SysCtlPeripheralEnable) for SysCtlPeripheralEnable
    rit128x96x4.o(i.RIT128x96x4Init) refers to gpio.o(i.GPIOPinTypeSSI) for GPIOPinTypeSSI
    rit128x96x4.o(i.RIT128x96x4Init) refers to gpio.o(i.GPIOPadConfigSet) for GPIOPadConfigSet
    rit128x96x4.o(i.RIT128x96x4Init) refers to gpio.o(i.GPIOPinTypeGPIOOutput) for GPIOPinTypeGPIOOutput
    rit128x96x4.o(i.RIT128x96x4Init) refers to gpio.o(i.GPIOPinWrite) for GPIOPinWrite
    rit128x96x4.o(i.RIT128x96x4Init) refers to rit128x96x4.o(i.RIT128x96x4Enable) for RIT128x96x4Enable
    rit128x96x4.o(i.RIT128x96x4Init) refers to rit128x96x4.o(i.RIT128x96x4Clear) for RIT128x96x4Clear
    rit128x96x4.o(i.RIT128x96x4Init) refers to rit128x96x4.o(i.RITWriteCommand) for RITWriteCommand
    rit128x96x4.o(i.RIT128x96x4Init) refers to rit128x96x4.o(.data) for .data
    rit128x96x4.o(i.RIT128x96x4Init) refers to rit128x96x4.o(.constdata) for .constdata
    rit128x96x4.o(i.RIT128x96x4StringDraw) refers to rit128x96x4.o(i.RITWriteCommand) for RITWriteCommand
    rit128x96x4.o(i.RIT128x96x4StringDraw) refers to rit128x96x4.o(i.RITWriteData) for RITWriteData
    rit128x96x4.o(i.RIT128x96x4StringDraw) refers to rit128x96x4.o(.data) for .data
    rit128x96x4.o(i.RIT128x96x4StringDraw) refers to rit128x96x4.o(.constdata) for .constdata
    rit128x96x4.o(i.RITWriteCommand) refers to ssi.o(i.SSIBusy) for SSIBusy
    rit128x96x4.o(i.RITWriteCommand) refers to gpio.o(i.GPIOPinWrite) for GPIOPinWrite
    rit128x96x4.o(i.RITWriteCommand) refers to ssi.o(i.SSIDataPut) for SSIDataPut
    rit128x96x4.o(i.RITWriteCommand) refers to rit128x96x4.o(.data) for .data
    rit128x96x4.o(i.RITWriteData) refers to ssi.o(i.SSIBusy) for SSIBusy
    rit128x96x4.o(i.RITWriteData) refers to gpio.o(i.GPIOPinWrite) for GPIOPinWrite
    rit128x96x4.o(i.RITWriteData) refers to ssi.o(i.SSIDataPut) for SSIDataPut
    rit128x96x4.o(i.RITWriteData) refers to rit128x96x4.o(.data) for .data
    gpio.o(i.GPIOPinConfigure) refers to gpio.o(.constdata) for .constdata
    gpio.o(i.GPIOPinTypeADC) refers to gpio.o(i.GPIODirModeSet) for GPIODirModeSet
    gpio.o(i.GPIOPinTypeADC) refers to gpio.o(i.GPIOPadConfigSet) for GPIOPadConfigSet
    gpio.o(i.GPIOPinTypeCAN) refers to gpio.o(i.GPIODirModeSet) for GPIODirModeSet
    gpio.o(i.GPIOPinTypeCAN) refers to gpio.o(i.GPIOPadConfigSet) for GPIOPadConfigSet
    gpio.o(i.GPIOPinTypeComparator) refers to gpio.o(i.GPIODirModeSet) for GPIODirModeSet
    gpio.o(i.GPIOPinTypeComparator) refers to gpio.o(i.GPIOPadConfigSet) for GPIOPadConfigSet
    gpio.o(i.GPIOPinTypeEPI) refers to gpio.o(i.GPIODirModeSet) for GPIODirModeSet
    gpio.o(i.GPIOPinTypeEPI) refers to gpio.o(i.GPIOPadConfigSet) for GPIOPadConfigSet
    gpio.o(i.GPIOPinTypeEthernetLED) refers to gpio.o(i.GPIODirModeSet) for GPIODirModeSet
    gpio.o(i.GPIOPinTypeEthernetLED) refers to gpio.o(i.GPIOPadConfigSet) for GPIOPadConfigSet
    gpio.o(i.GPIOPinTypeGPIOInput) refers to gpio.o(i.GPIODirModeSet) for GPIODirModeSet
    gpio.o(i.GPIOPinTypeGPIOInput) refers to gpio.o(i.GPIOPadConfigSet) for GPIOPadConfigSet
    gpio.o(i.GPIOPinTypeGPIOOutput) refers to gpio.o(i.GPIODirModeSet) for GPIODirModeSet
    gpio.o(i.GPIOPinTypeGPIOOutput) refers to gpio.o(i.GPIOPadConfigSet) for GPIOPadConfigSet
    gpio.o(i.GPIOPinTypeGPIOOutputOD) refers to gpio.o(i.GPIODirModeSet) for GPIODirModeSet
    gpio.o(i.GPIOPinTypeGPIOOutputOD) refers to gpio.o(i.GPIOPadConfigSet) for GPIOPadConfigSet
    gpio.o(i.GPIOPinTypeI2C) refers to gpio.o(i.GPIODirModeSet) for GPIODirModeSet
    gpio.o(i.GPIOPinTypeI2C) refers to gpio.o(i.GPIOPadConfigSet) for GPIOPadConfigSet
    gpio.o(i.GPIOPinTypeI2S) refers to gpio.o(i.GPIODirModeSet) for GPIODirModeSet
    gpio.o(i.GPIOPinTypeI2S) refers to gpio.o(i.GPIOPadConfigSet) for GPIOPadConfigSet
    gpio.o(i.GPIOPinTypePWM) refers to gpio.o(i.GPIODirModeSet) for GPIODirModeSet
    gpio.o(i.GPIOPinTypePWM) refers to gpio.o(i.GPIOPadConfigSet) for GPIOPadConfigSet
    gpio.o(i.GPIOPinTypeQEI) refers to gpio.o(i.GPIODirModeSet) for GPIODirModeSet
    gpio.o(i.GPIOPinTypeQEI) refers to gpio.o(i.GPIOPadConfigSet) for GPIOPadConfigSet
    gpio.o(i.GPIOPinTypeSSI) refers to gpio.o(i.GPIODirModeSet) for GPIODirModeSet
    gpio.o(i.GPIOPinTypeSSI) refers to gpio.o(i.GPIOPadConfigSet) for GPIOPadConfigSet
    gpio.o(i.GPIOPinTypeTimer) refers to gpio.o(i.GPIODirModeSet) for GPIODirModeSet
    gpio.o(i.GPIOPinTypeTimer) refers to gpio.o(i.GPIOPadConfigSet) for GPIOPadConfigSet
    gpio.o(i.GPIOPinTypeUART) refers to gpio.o(i.GPIODirModeSet) for GPIODirModeSet
    gpio.o(i.GPIOPinTypeUART) refers to gpio.o(i.GPIOPadConfigSet) for GPIOPadConfigSet
    gpio.o(i.GPIOPinTypeUSBAnalog) refers to gpio.o(i.GPIODirModeSet) for GPIODirModeSet
    gpio.o(i.GPIOPinTypeUSBAnalog) refers to gpio.o(i.GPIOPadConfigSet) for GPIOPadConfigSet
    gpio.o(i.GPIOPinTypeUSBDigital) refers to gpio.o(i.GPIODirModeSet) for GPIODirModeSet
    gpio.o(i.GPIOPinTypeUSBDigital) refers to gpio.o(i.GPIOPadConfigSet) for GPIOPadConfigSet
    gpio.o(i.GPIOPortIntRegister) refers to gpio.o(i.GPIOGetIntNumber) for GPIOGetIntNumber
    gpio.o(i.GPIOPortIntRegister) refers to interrupt.o(i.IntRegister) for IntRegister
    gpio.o(i.GPIOPortIntRegister) refers to interrupt.o(i.IntEnable) for IntEnable
    gpio.o(i.GPIOPortIntUnregister) refers to gpio.o(i.GPIOGetIntNumber) for GPIOGetIntNumber
    gpio.o(i.GPIOPortIntUnregister) refers to interrupt.o(i.IntDisable) for IntDisable
    gpio.o(i.GPIOPortIntUnregister) refers to interrupt.o(i.IntUnregister) for IntUnregister
    interrupt.o(i.IntMasterDisable) refers to cpu.o(.emb_text) for CPUcpsid
    interrupt.o(i.IntMasterEnable) refers to cpu.o(.emb_text) for CPUcpsie
    interrupt.o(i.IntPriorityGet) refers to interrupt.o(.constdata) for .constdata
    interrupt.o(i.IntPriorityGroupingGet) refers to interrupt.o(.constdata) for .constdata
    interrupt.o(i.IntPriorityGroupingSet) refers to interrupt.o(.constdata) for .constdata
    interrupt.o(i.IntPrioritySet) refers to interrupt.o(.constdata) for .constdata
    interrupt.o(i.IntRegister) refers to interrupt.o(vtable) for vtable
    interrupt.o(i.IntUnregister) refers to interrupt.o(i.IntDefaultHandler) for IntDefaultHandler
    interrupt.o(i.IntUnregister) refers to interrupt.o(vtable) for vtable
    ssi.o(i.SSIIntRegister) refers to interrupt.o(i.IntRegister) for IntRegister
    ssi.o(i.SSIIntRegister) refers to interrupt.o(i.IntEnable) for IntEnable
    ssi.o(i.SSIIntUnregister) refers to interrupt.o(i.IntDisable) for IntDisable
    ssi.o(i.SSIIntUnregister) refers to interrupt.o(i.IntUnregister) for IntUnregister
    sysctl.o(i.SysCtlClockGet) refers to sysctl.o(.constdata) for .constdata
    sysctl.o(i.SysCtlClockSet) refers to sysctl.o(.emb_text) for SysCtlDelay
    sysctl.o(i.SysCtlDeepSleep) refers to cpu.o(.emb_text) for CPUwfi
    sysctl.o(i.SysCtlI2SMClkSet) refers to sysctl.o(.constdata) for .constdata
    sysctl.o(i.SysCtlIntRegister) refers to interrupt.o(i.IntRegister) for IntRegister
    sysctl.o(i.SysCtlIntRegister) refers to interrupt.o(i.IntEnable) for IntEnable
    sysctl.o(i.SysCtlIntUnregister) refers to interrupt.o(i.IntDisable) for IntDisable
    sysctl.o(i.SysCtlIntUnregister) refers to interrupt.o(i.IntUnregister) for IntUnregister
    sysctl.o(i.SysCtlPeripheralDeepSleepDisable) refers to sysctl.o(.constdata) for .constdata
    sysctl.o(i.SysCtlPeripheralDeepSleepEnable) refers to sysctl.o(.constdata) for .constdata
    sysctl.o(i.SysCtlPeripheralDisable) refers to sysctl.o(.constdata) for .constdata
    sysctl.o(i.SysCtlPeripheralEnable) refers to sysctl.o(.constdata) for .constdata
    sysctl.o(i.SysCtlPeripheralPresent) refers to sysctl.o(.constdata) for .constdata
    sysctl.o(i.SysCtlPeripheralReset) refers to sysctl.o(.constdata) for .constdata
    sysctl.o(i.SysCtlPeripheralSleepDisable) refers to sysctl.o(.constdata) for .constdata
    sysctl.o(i.SysCtlPeripheralSleepEnable) refers to sysctl.o(.constdata) for .constdata
    sysctl.o(i.SysCtlSleep) refers to cpu.o(.emb_text) for CPUwfi
    uart.o(i.UARTIntRegister) refers to interrupt.o(i.IntRegister) for IntRegister
    uart.o(i.UARTIntRegister) refers to interrupt.o(i.IntEnable) for IntEnable
    uart.o(i.UARTIntUnregister) refers to interrupt.o(i.IntDisable) for IntDisable
    uart.o(i.UARTIntUnregister) refers to interrupt.o(i.IntUnregister) for IntUnregister
    entry.o(.ARM.Collect$$$$00000000) refers (Special) to entry7b.o(.ARM.Collect$$$$00000008) for _main_clock
    entry.o(.ARM.Collect$$$$00000000) refers (Special) to entry8.o(.ARM.Collect$$$$00000009) for _main_init
    entry.o(.ARM.Collect$$$$00000000) refers (Special) to entry5.o(.ARM.Collect$$$$00000004) for _main_scatterload
    entry.o(.ARM.Collect$$$$00000000) refers (Special) to entry2.o(.ARM.Collect$$$$00000001) for _main_stk
    entry2.o(.ARM.Collect$$$$00000001) refers to entry2.o(.ARM.Collect$$$$00002712) for __lit__00000000
    entry2.o(.ARM.Collect$$$$00002712) refers to startup_rvmdk.o(STACK) for __initial_sp
    entry2.o(__vectab_stack_and_reset_area) refers to startup_rvmdk.o(STACK) for __initial_sp
    entry2.o(__vectab_stack_and_reset_area) refers to entry.o(.ARM.Collect$$$$00000000) for __main
    entry5.o(.ARM.Collect$$$$00000004) refers to init.o(.text) for __scatterload
    entry8.o(.ARM.Collect$$$$00000009) refers to main.o(i.main) for main
    init.o(.text) refers to entry5.o(.ARM.Collect$$$$00000004) for __main_after_scatterload


==============================================================================

Removing Unused input sections from the image.

    Removing zone.o(i.Zone_Current), (12 bytes).
    Removing zone.o(i.Zone_Disable), (32 bytes).
    Removing zone.o(i.Zone_Enable), (36 bytes).
    Removing zone.o(i.Zone_Init), (136 bytes).
    Removing zone.o(.data), (4 bytes).
    Removing startup_rvmdk.o(HEAP), (0 bytes).
    Removing wifly.o(i.RxFifo_Size), (16 bytes).
    Removing rit128x96x4.o(i.RIT128x96x4Disable), (100 bytes).
    Removing rit128x96x4.o(i.RIT128x96x4DisplayOff), (12 bytes).
    Removing rit128x96x4.o(i.RIT128x96x4DisplayOn), (36 bytes).
    Removing rit128x96x4.o(i.RIT128x96x4ImageDraw), (108 bytes).
    Removing gpio.o(i.GPIODirModeGet), (34 bytes).
    Removing gpio.o(i.GPIOGetIntNumber), (156 bytes).
    Removing gpio.o(i.GPIOIntTypeGet), (48 bytes).
    Removing gpio.o(i.GPIOIntTypeSet), (58 bytes).
    Removing gpio.o(i.GPIOPadConfigGet), (140 bytes).
    Removing gpio.o(i.GPIOPinConfigure), (72 bytes).
    Removing gpio.o(i.GPIOPinIntClear), (6 bytes).
    Removing gpio.o(i.GPIOPinIntDisable), (14 bytes).
    Removing gpio.o(i.GPIOPinIntEnable), (12 bytes).
    Removing gpio.o(i.GPIOPinIntStatus), (14 bytes).
    Removing gpio.o(i.GPIOPinRead), (6 bytes).
    Removing gpio.o(i.GPIOPinTypeADC), (28 bytes).
    Removing gpio.o(i.GPIOPinTypeCAN), (28 bytes).
    Removing gpio.o(i.GPIOPinTypeComparator), (28 bytes).
    Removing gpio.o(i.GPIOPinTypeEPI), (28 bytes).
    Removing gpio.o(i.GPIOPinTypeEthernetLED), (28 bytes).
    Removing gpio.o(i.GPIOPinTypeGPIOInput), (28 bytes).
    Removing gpio.o(i.GPIOPinTypeGPIOOutputOD), (28 bytes).
    Removing gpio.o(i.GPIOPinTypeI2C), (28 bytes).
    Removing gpio.o(i.GPIOPinTypeI2S), (28 bytes).
    Removing gpio.o(i.GPIOPinTypePWM), (28 bytes).
    Removing gpio.o(i.GPIOPinTypeQEI), (28 bytes).
    Removing gpio.o(i.GPIOPinTypeTimer), (28 bytes).
    Removing gpio.o(i.GPIOPinTypeUSBAnalog), (28 bytes).
    Removing gpio.o(i.GPIOPinTypeUSBDigital), (28 bytes).
    Removing gpio.o(i.GPIOPortIntRegister), (26 bytes).
    Removing gpio.o(i.GPIOPortIntUnregister), (22 bytes).
    Removing gpio.o(.constdata), (72 bytes).
    Removing interrupt.o(i.IntDefaultHandler), (2 bytes).
    Removing interrupt.o(i.IntDisable), (104 bytes).
    Removing interrupt.o(i.IntMasterDisable), (10 bytes).
    Removing interrupt.o(i.IntPendClear), (72 bytes).
    Removing interrupt.o(i.IntPendSet), (90 bytes).
    Removing interrupt.o(i.IntPriorityGet), (28 bytes).
    Removing interrupt.o(i.IntPriorityGroupingGet), (40 bytes).
    Removing interrupt.o(i.IntPriorityGroupingSet), (28 bytes).
    Removing interrupt.o(i.IntPrioritySet), (40 bytes).
    Removing interrupt.o(i.IntRegister), (56 bytes).
    Removing interrupt.o(i.IntUnregister), (20 bytes).
    Removing interrupt.o(.constdata), (104 bytes).
    Removing interrupt.o(vtable), (284 bytes).
    Removing ssi.o(i.SSIDMADisable), (10 bytes).
    Removing ssi.o(i.SSIDMAEnable), (8 bytes).
    Removing ssi.o(i.SSIDataGet), (14 bytes).
    Removing ssi.o(i.SSIDataGetNonBlocking), (18 bytes).
    Removing ssi.o(i.SSIDataPutNonBlocking), (16 bytes).
    Removing ssi.o(i.SSIIntClear), (4 bytes).
    Removing ssi.o(i.SSIIntDisable), (10 bytes).
    Removing ssi.o(i.SSIIntEnable), (8 bytes).
    Removing ssi.o(i.SSIIntRegister), (32 bytes).
    Removing ssi.o(i.SSIIntStatus), (10 bytes).
    Removing ssi.o(i.SSIIntUnregister), (32 bytes).
    Removing sysctl.o(i.SysCtlADCSpeedGet), (16 bytes).
    Removing sysctl.o(i.SysCtlADCSpeedSet), (32 bytes).
    Removing sysctl.o(i.SysCtlBrownOutConfigSet), (16 bytes).
    Removing sysctl.o(i.SysCtlClkVerificationClear), (20 bytes).
    Removing sysctl.o(i.SysCtlDeepSleep), (32 bytes).
    Removing sysctl.o(i.SysCtlFlashSizeGet), (20 bytes).
    Removing sysctl.o(i.SysCtlGPIOAHBDisable), (20 bytes).
    Removing sysctl.o(i.SysCtlGPIOAHBEnable), (16 bytes).
    Removing sysctl.o(i.SysCtlI2SMClkSet), (216 bytes).
    Removing sysctl.o(i.SysCtlIOSCVerificationSet), (24 bytes).
    Removing sysctl.o(i.SysCtlIntClear), (12 bytes).
    Removing sysctl.o(i.SysCtlIntDisable), (16 bytes).
    Removing sysctl.o(i.SysCtlIntEnable), (16 bytes).
    Removing sysctl.o(i.SysCtlIntRegister), (20 bytes).
    Removing sysctl.o(i.SysCtlIntStatus), (16 bytes).
    Removing sysctl.o(i.SysCtlIntUnregister), (18 bytes).
    Removing sysctl.o(i.SysCtlLDOConfigSet), (12 bytes).
    Removing sysctl.o(i.SysCtlLDOGet), (12 bytes).
    Removing sysctl.o(i.SysCtlLDOSet), (12 bytes).
    Removing sysctl.o(i.SysCtlMOSCVerificationSet), (24 bytes).
    Removing sysctl.o(i.SysCtlPLLVerificationSet), (24 bytes).
    Removing sysctl.o(i.SysCtlPWMClockGet), (24 bytes).
    Removing sysctl.o(i.SysCtlPWMClockSet), (20 bytes).
    Removing sysctl.o(i.SysCtlPeripheralClockGating), (24 bytes).
    Removing sysctl.o(i.SysCtlPeripheralDeepSleepDisable), (32 bytes).
    Removing sysctl.o(i.SysCtlPeripheralDeepSleepEnable), (32 bytes).
    Removing sysctl.o(i.SysCtlPeripheralDisable), (32 bytes).
    Removing sysctl.o(i.SysCtlPeripheralPresent), (64 bytes).
    Removing sysctl.o(i.SysCtlPeripheralReset), (56 bytes).
    Removing sysctl.o(i.SysCtlPeripheralSleepDisable), (32 bytes).
    Removing sysctl.o(i.SysCtlPeripheralSleepEnable), (32 bytes).
    Removing sysctl.o(i.SysCtlPinPresent), (16 bytes).
    Removing sysctl.o(i.SysCtlReset), (16 bytes).
    Removing sysctl.o(i.SysCtlResetCauseClear), (16 bytes).
    Removing sysctl.o(i.SysCtlResetCauseGet), (12 bytes).
    Removing sysctl.o(i.SysCtlSRAMSizeGet), (20 bytes).
    Removing sysctl.o(i.SysCtlSleep), (4 bytes).
    Removing sysctl.o(i.SysCtlUSBPLLDisable), (16 bytes).
    Removing sysctl.o(i.SysCtlUSBPLLEnable), (16 bytes).
    Removing uart.o(i.UARTBreakCtl), (18 bytes).
    Removing uart.o(i.UARTBusy), (8 bytes).
    Removing uart.o(i.UARTCharGet), (12 bytes).
    Removing uart.o(i.UARTCharPut), (12 bytes).
    Removing uart.o(i.UARTConfigGetExpClk), (46 bytes).
    Removing uart.o(i.UARTDMADisable), (10 bytes).
    Removing uart.o(i.UARTDMAEnable), (8 bytes).
    Removing uart.o(i.UARTDisable), (30 bytes).
    Removing uart.o(i.UARTDisableSIR), (10 bytes).
    Removing uart.o(i.UARTEnable), (20 bytes).
    Removing uart.o(i.UARTEnableSIR), (18 bytes).
    Removing uart.o(i.UARTFIFODisable), (10 bytes).
    Removing uart.o(i.UARTFIFOEnable), (10 bytes).
    Removing uart.o(i.UARTFIFOLevelGet), (16 bytes).
    Removing uart.o(i.UARTFIFOLevelSet), (6 bytes).
    Removing uart.o(i.UARTFlowControlGet), (8 bytes).
    Removing uart.o(i.UARTFlowControlSet), (12 bytes).
    Removing uart.o(i.UARTIntDisable), (10 bytes).
    Removing uart.o(i.UARTIntRegister), (46 bytes).
    Removing uart.o(i.UARTIntUnregister), (46 bytes).
    Removing uart.o(i.UARTModemControlClear), (14 bytes).
    Removing uart.o(i.UARTModemControlGet), (8 bytes).
    Removing uart.o(i.UARTModemControlSet), (12 bytes).
    Removing uart.o(i.UARTModemStatusGet), (10 bytes).
    Removing uart.o(i.UARTParityModeGet), (8 bytes).
    Removing uart.o(i.UARTParityModeSet), (12 bytes).
    Removing uart.o(i.UARTRxErrorClear), (6 bytes).
    Removing uart.o(i.UARTRxErrorGet), (8 bytes).
    Removing uart.o(i.UARTSmartCardDisable), (10 bytes).
    Removing uart.o(i.UARTSmartCardEnable), (22 bytes).
    Removing uart.o(i.UARTSpaceAvail), (10 bytes).
    Removing uart.o(i.UARTTxIntModeGet), (8 bytes).
    Removing uart.o(i.UARTTxIntModeSet), (12 bytes).

135 unused section(s) (total 4158 bytes) removed from the image.

==============================================================================

Image Symbol Table

    Local Symbols

    Symbol Name                              Value     Ov Type        Size  Object(Section)

    RESET                                    0x00000000   Section      252  startup_rvmdk.o(RESET)
    ../clib/microlib/init/entry.s            0x00000000   Number         0  entry5.o ABSOLUTE
    ../clib/microlib/init/entry.s            0x00000000   Number         0  entry2.o ABSOLUTE
    ../clib/microlib/init/entry.s            0x00000000   Number         0  entry.o ABSOLUTE
    ../clib/microlib/init/entry.s            0x00000000   Number         0  entry8.o ABSOLUTE
    ../clib/microlib/init/entry.s            0x00000000   Number         0  entry7b.o ABSOLUTE
    ../clib/microlib/init/entry.s            0x00000000   Number         0  entry7a.o ABSOLUTE
    ../clib/microlib/string/strlen.c         0x00000000   Number         0  strlen.o ABSOLUTE
    ..\drivers\rit128x96x4.c                 0x00000000   Number         0  rit128x96x4.o ABSOLUTE
    cpu.c                                    0x00000000   Number         0  cpu.o ABSOLUTE
    cpu.c                                    0x00000000   Number         0  cpu.o ABSOLUTE
    dc.s                                     0x00000000   Number         0  dc.o ABSOLUTE
    gpio.c                                   0x00000000   Number         0  gpio.o ABSOLUTE
    handlers.s                               0x00000000   Number         0  handlers.o ABSOLUTE
    init.s                                   0x00000000   Number         0  init.o ABSOLUTE
    interrupt.c                              0x00000000   Number         0  interrupt.o ABSOLUTE
    main.c                                   0x00000000   Number         0  main.o ABSOLUTE
    ssi.c                                    0x00000000   Number         0  ssi.o ABSOLUTE
    startup_rvmdk.S                          0x00000000   Number         0  startup_rvmdk.o ABSOLUTE
    sysctl.c                                 0x00000000   Number         0  sysctl.o ABSOLUTE
    sysctl.c                                 0x00000000   Number         0  sysctl.o ABSOLUTE
    uart.c                                   0x00000000   Number         0  uart.o ABSOLUTE
    wifly.c                                  0x00000000   Number         0  wifly.o ABSOLUTE
    zone.c                                   0x00000000   Number         0  zone.o ABSOLUTE
    NmiSR                                    0x000000f5   Thumb Code     0  startup_rvmdk.o(RESET)
    FaultISR                                 0x000000f7   Thumb Code     0  startup_rvmdk.o(RESET)
    IntDefaultHandler                        0x000000f9   Thumb Code     0  startup_rvmdk.o(RESET)
    .ARM.Collect$$$$00000000                 0x000000fc   Section        0  entry.o(.ARM.Collect$$$$00000000)
    .ARM.Collect$$$$00000001                 0x000000fc   Section        4  entry2.o(.ARM.Collect$$$$00000001)
    .ARM.Collect$$$$00000004                 0x00000100   Section        4  entry5.o(.ARM.Collect$$$$00000004)
    .ARM.Collect$$$$00000008                 0x00000104   Section        0  entry7b.o(.ARM.Collect$$$$00000008)
    .ARM.Collect$$$$00000009                 0x00000104   Section        8  entry8.o(.ARM.Collect$$$$00000009)
    .ARM.Collect$$$$00002712                 0x0000010c   Section        4  entry2.o(.ARM.Collect$$$$00002712)
    __lit__00000000                          0x0000010c   Data           4  entry2.o(.ARM.Collect$$$$00002712)
    .emb_text                                0x00000110   Section        6  sysctl.o(.emb_text)
    .emb_text                                0x00000118   Section       26  cpu.o(.emb_text)
    .text                                    0x00000134   Section       28  startup_rvmdk.o(.text)
    .text                                    0x00000150   Section        0  strlen.o(.text)
    .text                                    0x00000160   Section       36  init.o(.text)
    i.GPIODirModeSet                         0x00000184   Section        0  gpio.o(i.GPIODirModeSet)
    i.GPIOPadConfigSet                       0x000001ac   Section        0  gpio.o(i.GPIOPadConfigSet)
    i.GPIOPinTypeGPIOOutput                  0x0000025c   Section        0  gpio.o(i.GPIOPinTypeGPIOOutput)
    i.GPIOPinTypeSSI                         0x00000278   Section        0  gpio.o(i.GPIOPinTypeSSI)
    i.GPIOPinTypeUART                        0x00000294   Section        0  gpio.o(i.GPIOPinTypeUART)
    i.GPIOPinWrite                           0x000002b0   Section        0  gpio.o(i.GPIOPinWrite)
    i.IntEnable                              0x000002b6   Section        0  interrupt.o(i.IntEnable)
    i.IntMasterEnable                        0x0000031e   Section        0  interrupt.o(i.IntMasterEnable)
    i.RIT128x96x4Clear                       0x00000328   Section        0  rit128x96x4.o(i.RIT128x96x4Clear)
    i.RIT128x96x4Enable                      0x00000370   Section        0  rit128x96x4.o(i.RIT128x96x4Enable)
    i.RIT128x96x4Init                        0x000003d4   Section        0  rit128x96x4.o(i.RIT128x96x4Init)
    i.RIT128x96x4StringDraw                  0x0000047c   Section        0  rit128x96x4.o(i.RIT128x96x4StringDraw)
    i.RITWriteCommand                        0x00000554   Section        0  rit128x96x4.o(i.RITWriteCommand)
    RITWriteCommand                          0x00000555   Thumb Code    92  rit128x96x4.o(i.RITWriteCommand)
    i.RITWriteData                           0x000005c0   Section        0  rit128x96x4.o(i.RITWriteData)
    RITWriteData                             0x000005c1   Thumb Code    92  rit128x96x4.o(i.RITWriteData)
    i.RxFifo_Get                             0x0000062c   Section        0  wifly.o(i.RxFifo_Get)
    i.RxFifo_Init                            0x00000658   Section        0  wifly.o(i.RxFifo_Init)
    i.RxFifo_Put                             0x00000674   Section        0  wifly.o(i.RxFifo_Put)
    i.SSIBusy                                0x000006a0   Section        0  ssi.o(i.SSIBusy)
    i.SSIConfigSetExpClk                     0x000006a8   Section        0  ssi.o(i.SSIConfigSetExpClk)
    i.SSIDataPut                             0x000006f4   Section        0  ssi.o(i.SSIDataPut)
    i.SSIDisable                             0x00000700   Section        0  ssi.o(i.SSIDisable)
    i.SSIEnable                              0x0000070a   Section        0  ssi.o(i.SSIEnable)
    i.SysCtlClockGet                         0x00000714   Section        0  sysctl.o(i.SysCtlClockGet)
    i.SysCtlClockSet                         0x000008f8   Section        0  sysctl.o(i.SysCtlClockSet)
    i.SysCtlPeripheralEnable                 0x00000a30   Section        0  sysctl.o(i.SysCtlPeripheralEnable)
    i.UARTCharGetNonBlocking                 0x00000a50   Section        0  uart.o(i.UARTCharGetNonBlocking)
    i.UARTCharPutNonBlocking                 0x00000a60   Section        0  uart.o(i.UARTCharPutNonBlocking)
    i.UARTCharsAvail                         0x00000a72   Section        0  uart.o(i.UARTCharsAvail)
    i.UARTConfigSetExpClk                    0x00000a7c   Section        0  uart.o(i.UARTConfigSetExpClk)
    i.UARTIntClear                           0x00000aea   Section        0  uart.o(i.UARTIntClear)
    i.UARTIntEnable                          0x00000aee   Section        0  uart.o(i.UARTIntEnable)
    i.UARTIntHandler                         0x00000af8   Section        0  wifly.o(i.UARTIntHandler)
    i.UARTIntStatus                          0x00000b2c   Section        0  uart.o(i.UARTIntStatus)
    i.UARTSend                               0x00000b38   Section        0  wifly.o(i.UARTSend)
    i.WiFly_Cmd                              0x00000b58   Section        0  wifly.o(i.WiFly_Cmd)
    i.WiFly_Flush                            0x00000c14   Section        0  wifly.o(i.WiFly_Flush)
    i.WiFly_Init                             0x00000c24   Section        0  wifly.o(i.WiFly_Init)
    i.__scatterload_copy                     0x00000c90   Section       14  handlers.o(i.__scatterload_copy)
    i.__scatterload_null                     0x00000c9e   Section        2  handlers.o(i.__scatterload_null)
    i.__scatterload_zeroinit                 0x00000ca0   Section       14  handlers.o(i.__scatterload_zeroinit)
    i.main                                   0x00000cb0   Section        0  main.o(i.main)
    .constdata                               0x00000d2c   Section      571  rit128x96x4.o(.constdata)
    g_pucRIT128x96x4VerticalInc              0x00000d2c   Data           2  rit128x96x4.o(.constdata)
    g_pucRIT128x96x4HorizontalInc            0x00000d2e   Data           2  rit128x96x4.o(.constdata)
    pucCommand1                              0x00000d30   Data           2  rit128x96x4.o(.constdata)
    pucCommand1                              0x00000d32   Data           3  rit128x96x4.o(.constdata)
    pucCommand2                              0x00000d35   Data           3  rit128x96x4.o(.constdata)
    g_pucFont                                0x00000d38   Data         480  rit128x96x4.o(.constdata)
    g_pucRIT128x96x4Init                     0x00000f18   Data          79  rit128x96x4.o(.constdata)
    .constdata                               0x00000f68   Section      156  sysctl.o(.constdata)
    g_pulDCRegs                              0x00000f68   Data          16  sysctl.o(.constdata)
    g_pulSRCRRegs                            0x00000f78   Data          12  sysctl.o(.constdata)
    g_pulRCGCRegs                            0x00000f84   Data          12  sysctl.o(.constdata)
    g_pulSCGCRegs                            0x00000f90   Data          12  sysctl.o(.constdata)
    g_pulDCGCRegs                            0x00000f9c   Data          12  sysctl.o(.constdata)
    g_pulXtals                               0x00000fa8   Data          92  sysctl.o(.constdata)
    .data                                    0x20000000   Section       12  wifly.o(.data)
    call_count                               0x20000000   Data           4  wifly.o(.data)
    .data                                    0x2000000c   Section       12  rit128x96x4.o(.data)
    g_ulSSIFlags                             0x2000000c   Data           4  rit128x96x4.o(.data)
    g_pucBuffer                              0x20000010   Data           8  rit128x96x4.o(.data)
    .bss                                     0x20000018   Section       64  wifly.o(.bss)
    RxFifo                                   0x20000018   Data          64  wifly.o(.bss)
    STACK                                    0x20000058   Section      256  startup_rvmdk.o(STACK)
    StackMem                                 0x20000058   Data           0  startup_rvmdk.o(STACK)

    Global Symbols

    Symbol Name                              Value     Ov Type        Size  Object(Section)

    BuildAttributes$$THM_ISAv4$P$D$K$B$S$PE$A:L22UL41UL21$X:L11$S22US41US21$IEEE1$IW$USESV6$~STKCKD$USESV7$~SHL$OTIME$EBA8$MICROLIB$REQ8$PRES8$EABIv2 0x00000000   Number         0  anon$$obj.o ABSOLUTE
    __ARM_use_no_argv                        0x00000000   Number         0  main.o ABSOLUTE
    __Vectors                                0x00000000   Data           0  startup_rvmdk.o(RESET)
    __decompress                              - Undefined Weak Reference
    _clock_init                               - Undefined Weak Reference
    Reset_Handler                            0x000000f1   Thumb Code     0  startup_rvmdk.o(RESET)
    __main                                   0x000000fd   Thumb Code     0  entry.o(.ARM.Collect$$$$00000000)
    _main_stk                                0x000000fd   Thumb Code     0  entry2.o(.ARM.Collect$$$$00000001)
    _main_scatterload                        0x00000101   Thumb Code     0  entry5.o(.ARM.Collect$$$$00000004)
    __main_after_scatterload                 0x00000105   Thumb Code     0  entry5.o(.ARM.Collect$$$$00000004)
    _main_clock                              0x00000105   Thumb Code     0  entry7b.o(.ARM.Collect$$$$00000008)
    _main_init                               0x00000105   Thumb Code     0  entry8.o(.ARM.Collect$$$$00000009)
    SysCtlDelay                              0x00000111   Thumb Code     6  sysctl.o(.emb_text)
    CPUcpsid                                 0x00000119   Thumb Code     8  cpu.o(.emb_text)
    CPUprimask                               0x00000121   Thumb Code     6  cpu.o(.emb_text)
    CPUcpsie                                 0x00000127   Thumb Code     8  cpu.o(.emb_text)
    CPUwfi                                   0x0000012f   Thumb Code     4  cpu.o(.emb_text)
    DisableInterrupts                        0x00000135   Thumb Code     0  startup_rvmdk.o(.text)
    EnableInterrupts                         0x00000139   Thumb Code     0  startup_rvmdk.o(.text)
    StartCritical                            0x0000013d   Thumb Code     0  startup_rvmdk.o(.text)
    EndCritical                              0x00000145   Thumb Code     0  startup_rvmdk.o(.text)
    WaitForInterrupt                         0x0000014b   Thumb Code     0  startup_rvmdk.o(.text)
    strlen                                   0x00000151   Thumb Code    16  strlen.o(.text)
    __scatterload                            0x00000161   Thumb Code    28  init.o(.text)
    __scatterload_rt2                        0x00000161   Thumb Code     0  init.o(.text)
    GPIODirModeSet                           0x00000185   Thumb Code    40  gpio.o(i.GPIODirModeSet)
    GPIOPadConfigSet                         0x000001ad   Thumb Code   176  gpio.o(i.GPIOPadConfigSet)
    GPIOPinTypeGPIOOutput                    0x0000025d   Thumb Code    28  gpio.o(i.GPIOPinTypeGPIOOutput)
    GPIOPinTypeSSI                           0x00000279   Thumb Code    28  gpio.o(i.GPIOPinTypeSSI)
    GPIOPinTypeUART                          0x00000295   Thumb Code    28  gpio.o(i.GPIOPinTypeUART)
    GPIOPinWrite                             0x000002b1   Thumb Code     6  gpio.o(i.GPIOPinWrite)
    IntEnable                                0x000002b7   Thumb Code   104  interrupt.o(i.IntEnable)
    IntMasterEnable                          0x0000031f   Thumb Code    10  interrupt.o(i.IntMasterEnable)
    RIT128x96x4Clear                         0x00000329   Thumb Code    64  rit128x96x4.o(i.RIT128x96x4Clear)
    RIT128x96x4Enable                        0x00000371   Thumb Code    90  rit128x96x4.o(i.RIT128x96x4Enable)
    RIT128x96x4Init                          0x000003d5   Thumb Code   142  rit128x96x4.o(i.RIT128x96x4Init)
    RIT128x96x4StringDraw                    0x0000047d   Thumb Code   206  rit128x96x4.o(i.RIT128x96x4StringDraw)
    RxFifo_Get                               0x0000062d   Thumb Code    36  wifly.o(i.RxFifo_Get)
    RxFifo_Init                              0x00000659   Thumb Code    22  wifly.o(i.RxFifo_Init)
    RxFifo_Put                               0x00000675   Thumb Code    36  wifly.o(i.RxFifo_Put)
    SSIBusy                                  0x000006a1   Thumb Code     8  ssi.o(i.SSIBusy)
    SSIConfigSetExpClk                       0x000006a9   Thumb Code    76  ssi.o(i.SSIConfigSetExpClk)
    SSIDataPut                               0x000006f5   Thumb Code    12  ssi.o(i.SSIDataPut)
    SSIDisable                               0x00000701   Thumb Code    10  ssi.o(i.SSIDisable)
    SSIEnable                                0x0000070b   Thumb Code    10  ssi.o(i.SSIEnable)
    SysCtlClockGet                           0x00000715   Thumb Code   438  sysctl.o(i.SysCtlClockGet)
    SysCtlClockSet                           0x000008f9   Thumb Code   288  sysctl.o(i.SysCtlClockSet)
    SysCtlPeripheralEnable                   0x00000a31   Thumb Code    26  sysctl.o(i.SysCtlPeripheralEnable)
    UARTCharGetNonBlocking                   0x00000a51   Thumb Code    16  uart.o(i.UARTCharGetNonBlocking)
    UARTCharPutNonBlocking                   0x00000a61   Thumb Code    18  uart.o(i.UARTCharPutNonBlocking)
    UARTCharsAvail                           0x00000a73   Thumb Code    10  uart.o(i.UARTCharsAvail)
    UARTConfigSetExpClk                      0x00000a7d   Thumb Code   110  uart.o(i.UARTConfigSetExpClk)
    UARTIntClear                             0x00000aeb   Thumb Code     4  uart.o(i.UARTIntClear)
    UARTIntEnable                            0x00000aef   Thumb Code     8  uart.o(i.UARTIntEnable)
    UARTIntHandler                           0x00000af9   Thumb Code    46  wifly.o(i.UARTIntHandler)
    UARTIntStatus                            0x00000b2d   Thumb Code    10  uart.o(i.UARTIntStatus)
    UARTSend                                 0x00000b39   Thumb Code    26  wifly.o(i.UARTSend)
    WiFly_Cmd                                0x00000b59   Thumb Code   170  wifly.o(i.WiFly_Cmd)
    WiFly_Flush                              0x00000c15   Thumb Code    14  wifly.o(i.WiFly_Flush)
    WiFly_Init                               0x00000c25   Thumb Code    90  wifly.o(i.WiFly_Init)
    __scatterload_copy                       0x00000c91   Thumb Code    14  handlers.o(i.__scatterload_copy)
    __scatterload_null                       0x00000c9f   Thumb Code     2  handlers.o(i.__scatterload_null)
    __scatterload_zeroinit                   0x00000ca1   Thumb Code    14  handlers.o(i.__scatterload_zeroinit)
    main                                     0x00000cb1   Thumb Code    74  main.o(i.main)
    Region$$Table$$Base                      0x00001004   Number         0  anon$$obj.o(Region$$Table)
    Region$$Table$$Limit                     0x00001024   Number         0  anon$$obj.o(Region$$Table)
    RxPutI                                   0x20000004   Data           4  wifly.o(.data)
    RxGetI                                   0x20000008   Data           4  wifly.o(.data)
    __initial_sp                             0x20000158   Data           0  startup_rvmdk.o(STACK)



==============================================================================

Memory Map of the image

  Image Entry point : 0x000000f1

  Load Region LR_IROM (Base: 0x00000000, Size: 0x0000103c, Max: 0x00040000, ABSOLUTE)

    Execution Region ER_IROM (Base: 0x00000000, Size: 0x00001024, Max: 0x00040000, ABSOLUTE)

    Base Addr    Size         Type   Attr      Idx    E Section Name        Object

    0x00000000   0x000000fc   Code   RO           85  * RESET               startup_rvmdk.o
    0x000000fc   0x00000000   Code   RO         1194  * .ARM.Collect$$$$00000000  mc_w.l(entry.o)
    0x000000fc   0x00000004   Code   RO         1199    .ARM.Collect$$$$00000001  mc_w.l(entry2.o)
    0x00000100   0x00000004   Code   RO         1202    .ARM.Collect$$$$00000004  mc_w.l(entry5.o)
    0x00000104   0x00000000   Code   RO         1204    .ARM.Collect$$$$00000008  mc_w.l(entry7b.o)
    0x00000104   0x00000008   Code   RO         1205    .ARM.Collect$$$$00000009  mc_w.l(entry8.o)
    0x0000010c   0x00000004   Code   RO         1200    .ARM.Collect$$$$00002712  mc_w.l(entry2.o)
    0x00000110   0x00000006   Code   RO          668    .emb_text           driverlib.lib(sysctl.o)
    0x00000116   0x00000002   PAD
    0x00000118   0x0000001a   Code   RO         1184    .emb_text           driverlib.lib(cpu.o)
    0x00000132   0x00000002   PAD
    0x00000134   0x0000001c   Code   RO           86    .text               startup_rvmdk.o
    0x00000150   0x00000010   Code   RO         1197    .text               mc_w.l(strlen.o)
    0x00000160   0x00000024   Code   RO         1206    .text               mc_w.l(init.o)
    0x00000184   0x00000028   Code   RO          237    i.GPIODirModeSet    driverlib.lib(gpio.o)
    0x000001ac   0x000000b0   Code   RO          242    i.GPIOPadConfigSet  driverlib.lib(gpio.o)
    0x0000025c   0x0000001c   Code   RO          255    i.GPIOPinTypeGPIOOutput  driverlib.lib(gpio.o)
    0x00000278   0x0000001c   Code   RO          261    i.GPIOPinTypeSSI    driverlib.lib(gpio.o)
    0x00000294   0x0000001c   Code   RO          263    i.GPIOPinTypeUART   driverlib.lib(gpio.o)
    0x000002b0   0x00000006   Code   RO          266    i.GPIOPinWrite      driverlib.lib(gpio.o)
    0x000002b6   0x00000068   Code   RO          467    i.IntEnable         driverlib.lib(interrupt.o)
    0x0000031e   0x0000000a   Code   RO          469    i.IntMasterEnable   driverlib.lib(interrupt.o)
    0x00000328   0x00000048   Code   RO          163    i.RIT128x96x4Clear  rit128x96x4.o
    0x00000370   0x00000064   Code   RO          167    i.RIT128x96x4Enable  rit128x96x4.o
    0x000003d4   0x000000a8   Code   RO          169    i.RIT128x96x4Init   rit128x96x4.o
    0x0000047c   0x000000d8   Code   RO          170    i.RIT128x96x4StringDraw  rit128x96x4.o
    0x00000554   0x0000006c   Code   RO          171    i.RITWriteCommand   rit128x96x4.o
    0x000005c0   0x0000006c   Code   RO          172    i.RITWriteData      rit128x96x4.o
    0x0000062c   0x0000002c   Code   RO           92    i.RxFifo_Get        wifly.o
    0x00000658   0x0000001c   Code   RO           93    i.RxFifo_Init       wifly.o
    0x00000674   0x0000002c   Code   RO           94    i.RxFifo_Put        wifly.o
    0x000006a0   0x00000008   Code   RO          557    i.SSIBusy           driverlib.lib(ssi.o)
    0x000006a8   0x0000004c   Code   RO          558    i.SSIConfigSetExpClk  driverlib.lib(ssi.o)
    0x000006f4   0x0000000c   Code   RO          563    i.SSIDataPut        driverlib.lib(ssi.o)
    0x00000700   0x0000000a   Code   RO          565    i.SSIDisable        driverlib.lib(ssi.o)
    0x0000070a   0x0000000a   Code   RO          566    i.SSIEnable         driverlib.lib(ssi.o)
    0x00000714   0x000001e4   Code   RO          673    i.SysCtlClockGet    driverlib.lib(sysctl.o)
    0x000008f8   0x00000138   Code   RO          674    i.SysCtlClockSet    driverlib.lib(sysctl.o)
    0x00000a30   0x00000020   Code   RO          698    i.SysCtlPeripheralEnable  driverlib.lib(sysctl.o)
    0x00000a50   0x00000010   Code   RO          936    i.UARTCharGetNonBlocking  driverlib.lib(uart.o)
    0x00000a60   0x00000012   Code   RO          938    i.UARTCharPutNonBlocking  driverlib.lib(uart.o)
    0x00000a72   0x0000000a   Code   RO          939    i.UARTCharsAvail    driverlib.lib(uart.o)
    0x00000a7c   0x0000006e   Code   RO          941    i.UARTConfigSetExpClk  driverlib.lib(uart.o)
    0x00000aea   0x00000004   Code   RO          954    i.UARTIntClear      driverlib.lib(uart.o)
    0x00000aee   0x00000008   Code   RO          956    i.UARTIntEnable     driverlib.lib(uart.o)
    0x00000af6   0x00000002   PAD
    0x00000af8   0x00000034   Code   RO           96    i.UARTIntHandler    wifly.o
    0x00000b2c   0x0000000a   Code   RO          958    i.UARTIntStatus     driverlib.lib(uart.o)
    0x00000b36   0x00000002   PAD
    0x00000b38   0x00000020   Code   RO           97    i.UARTSend          wifly.o
    0x00000b58   0x000000bc   Code   RO           98    i.WiFly_Cmd         wifly.o
    0x00000c14   0x0000000e   Code   RO           99    i.WiFly_Flush       wifly.o
    0x00000c22   0x00000002   PAD
    0x00000c24   0x0000006c   Code   RO          100    i.WiFly_Init        wifly.o
    0x00000c90   0x0000000e   Code   RO         1210    i.__scatterload_copy  mc_w.l(handlers.o)
    0x00000c9e   0x00000002   Code   RO         1211    i.__scatterload_null  mc_w.l(handlers.o)
    0x00000ca0   0x0000000e   Code   RO         1212    i.__scatterload_zeroinit  mc_w.l(handlers.o)
    0x00000cae   0x00000002   PAD
    0x00000cb0   0x0000007c   Code   RO           59    i.main              main.o
    0x00000d2c   0x0000023b   Data   RO          173    .constdata          rit128x96x4.o
    0x00000f67   0x00000001   PAD
    0x00000f68   0x0000009c   Data   RO          711    .constdata          driverlib.lib(sysctl.o)
    0x00001004   0x00000020   Data   RO         1208    Region$$Table       anon$$obj.o


    Execution Region RW_IRAM (Base: 0x20000000, Size: 0x00000158, Max: 0x00010000, ABSOLUTE)

    Base Addr    Size         Type   Attr      Idx    E Section Name        Object

    0x20000000   0x0000000c   Data   RW          102    .data               wifly.o
    0x2000000c   0x0000000c   Data   RW          174    .data               rit128x96x4.o
    0x20000018   0x00000040   Zero   RW          101    .bss                wifly.o
    0x20000058   0x00000100   Zero   RW           83    STACK               startup_rvmdk.o


==============================================================================

Image component sizes


      Code (inc. data)   RO Data    RW Data    ZI Data      Debug   Object Name

       124         50          0          0          0        459   main.o
       772         86        571         12          0       5293   rit128x96x4.o
       280        244          0          0        256        512   startup_rvmdk.o
       510         70          0         12         64       4727   wifly.o
         0          0          0          0          0       1444   zone.o

    ----------------------------------------------------------------------
      1688        450        604         24        320      12435   Object Totals
         0          0         32          0          0          0   (incl. Generated)
         2          0          1          0          0          0   (incl. Padding)

    ----------------------------------------------------------------------

      Code (inc. data)   RO Data    RW Data    ZI Data      Debug   Library Member Name

        26          0          0          0          0        316   cpu.o
       306          0          0          0          0       6530   gpio.o
       114          0          0          0          0        994   interrupt.o
       116          0          0          0          0       2525   ssi.o
       834         76        156          0          0       3771   sysctl.o
       176          0          0          0          0       4201   uart.o
         0          0          0          0          0          0   entry.o
         8          4          0          0          0          0   entry2.o
         4          0          0          0          0          0   entry5.o
         0          0          0          0          0          0   entry7b.o
         8          4          0          0          0          0   entry8.o
        30          0          0          0          0          0   handlers.o
        36          8          0          0          0         68   init.o
        16          0          0          0          0         68   strlen.o

    ----------------------------------------------------------------------
      1684         92        156          0          0      18473   Library Totals
        10          0          0          0          0          0   (incl. Padding)

    ----------------------------------------------------------------------

      Code (inc. data)   RO Data    RW Data    ZI Data      Debug   Library Name

      1572         76        156          0          0      18337   driverlib.lib
       102         16          0          0          0        136   mc_w.l

    ----------------------------------------------------------------------
      1684         92        156          0          0      18473   Library Totals

    ----------------------------------------------------------------------

==============================================================================


      Code (inc. data)   RO Data    RW Data    ZI Data      Debug   

      3372        542        760         24        320      29282   Grand Totals
      3372        542        760         24        320      29282   ELF Image Totals
      3372        542        760         24          0          0   ROM Totals

==============================================================================

    Total RO  Size (Code + RO Data)                 4132 (   4.04kB)
    Total RW  Size (RW Data + ZI Data)               344 (   0.34kB)
    Total ROM Size (Code + RO Data + RW Data)       4156 (   4.06kB)

==============================================================================

