<html>
<body>
<pre>
<h1>µVision Build Log</h1>
<h2>Project:</h2>
C:\Documents and Settings\Administrator\My Documents\GitHub\Mist\controller\testbed\mist_test.uvproj
Project File Date:  03/04/2013

<h2>Output:</h2>
Rebuild target 'mist_test'
compiling zone.c...
compiling main.c...
assembling startup_rvmdk.S...
compiling wifly.c...
wifly.c(17): error:  #40: expected an identifier
wifly.c(17): error:  #40: expected an identifier
wifly.c(17): error:  #40: expected an identifier
wifly.c(17): error:  #40: expected an identifier
wifly.c(17): warning:  #1294-D: Old-style function AddIndexFifo
wifly.c(20): error:  #99: a declaration here must declare a parameter
wifly.c(20): error:  #65: expected a ";"
wifly.c(62): warning: At end of source:  #12-D: parsing restarts here after previous syntax error
wifly.c(62): error: At end of source:  #130: expected a "{"
wifly.c(62): error: At end of source:  #67: expected a "}"
compiling rit128x96x4.c...
Target not created
Rebuild target 'mist_test'
compiling zone.c...
compiling main.c...
assembling startup_rvmdk.S...
compiling wifly.c...
wifly.c(17): error:  #40: expected an identifier
wifly.c(17): error:  #40: expected an identifier
wifly.c(17): error:  #40: expected an identifier
wifly.c(17): error:  #40: expected an identifier
wifly.c(17): warning:  #1294-D: Old-style function AddIndexFifo
wifly.c(20): error:  #99: a declaration here must declare a parameter
wifly.c(20): error:  #65: expected a ";"
wifly.c(62): warning: At end of source:  #12-D: parsing restarts here after previous syntax error
wifly.c(62): error: At end of source:  #130: expected a "{"
wifly.c(62): error: At end of source:  #67: expected a "}"
compiling rit128x96x4.c...
Target not created
Rebuild target 'mist_test'
compiling zone.c...
compiling main.c...
assembling startup_rvmdk.S...
compiling wifly.c...
wifly.c(17): error:  #40: expected an identifier
wifly.c(17): error:  #40: expected an identifier
wifly.c(17): error:  #40: expected an identifier
wifly.c(17): error:  #40: expected an identifier
wifly.c(17): warning:  #1294-D: Old-style function AddIndexFifo
wifly.c(20): error:  #99: a declaration here must declare a parameter
wifly.c(20): error:  #65: expected a ";"
wifly.c(62): warning: At end of source:  #12-D: parsing restarts here after previous syntax error
wifly.c(62): error: At end of source:  #130: expected a "{"
wifly.c(62): error: At end of source:  #67: expected a "}"
compiling rit128x96x4.c...
Target not created
Rebuild target 'mist_test'
compiling zone.c...
compiling main.c...
assembling startup_rvmdk.S...
compiling wifly.c...
wifly.c(17): error:  #40: expected an identifier
wifly.c(17): error:  #40: expected an identifier
wifly.c(17): error:  #40: expected an identifier
wifly.c(17): error:  #40: expected an identifier
wifly.c(17): warning:  #77-D: this declaration has no storage class or type specifier
wifly.c(17): error:  #92: identifier-list parameters may only be used in a function definition
wifly.c(26): warning:  #223-D: function "RxFifo_Put" declared implicitly
compiling rit128x96x4.c...
Target not created
Rebuild target 'mist_test'
compiling zone.c...
compiling main.c...
assembling startup_rvmdk.S...
compiling wifly.c...
wifly.c(16): error:  #40: expected an identifier
wifly.c(16): error:  #40: expected an identifier
wifly.c(16): error:  #40: expected an identifier
wifly.c(16): error:  #40: expected an identifier
wifly.c(16): warning:  #1294-D: Old-style function AddIndexFifo
wifly.c(19): error:  #99: a declaration here must declare a parameter
wifly.c(19): error:  #65: expected a ";"
wifly.c(61): warning: At end of source:  #12-D: parsing restarts here after previous syntax error
wifly.c(61): error: At end of source:  #130: expected a "{"
wifly.c(61): error: At end of source:  #67: expected a "}"
compiling rit128x96x4.c...
Target not created
Rebuild target 'mist_test'
compiling zone.c...
compiling main.c...
assembling startup_rvmdk.S...
compiling wifly.c...
wifly.c(62): error: At end of source:  #67: expected a "}"
compiling rit128x96x4.c...
Target not created
Rebuild target 'mist_test'
compiling zone.c...
compiling main.c...
assembling startup_rvmdk.S...
compiling wifly.c...
wifly.c(62): error: At end of source:  #67: expected a "}"
compiling rit128x96x4.c...
Target not created
Rebuild target 'mist_test'
compiling zone.c...
compiling main.c...
assembling startup_rvmdk.S...
compiling wifly.c...
wifly.c(57): error: At end of source:  #67: expected a "}"
compiling rit128x96x4.c...
Target not created
Rebuild target 'mist_test'
compiling zone.c...
compiling main.c...
assembling startup_rvmdk.S...
compiling wifly.c...
wifly.c(59): warning:  #1-D: last line of file ends without a newline
fifo.h(32): error: A1163E: Unknown opcode asm , expecting opcode or Macro
fifo.h(36): error: A1137E: Unexpected characters at end of line
fifo.h(40): error: A1163E: Unknown opcode asm , expecting opcode or Macro
fifo.h(43): error: A1137E: Unexpected characters at end of line
fifo.h(44): error: A1167E: Invalid line start 
fifo.h(52): error: A1163E: Unknown opcode char , expecting opcode or Macro
fifo.h(55): error: A1163E: Unknown opcode TxFifo_Init(void) , expecting opcode or Macro
fifo.h(58): error: A1163E: Unknown opcode TxFifo_Put(txDataType , expecting opcode or Macro
fifo.h(61): error: A1163E: Unknown opcode TxFifo_Get(txDataType , expecting opcode or Macro
fifo.h(64): error: A1163E: Unknown opcode short , expecting opcode or Macro
fifo.h(72): error: A1163E: Unknown opcode char , expecting opcode or Macro
fifo.h(75): error: A1163E: Unknown opcode RxFifo_Init(void) , expecting opcode or Macro
fifo.h(78): error: A1163E: Unknown opcode RxFifo_Put(rxDataType , expecting opcode or Macro
fifo.h(81): error: A1163E: Unknown opcode RxFifo_Get(rxDataType , expecting opcode or Macro
fifo.h(84): error: A1163E: Unknown opcode short , expecting opcode or Macro
C:\Keil\ARM\ARMCC\bin\..\include\string.h(41): error: A1163E: Unknown opcode typedef , expecting opcode or Macro
C:\Keil\ARM\ARMCC\bin\..\include\string.h(50): error: A1163E: Unknown opcode __declspec(__nothrow) , expecting opcode or Macro
C:\Keil\ARM\ARMCC\bin\..\include\string.h(51): error: A1163E: Unknown opcode const , expecting opcode or Macro
C:\Keil\ARM\ARMCC\bin\..\include\string.h(58): error: A1163E: Unknown opcode __declspec(__nothrow) , expecting opcode or Macro
C:\Keil\ARM\ARMCC\bin\..\include\string.h(59): error: A1163E: Unknown opcode const , expecting opcode or Macro
C:\Keil\ARM\ARMCC\bin\..\include\string.h(69): error: A1163E: Unknown opcode __declspec(__nothrow) , expecting opcode or Macro
C:\Keil\ARM\ARMCC\bin\..\include\string.h(76): error: A1163E: Unknown opcode __declspec(__nothrow) , expecting opcode or Macro
C:\Keil\ARM\ARMCC\bin\..\include\string.h(85): error: A1163E: Unknown opcode __declspec(__nothrow) , expecting opcode or Macro
C:\Keil\ARM\ARMCC\bin\..\include\string.h(92): error: A1163E: Unknown opcode __declspec(__nothrow) , expecting opcode or Macro
C:\Keil\ARM\ARMCC\bin\..\include\string.h(109): error: A1163E: Unknown opcode __declspec(__nothrow) , expecting opcode or Macro
C:\Keil\ARM\ARMCC\bin\..\include\string.h(117): error: A1163E: Unknown opcode __declspec(__nothrow) , expecting opcode or Macro
C:\Keil\ARM\ARMCC\bin\..\include\string.h(124): error: A1163E: Unknown opcode __declspec(__nothrow) , expecting opcode or Macro
C:\Keil\ARM\ARMCC\bin\..\include\string.h(133): error: A1163E: Unknown opcode __declspec(__nothrow) , expecting opcode or Macro
C:\Keil\ARM\ARMCC\bin\..\include\string.h(141): error: A1163E: Unknown opcode __declspec(__nothrow) , expecting opcode or Macro
C:\Keil\ARM\ARMCC\bin\..\include\string.h(150): error: A1163E: Unknown opcode __declspec(__nothrow) , expecting opcode or Macro
C:\Keil\ARM\ARMCC\bin\..\include\string.h(161): error: A1163E: Unknown opcode __declspec(__nothrow) , expecting opcode or Macro
C:\Keil\ARM\ARMCC\bin\..\include\string.h(185): error: A1163E: Unknown opcode __declspec(__nothrow) , expecting opcode or Macro
C:\Keil\ARM\ARMCC\bin\..\include\string.h(201): error: A1163E: Unknown opcode __declspec(__nothrow) , expecting opcode or Macro
C:\Keil\ARM\ARMCC\bin\..\include\string.h(210): error: A1163E: Unknown opcode __declspec(__nothrow) , expecting opcode or Macro
C:\Keil\ARM\ARMCC\bin\..\include\string.h(224): error: A1163E: Unknown opcode __declspec(__nothrow) , expecting opcode or Macro
C:\Keil\ARM\ARMCC\bin\..\include\string.h(239): error: A1163E: Unknown opcode __declspec(__nothrow) , expecting opcode or Macro
C:\Keil\ARM\ARMCC\bin\..\include\string.h(249): error: A1163E: Unknown opcode __declspec(__nothrow) , expecting opcode or Macro
C:\Keil\ARM\ARMCC\bin\..\include\string.h(262): error: A1163E: Unknown opcode __declspec(__nothrow) , expecting opcode or Macro
C:\Keil\ARM\ARMCC\bin\..\include\string.h(272): error: A1163E: Unknown opcode __declspec(__nothrow) , expecting opcode or Macro
C:\Keil\ARM\ARMCC\bin\..\include\string.h(273): error: A1163E: Unknown opcode __declspec(__nothrow) , expecting opcode or Macro
C:\Keil\ARM\ARMCC\bin\..\include\string.h(275): error: A1163E: Unknown opcode __declspec(__nothrow) , expecting opcode or Macro
C:\Keil\ARM\ARMCC\bin\..\include\string.h(313): error: A1163E: Unknown opcode __declspec(__nothrow) , expecting opcode or Macro
C:\Keil\ARM\ARMCC\bin\..\include\string.h(319): error: A1163E: Unknown opcode __declspec(__nothrow) , expecting opcode or Macro
C:\Keil\ARM\ARMCC\bin\..\include\string.h(327): error: A1163E: Unknown opcode __declspec(__nothrow) , expecting opcode or Macro
C:\Keil\ARM\ARMCC\bin\..\include\string.h(334): error: A1163E: Unknown opcode __declspec(__nothrow) , expecting opcode or Macro
C:\Keil\ARM\ARMCC\bin\..\include\string.h(354): error: A1163E: Unknown opcode __declspec(__nothrow) , expecting opcode or Macro
C:\Keil\ARM\ARMCC\bin\..\include\string.h(380): error: A1163E: Unknown opcode __declspec(__nothrow) , expecting opcode or Macro
C:\Keil\ARM\ARMCC\bin\..\include\string.h(381): error: A1163E: Unknown opcode __declspec(__nothrow) , expecting opcode or Macro
C:\Keil\ARM\ARMCC\bin\..\include\string.h(382): error: A1163E: Unknown opcode __declspec(__nothrow) , expecting opcode or Macro
C:\Keil\ARM\ARMCC\bin\..\include\string.h(383): error: A1163E: Unknown opcode __declspec(__nothrow) , expecting opcode or Macro
compiling rit128x96x4.c...
Target not created
Rebuild target 'mist_test'
compiling zone.c...
compiling main.c...
assembling startup_rvmdk.S...
compiling wifly.c...
wifly.c(62): warning:  #1-D: last line of file ends without a newline
wifly.c(62): error: At end of source:  #67: expected a "}"
compiling rit128x96x4.c...
Target not created
Build target 'mist_test'
compiling wifly.c...
wifly.c(62): warning:  #1-D: last line of file ends without a newline
wifly.c(62): error: At end of source:  #67: expected a "}"
Target not created
Build target 'mist_test'
compiling wifly.c...
wifly.c(62): warning:  #1-D: last line of file ends without a newline
wifly.c(62): error: At end of source:  #67: expected a "}"
Target not created
Build target 'mist_test'
compiling wifly.c...
wifly.c(62): warning:  #1-D: last line of file ends without a newline
wifly.c(62): error: At end of source:  #67: expected a "}"
Target not created
Build target 'mist_test'
compiling wifly.c...
wifly.c(62): warning:  #1-D: last line of file ends without a newline
wifly.c(62): error: At end of source:  #67: expected a "}"
Target not created
Rebuild target 'mist_test'
compiling zone.c...
compiling main.c...
assembling startup_rvmdk.S...
compiling wifly.c...
wifly.c(62): error: At end of source:  #67: expected a "}"
compiling rit128x96x4.c...
Target not created
Rebuild target 'mist_test'
compiling zone.c...
compiling main.c...
assembling startup_rvmdk.S...
compiling wifly.c...
wifly.c(62): error: At end of source:  #67: expected a "}"
compiling rit128x96x4.c...
Target not created
Rebuild target 'mist_test'
compiling zone.c...
compiling main.c...
assembling startup_rvmdk.S...
compiling wifly.c...
fifo.h(33): warning:  #1267-D: Implicit physical register R0 should be defined as a variable
fifo.h(33): error:  #3061: unrecognized instruction opcode
fifo.h(34): error:  #3061: unrecognized instruction opcode
fifo.h(35): error:  #1084: This instruction not permitted in inline assembler
fifo.h(37): warning:  #940-D: missing return statement at end of non-void function "StartCritical"
fifo.h(35): error:  #114: label "LR" was referenced but not defined
fifo.h(41): warning:  #1267-D: Implicit physical register R0 should be defined as a variable
fifo.h(41): error:  #549: variable "R0" is used before its value is set
fifo.h(42): error:  #1084: This instruction not permitted in inline assembler
fifo.h(44): error:  #29: expected an expression
fifo.h(52): warning:  #12-D: parsing restarts here after previous syntax error
fifo.h(55): error:  #268: declaration may not appear after executable statement in block
fifo.h(42): error:  #114: label "LR" was referenced but not defined
fifo.h(55): error:  #67: expected a "}"
fifo.h(58): error:  #20: identifier "txDataType" is undefined
fifo.h(61): error:  #20: identifier "txDataType" is undefined
compiling rit128x96x4.c...
Target not created
Rebuild target 'mist_test'
compiling zone.c...
compiling main.c...
assembling startup_rvmdk.S...
compiling wifly.c...
fifo.h(32): error:  #20: identifier "asm" is undefined
fifo.h(32): error:  #65: expected a ";"
fifo.h(36): warning:  #12-D: parsing restarts here after previous syntax error
fifo.h(37): warning:  #940-D: missing return statement at end of non-void function "StartCritical"
fifo.h(40): error:  #20: identifier "asm" is undefined
fifo.h(40): error:  #65: expected a ";"
fifo.h(52): warning:  #12-D: parsing restarts here after previous syntax error
fifo.h(55): error:  #268: declaration may not appear after executable statement in block
fifo.h(55): error:  #67: expected a "}"
fifo.h(58): error:  #20: identifier "txDataType" is undefined
fifo.h(61): error:  #20: identifier "txDataType" is undefined
compiling rit128x96x4.c...
Target not created
Rebuild target 'mist_test'
compiling zone.c...
compiling main.c...
assembling startup_rvmdk.S...
compiling wifly.c...
fifo.h(32): error:  #20: identifier "asm" is undefined
fifo.h(32): error:  #65: expected a ";"
fifo.h(36): warning:  #12-D: parsing restarts here after previous syntax error
fifo.h(37): warning:  #940-D: missing return statement at end of non-void function "StartCritical"
fifo.h(40): error:  #20: identifier "asm" is undefined
fifo.h(40): error:  #65: expected a ";"
fifo.h(52): warning:  #12-D: parsing restarts here after previous syntax error
fifo.h(55): error:  #268: declaration may not appear after executable statement in block
fifo.h(55): error:  #67: expected a "}"
fifo.h(58): error:  #20: identifier "txDataType" is undefined
fifo.h(61): error:  #20: identifier "txDataType" is undefined
compiling rit128x96x4.c...
Target not created
Rebuild target 'mist_test'
compiling zone.c...
compiling main.c...
assembling startup_rvmdk.S...
compiling wifly.c...
fifo.h(32): error:  #20: identifier "asm" is undefined
fifo.h(32): error:  #65: expected a ";"
fifo.h(36): warning:  #12-D: parsing restarts here after previous syntax error
fifo.h(37): warning:  #940-D: missing return statement at end of non-void function "StartCritical"
fifo.h(40): error:  #20: identifier "asm" is undefined
fifo.h(40): error:  #65: expected a ";"
fifo.h(43): warning:  #12-D: parsing restarts here after previous syntax error
fifo.h(44): error:  #29: expected an expression
fifo.h(52): warning:  #12-D: parsing restarts here after previous syntax error
fifo.h(55): error:  #268: declaration may not appear after executable statement in block
fifo.h(55): error:  #67: expected a "}"
fifo.h(58): error:  #20: identifier "txDataType" is undefined
fifo.h(61): error:  #20: identifier "txDataType" is undefined
compiling rit128x96x4.c...
Target not created
Rebuild target 'mist_test'
compiling zone.c...
compiling main.c...
assembling startup_rvmdk.S...
compiling wifly.c...
fifo.h(32): error:  #20: identifier "asm" is undefined
fifo.h(32): error:  #65: expected a ";"
fifo.h(37): warning:  #12-D: parsing restarts here after previous syntax error
fifo.h(37): warning:  #940-D: missing return statement at end of non-void function "StartCritical"
fifo.h(40): error:  #20: identifier "asm" is undefined
fifo.h(40): error:  #65: expected a ";"
fifo.h(52): warning:  #12-D: parsing restarts here after previous syntax error
fifo.h(55): error:  #268: declaration may not appear after executable statement in block
fifo.h(55): error:  #67: expected a "}"
fifo.h(58): error:  #20: identifier "txDataType" is undefined
fifo.h(61): error:  #20: identifier "txDataType" is undefined
compiling rit128x96x4.c...
Target not created
Rebuild target 'mist_test'
compiling zone.c...
compiling main.c...
assembling startup_rvmdk.S...
compiling wifly.c...
wifly.c(62): error: At end of source:  #67: expected a "}"
compiling rit128x96x4.c...
Target not created
Rebuild target 'mist_test'
compiling zone.c...
compiling main.c...
assembling startup_rvmdk.S...
compiling wifly.c...
fifo.h(32): error: A1163E: Unknown opcode asm , expecting opcode or Macro
fifo.h(36): error: A1137E: Unexpected characters at end of line
fifo.h(40): error: A1163E: Unknown opcode asm , expecting opcode or Macro
fifo.h(43): error: A1137E: Unexpected characters at end of line
fifo.h(44): error: A1167E: Invalid line start 
compiling rit128x96x4.c...
Target not created
Rebuild target 'mist_test'
compiling zone.c...
compiling main.c...
assembling startup_rvmdk.S...
compiling wifly.c...
fifo.h(34): error:  #3061: unrecognized instruction opcode
fifo.h(35): error:  #3061: unrecognized instruction opcode
fifo.h(43): error:  #549: variable "R0" is used before its value is set
fifo.h(45): error:  #29: expected an expression
fifo.h(53): warning:  #12-D: parsing restarts here after previous syntax error
fifo.h(56): error:  #268: declaration may not appear after executable statement in block
fifo.h(56): error:  #67: expected a "}"
fifo.h(59): error:  #20: identifier "txDataType" is undefined
fifo.h(62): error:  #20: identifier "txDataType" is undefined
compiling rit128x96x4.c...
Target not created
Rebuild target 'mist_test'
compiling zone.c...
compiling main.c...
assembling startup_rvmdk.S...
compiling wifly.c...
fifo.h(34): error:  #3061: unrecognized instruction opcode
fifo.h(35): error:  #3061: unrecognized instruction opcode
fifo.h(44): error:  #29: expected an expression
fifo.h(52): warning:  #12-D: parsing restarts here after previous syntax error
fifo.h(55): error:  #268: declaration may not appear after executable statement in block
fifo.h(55): error:  #67: expected a "}"
fifo.h(58): error:  #20: identifier "txDataType" is undefined
fifo.h(61): error:  #20: identifier "txDataType" is undefined
compiling rit128x96x4.c...
Target not created
Rebuild target 'mist_test'
compiling zone.c...
compiling main.c...
assembling startup_rvmdk.S...
compiling wifly.c...
fifo.h(34): error:  #3061: unrecognized instruction opcode
fifo.h(35): error:  #3061: unrecognized instruction opcode
fifo.h(44): error:  #29: expected an expression
fifo.h(52): warning:  #12-D: parsing restarts here after previous syntax error
fifo.h(55): error:  #268: declaration may not appear after executable statement in block
fifo.h(55): error:  #67: expected a "}"
fifo.h(58): error:  #20: identifier "txDataType" is undefined
fifo.h(61): error:  #20: identifier "txDataType" is undefined
compiling rit128x96x4.c...
Target not created
Rebuild target 'mist_test'
compiling zone.c...
compiling main.c...
assembling startup_rvmdk.S...
compiling wifly.c...
compiling rit128x96x4.c...
linking...
mist_test.axf: Error: L6218E: Undefined symbol EndCritical (referred from wifly.o).
mist_test.axf: Error: L6218E: Undefined symbol StartCritical (referred from wifly.o).
Target not created
Rebuild target 'mist_test'
compiling zone.c...
compiling main.c...
assembling startup_rvmdk.S...
compiling wifly.c...
compiling rit128x96x4.c...
linking...
Program Size: Code=3144 RO-data=760 RW-data=20 ZI-data=276  
User command #1: fromelf --bin --output .\mist_test.bin .\mist_test.axf
"mist_test.axf" - 0 Error(s), 0 Warning(s).
Rebuild target 'mist_test'
compiling zone.c...
compiling main.c...
assembling startup_rvmdk.S...
compiling wifly.c...
compiling rit128x96x4.c...
linking...
Program Size: Code=3144 RO-data=760 RW-data=20 ZI-data=276  
User command #1: fromelf --bin --output .\mist_test.bin .\mist_test.axf
"mist_test.axf" - 0 Error(s), 0 Warning(s).
Rebuild target 'mist_test'
compiling zone.c...
compiling main.c...
assembling startup_rvmdk.S...
compiling wifly.c...
compiling rit128x96x4.c...
linking...
Program Size: Code=3204 RO-data=760 RW-data=20 ZI-data=276  
User command #1: fromelf --bin --output .\mist_test.bin .\mist_test.axf
"mist_test.axf" - 0 Error(s), 0 Warning(s).
Rebuild target 'mist_test'
compiling zone.c...
compiling main.c...
assembling startup_rvmdk.S...
compiling wifly.c...
compiling rit128x96x4.c...
linking...
Program Size: Code=3204 RO-data=760 RW-data=20 ZI-data=276  
User command #1: fromelf --bin --output .\mist_test.bin .\mist_test.axf
"mist_test.axf" - 0 Error(s), 0 Warning(s).
Load "C:\\Documents and Settings\\Administrator\\My Documents\\GitHub\\Mist\\controller\\testbed\\mist_test.AXF" 
Connecting: Mode=JTAG, Speed=1000000Hz
Connection failed!, error code=&d
Load "C:\\Documents and Settings\\Administrator\\My Documents\\GitHub\\Mist\\controller\\testbed\\mist_test.AXF" 
Connecting: Mode=JTAG, Speed=1000000Hz
Erase Done.
Programming Done.
Verify OK.
Rebuild target 'mist_test'
compiling zone.c...
compiling main.c...
assembling startup_rvmdk.S...
compiling wifly.c...
compiling rit128x96x4.c...
linking...
Program Size: Code=3204 RO-data=760 RW-data=20 ZI-data=276  
User command #1: fromelf --bin --output .\mist_test.bin .\mist_test.axf
"mist_test.axf" - 0 Error(s), 0 Warning(s).
Load "C:\\Documents and Settings\\Administrator\\My Documents\\GitHub\\Mist\\controller\\testbed\\mist_test.AXF" 
Connecting: Mode=JTAG, Speed=1000000Hz
Erase Done.
Programming Done.
Verify OK.
Rebuild target 'mist_test'
compiling zone.c...
compiling main.c...
assembling startup_rvmdk.S...
compiling wifly.c...
wifly.c(25): error:  #268: declaration may not appear after executable statement in block
wifly.c(25): warning:  #550-D: variable "s" was set but never used
compiling rit128x96x4.c...
Target not created
Rebuild target 'mist_test'
compiling zone.c...
compiling main.c...
assembling startup_rvmdk.S...
compiling wifly.c...
wifly.c(22): warning:  #550-D: variable "s" was set but never used
compiling rit128x96x4.c...
linking...
Program Size: Code=3204 RO-data=760 RW-data=20 ZI-data=276  
User command #1: fromelf --bin --output .\mist_test.bin .\mist_test.axf
"mist_test.axf" - 0 Error(s), 1 Warning(s).
Load "C:\\Documents and Settings\\Administrator\\My Documents\\GitHub\\Mist\\controller\\testbed\\mist_test.AXF" 
Connecting: Mode=JTAG, Speed=1000000Hz
Erase Done.
Programming Done.
Verify OK.
Rebuild target 'mist_test'
compiling zone.c...
compiling main.c...
assembling startup_rvmdk.S...
compiling wifly.c...
wifly.c(22): warning:  #550-D: variable "s" was set but never used
compiling rit128x96x4.c...
linking...
Program Size: Code=3204 RO-data=760 RW-data=20 ZI-data=388  
User command #1: fromelf --bin --output .\mist_test.bin .\mist_test.axf
"mist_test.axf" - 0 Error(s), 1 Warning(s).
Rebuild target 'mist_test'
compiling zone.c...
compiling main.c...
assembling startup_rvmdk.S...
compiling wifly.c...
compiling rit128x96x4.c...
linking...
Program Size: Code=3204 RO-data=760 RW-data=20 ZI-data=388  
User command #1: fromelf --bin --output .\mist_test.bin .\mist_test.axf
"mist_test.axf" - 0 Error(s), 0 Warning(s).
Rebuild target 'mist_test'
compiling zone.c...
compiling main.c...
assembling startup_rvmdk.S...
compiling wifly.c...
wifly.c(62): error:  #165: too few arguments in function call
compiling rit128x96x4.c...
Target not created
Rebuild target 'mist_test'
compiling zone.c...
compiling main.c...
assembling startup_rvmdk.S...
compiling wifly.c...
wifly.c(63): error:  #167: argument of type "char" is incompatible with parameter of type "char *"
compiling rit128x96x4.c...
Target not created
Rebuild target 'mist_test'
compiling zone.c...
compiling main.c...
assembling startup_rvmdk.S...
compiling wifly.c...
compiling rit128x96x4.c...
linking...
Program Size: Code=3268 RO-data=760 RW-data=20 ZI-data=388  
User command #1: fromelf --bin --output .\mist_test.bin .\mist_test.axf
"mist_test.axf" - 0 Error(s), 0 Warning(s).
Rebuild target 'mist_test'
compiling zone.c...
compiling main.c...
assembling startup_rvmdk.S...
compiling wifly.c...
compiling rit128x96x4.c...
linking...
Program Size: Code=3268 RO-data=760 RW-data=20 ZI-data=388  
User command #1: fromelf --bin --output .\mist_test.bin .\mist_test.axf
"mist_test.axf" - 0 Error(s), 0 Warning(s).
Rebuild target 'mist_test'
compiling zone.c...
compiling main.c...
assembling startup_rvmdk.S...
compiling wifly.c...
compiling rit128x96x4.c...
linking...
Program Size: Code=3268 RO-data=760 RW-data=20 ZI-data=388  
User command #1: fromelf --bin --output .\mist_test.bin .\mist_test.axf
"mist_test.axf" - 0 Error(s), 0 Warning(s).
Rebuild target 'mist_test'
compiling zone.c...
compiling main.c...
assembling startup_rvmdk.S...
compiling wifly.c...
wifly.c(57): error:  #20: identifier "i" is undefined
wifly.c(51): warning:  #177-D: variable "r_idx" was declared but never referenced
compiling rit128x96x4.c...
Target not created
Rebuild target 'mist_test'
compiling zone.c...
compiling main.c...
assembling startup_rvmdk.S...
compiling wifly.c...
wifly.c(57): error:  #20: identifier "i" is undefined
compiling rit128x96x4.c...
Target not created
Rebuild target 'mist_test'
compiling zone.c...
compiling main.c...
assembling startup_rvmdk.S...
compiling wifly.c...
compiling rit128x96x4.c...
linking...
Program Size: Code=3292 RO-data=760 RW-data=20 ZI-data=324  
User command #1: fromelf --bin --output .\mist_test.bin .\mist_test.axf
"mist_test.axf" - 0 Error(s), 0 Warning(s).
Rebuild target 'mist_test'
compiling zone.c...
compiling main.c...
assembling startup_rvmdk.S...
compiling wifly.c...
wifly.c(60): error:  #20: identifier "FIFOSUCESS" is undefined
wifly.c(62): error:  #65: expected a ";"
compiling rit128x96x4.c...
Target not created
Rebuild target 'mist_test'
compiling zone.c...
compiling main.c...
assembling startup_rvmdk.S...
compiling wifly.c...
wifly.c(62): error:  #65: expected a ";"
compiling rit128x96x4.c...
Target not created
Rebuild target 'mist_test'
compiling zone.c...
compiling main.c...
assembling startup_rvmdk.S...
compiling wifly.c...
compiling rit128x96x4.c...
linking...
Program Size: Code=3316 RO-data=760 RW-data=20 ZI-data=324  
User command #1: fromelf --bin --output .\mist_test.bin .\mist_test.axf
"mist_test.axf" - 0 Error(s), 0 Warning(s).
Load "C:\\Documents and Settings\\Administrator\\My Documents\\GitHub\\Mist\\controller\\testbed\\mist_test.AXF" 
Connecting: Mode=JTAG, Speed=1000000Hz
Erase Done.
Programming Done.
Verify OK.
Rebuild target 'mist_test'
compiling zone.c...
compiling main.c...
assembling startup_rvmdk.S...
compiling wifly.c...
wifly.c(64): error:  #137: expression must be a modifiable lvalue
compiling rit128x96x4.c...
Target not created
Rebuild target 'mist_test'
compiling zone.c...
compiling main.c...
assembling startup_rvmdk.S...
compiling wifly.c...
compiling rit128x96x4.c...
linking...
Program Size: Code=3320 RO-data=760 RW-data=20 ZI-data=324  
User command #1: fromelf --bin --output .\mist_test.bin .\mist_test.axf
"mist_test.axf" - 0 Error(s), 0 Warning(s).
Load "C:\\Documents and Settings\\Administrator\\My Documents\\GitHub\\Mist\\controller\\testbed\\mist_test.AXF" 
Connecting: Mode=JTAG, Speed=1000000Hz
Erase Done.
Programming Done.
Verify OK.
Rebuild target 'mist_test'
compiling zone.c...
compiling main.c...
assembling startup_rvmdk.S...
compiling wifly.c...
compiling rit128x96x4.c...
linking...
Program Size: Code=3320 RO-data=760 RW-data=20 ZI-data=324  
User command #1: fromelf --bin --output .\mist_test.bin .\mist_test.axf
"mist_test.axf" - 0 Error(s), 0 Warning(s).
Load "C:\\Documents and Settings\\Administrator\\My Documents\\GitHub\\Mist\\controller\\testbed\\mist_test.AXF" 
Connecting: Mode=JTAG, Speed=1000000Hz
Erase Done.
Programming Done.
Verify OK.
Rebuild target 'mist_test'
compiling zone.c...
compiling main.c...
assembling startup_rvmdk.S...
compiling wifly.c...
compiling rit128x96x4.c...
linking...
Program Size: Code=3340 RO-data=760 RW-data=20 ZI-data=324  
User command #1: fromelf --bin --output .\mist_test.bin .\mist_test.axf
"mist_test.axf" - 0 Error(s), 0 Warning(s).
Rebuild target 'mist_test'
compiling zone.c...
compiling main.c...
assembling startup_rvmdk.S...
compiling wifly.c...
compiling rit128x96x4.c...
linking...
Program Size: Code=3340 RO-data=760 RW-data=20 ZI-data=324  
User command #1: fromelf --bin --output .\mist_test.bin .\mist_test.axf
"mist_test.axf" - 0 Error(s), 0 Warning(s).
Load "C:\\Documents and Settings\\Administrator\\My Documents\\GitHub\\Mist\\controller\\testbed\\mist_test.AXF" 
Connecting: Mode=JTAG, Speed=1000000Hz
Erase Done.
Programming Done.
Verify OK.
Load "C:\\Documents and Settings\\Administrator\\My Documents\\GitHub\\Mist\\controller\\testbed\\mist_test.AXF" 
Connecting: Mode=JTAG, Speed=1000000Hz
Erase Done.
Programming Done.
Verify OK.
Rebuild target 'mist_test'
compiling zone.c...
compiling main.c...
assembling startup_rvmdk.S...
compiling wifly.c...
wifly.c(52): warning:  #260-D: explicit type is missing ("int" assumed)
compiling rit128x96x4.c...
linking...
Program Size: Code=3380 RO-data=760 RW-data=24 ZI-data=320  
User command #1: fromelf --bin --output .\mist_test.bin .\mist_test.axf
"mist_test.axf" - 0 Error(s), 1 Warning(s).
Rebuild target 'mist_test'
compiling zone.c...
compiling main.c...
assembling startup_rvmdk.S...
compiling wifly.c...
compiling rit128x96x4.c...
linking...
Program Size: Code=3392 RO-data=760 RW-data=24 ZI-data=320  
User command #1: fromelf --bin --output .\mist_test.bin .\mist_test.axf
"mist_test.axf" - 0 Error(s), 0 Warning(s).
Load "C:\\Documents and Settings\\Administrator\\My Documents\\GitHub\\Mist\\controller\\testbed\\mist_test.AXF" 
Connecting: Mode=JTAG, Speed=1000000Hz
Erase Done.
Programming Done.
Verify OK.
Rebuild target 'mist_test'
compiling zone.c...
compiling main.c...
assembling startup_rvmdk.S...
compiling wifly.c...
compiling rit128x96x4.c...
linking...
Program Size: Code=3392 RO-data=760 RW-data=24 ZI-data=320  
User command #1: fromelf --bin --output .\mist_test.bin .\mist_test.axf
"mist_test.axf" - 0 Error(s), 0 Warning(s).
Load "C:\\Documents and Settings\\Administrator\\My Documents\\GitHub\\Mist\\controller\\testbed\\mist_test.AXF" 
Connecting: Mode=JTAG, Speed=1000000Hz
Erase Done.
Programming Done.
Verify OK.
Rebuild target 'mist_test'
compiling zone.c...
compiling main.c...
assembling startup_rvmdk.S...
compiling wifly.c...
compiling rit128x96x4.c...
linking...
Program Size: Code=3388 RO-data=760 RW-data=24 ZI-data=320  
User command #1: fromelf --bin --output .\mist_test.bin .\mist_test.axf
"mist_test.axf" - 0 Error(s), 0 Warning(s).
Load "C:\\Documents and Settings\\Administrator\\My Documents\\GitHub\\Mist\\controller\\testbed\\mist_test.AXF" 
Connecting: Mode=JTAG, Speed=1000000Hz
Erase Done.
Programming Done.
Verify OK.
Load "C:\\Documents and Settings\\Administrator\\My Documents\\GitHub\\Mist\\controller\\testbed\\mist_test.AXF" 
Connecting: Mode=JTAG, Speed=1000000Hz
Erase Done.
Programming Done.
Verify OK.
Rebuild target 'mist_test'
compiling zone.c...
compiling main.c...
assembling startup_rvmdk.S...
compiling wifly.c...
compiling rit128x96x4.c...
linking...
Program Size: Code=3368 RO-data=760 RW-data=24 ZI-data=320  
User command #1: fromelf --bin --output .\mist_test.bin .\mist_test.axf
"mist_test.axf" - 0 Error(s), 0 Warning(s).
Load "C:\\Documents and Settings\\Administrator\\My Documents\\GitHub\\Mist\\controller\\testbed\\mist_test.AXF" 
Connecting: Mode=JTAG, Speed=1000000Hz
Erase Done.
Programming Done.
Verify OK.
Rebuild target 'mist_test'
compiling zone.c...
compiling main.c...
assembling startup_rvmdk.S...
compiling wifly.c...
compiling rit128x96x4.c...
linking...
Program Size: Code=3368 RO-data=760 RW-data=24 ZI-data=320  
User command #1: fromelf --bin --output .\mist_test.bin .\mist_test.axf
"mist_test.axf" - 0 Error(s), 0 Warning(s).
Load "C:\\Documents and Settings\\Administrator\\My Documents\\GitHub\\Mist\\controller\\testbed\\mist_test.AXF" 
Connecting: Mode=JTAG, Speed=1000000Hz
Erase Done.
Programming Done.
Verify OK.
Rebuild target 'mist_test'
compiling zone.c...
compiling main.c...
assembling startup_rvmdk.S...
compiling wifly.c...
compiling rit128x96x4.c...
linking...
Program Size: Code=3368 RO-data=760 RW-data=24 ZI-data=320  
User command #1: fromelf --bin --output .\mist_test.bin .\mist_test.axf
"mist_test.axf" - 0 Error(s), 0 Warning(s).
Load "C:\\Documents and Settings\\Administrator\\My Documents\\GitHub\\Mist\\controller\\testbed\\mist_test.AXF" 
Connecting: Mode=JTAG, Speed=1000000Hz
Erase Done.
Programming Done.
Verify OK.
Rebuild target 'mist_test'
compiling zone.c...
compiling main.c...
assembling startup_rvmdk.S...
compiling wifly.c...
compiling rit128x96x4.c...
linking...
Program Size: Code=3368 RO-data=760 RW-data=24 ZI-data=320  
User command #1: fromelf --bin --output .\mist_test.bin .\mist_test.axf
"mist_test.axf" - 0 Error(s), 0 Warning(s).
Load "C:\\Documents and Settings\\Administrator\\My Documents\\GitHub\\Mist\\controller\\testbed\\mist_test.AXF" 
Connecting: Mode=JTAG, Speed=1000000Hz
Erase Done.
Programming Done.
Verify OK.
Rebuild target 'mist_test'
compiling zone.c...
compiling main.c...
assembling startup_rvmdk.S...
compiling wifly.c...
compiling rit128x96x4.c...
linking...
Program Size: Code=3368 RO-data=760 RW-data=24 ZI-data=320  
User command #1: fromelf --bin --output .\mist_test.bin .\mist_test.axf
"mist_test.axf" - 0 Error(s), 0 Warning(s).
Load "C:\\Documents and Settings\\Administrator\\My Documents\\GitHub\\Mist\\controller\\testbed\\mist_test.AXF" 
Connecting: Mode=JTAG, Speed=1000000Hz
Erase Done.
Programming Done.
Verify OK.
Rebuild target 'mist_test'
compiling zone.c...
compiling main.c...
assembling startup_rvmdk.S...
compiling wifly.c...
compiling rit128x96x4.c...
linking...
Program Size: Code=3372 RO-data=760 RW-data=24 ZI-data=320  
User command #1: fromelf --bin --output .\mist_test.bin .\mist_test.axf
"mist_test.axf" - 0 Error(s), 0 Warning(s).
Load "C:\\Documents and Settings\\Administrator\\My Documents\\GitHub\\Mist\\controller\\testbed\\mist_test.AXF" 
Connecting: Mode=JTAG, Speed=1000000Hz
Erase Done.
Programming Done.
Verify OK.
Rebuild target 'mist_test'
compiling zone.c...
compiling main.c...
assembling startup_rvmdk.S...
compiling wifly.c...
compiling rit128x96x4.c...
linking...
Program Size: Code=3372 RO-data=760 RW-data=24 ZI-data=320  
User command #1: fromelf --bin --output .\mist_test.bin .\mist_test.axf
"mist_test.axf" - 0 Error(s), 0 Warning(s).
