<html>
<body>
<pre>
<h1>µVision Build Log</h1>
<h2>Project:</h2>
C:\Documents and Settings\Administrator\My Documents\GitHub\Mist\controller\testbed\mist_test.uvproj
Project File Date:  03/05/2013

<h2>Output:</h2>
Rebuild target 'mist_test'
compiling zone.c...
compiling main.c...
assembling startup_rvmdk.S...
compiling wifly.c...
wifly.c(136): warning:  #223-D: function "Rx_Fifo_Get" declared implicitly
wifly.c(139): error:  #20: identifier "c" is undefined
wifly.c(131): warning:  #550-D: variable "ip" was set but never used
compiling rit128x96x4.c...
compiling rgb_led.c...
Target not created
Rebuild target 'mist_test'
compiling zone.c...
compiling main.c...
assembling startup_rvmdk.S...
compiling wifly.c...
compiling rit128x96x4.c...
compiling rgb_led.c...
compiling demo.c...
linking...
mist_test.axf: Error: L6200E: Symbol __ARM_use_no_argv multiply defined (by demo.o and main.o).
mist_test.axf: Error: L6200E: Symbol main multiply defined (by demo.o and main.o).
mist_test.axf: Error: L6200E: Symbol WiFly_Init multiply defined (by demo.o and wifly.o).
mist_test.axf: Error: L6200E: Symbol UARTIntHandler multiply defined (by demo.o and wifly.o).
Target not created
Rebuild target 'mist_test'
compiling zone.c...
compiling main.c...
assembling startup_rvmdk.S...
compiling wifly.c...
compiling rit128x96x4.c...
compiling rgb_led.c...
linking...
Program Size: Code=2624 RO-data=760 RW-data=20 ZI-data=324  
User command #1: fromelf --bin --output .\mist_test.bin .\mist_test.axf
"mist_test.axf" - 0 Error(s), 0 Warning(s).
Load "C:\\Documents and Settings\\Administrator\\My Documents\\GitHub\\Mist\\controller\\testbed\\mist_test.AXF" 
Connecting: Mode=JTAG, Speed=1000000Hz
Erase Done.
Programming Done.
Verify OK.
