<html>
<body>
<pre>
<h1>µVision Build Log</h1>
<h2>Project:</h2>
C:\Documents and Settings\Administrator\Desktop\Student Files\Stellarisware\boards\ek-lm3s1968\uart_echo\uart_echo.uvproj
Project File Date:  02/11/2013

<h2>Output:</h2>
Rebuild target 'uart_echo'
compiling rit128x96x4.c...
assembling startup_rvmdk.S...
compiling uart_echo.c...
compiling jsmn.c...
linking...
Program Size: Code=3136 RO-data=1332 RW-data=16 ZI-data=256  
User command #1: fromelf --bin --output .\rvmdk\uart_echo.bin .\rvmdk\uart_echo.axf
".\rvmdk\uart_echo.axf" - 0 Error(s), 0 Warning(s).
Load "C:\\Documents and Settings\\Administrator\\Desktop\\Student Files\\Stellarisware\\boards\\ek-lm3s1968\\uart_echo\\rvmdk\\uart_echo.AXF" 
Connecting: Mode=JTAG, Speed=1000000Hz
Erase Done.
Programming Done.
Verify OK.
Rebuild target 'uart_echo'
compiling rit128x96x4.c...
assembling startup_rvmdk.S...
compiling uart_echo.c...
compiling jsmn.c...
linking...
Program Size: Code=3136 RO-data=1332 RW-data=16 ZI-data=256  
User command #1: fromelf --bin --output .\rvmdk\uart_echo.bin .\rvmdk\uart_echo.axf
".\rvmdk\uart_echo.axf" - 0 Error(s), 0 Warning(s).
Load "C:\\Documents and Settings\\Administrator\\Desktop\\Student Files\\Stellarisware\\boards\\ek-lm3s1968\\uart_echo\\rvmdk\\uart_echo.AXF" 
Connecting: Mode=JTAG, Speed=1000000Hz
Erase Done.
Programming Done.
Verify OK.
Rebuild target 'uart_echo'
compiling rit128x96x4.c...
assembling startup_rvmdk.S...
compiling uart_echo.c...
compiling jsmn.c...
linking...
Program Size: Code=3136 RO-data=1332 RW-data=16 ZI-data=256  
User command #1: fromelf --bin --output .\rvmdk\uart_echo.bin .\rvmdk\uart_echo.axf
".\rvmdk\uart_echo.axf" - 0 Error(s), 0 Warning(s).
Rebuild target 'uart_echo'
compiling rit128x96x4.c...
assembling startup_rvmdk.S...
compiling uart_echo.c...
compiling jsmn.c...
linking...
Program Size: Code=3136 RO-data=1332 RW-data=16 ZI-data=256  
User command #1: fromelf --bin --output .\rvmdk\uart_echo.bin .\rvmdk\uart_echo.axf
".\rvmdk\uart_echo.axf" - 0 Error(s), 0 Warning(s).
Load "C:\\Documents and Settings\\Administrator\\Desktop\\Student Files\\Stellarisware\\boards\\ek-lm3s1968\\uart_echo\\rvmdk\\uart_echo.AXF" 
Connecting: Mode=JTAG, Speed=1000000Hz
Erase Done.
Programming Done.
Verify OK.
Rebuild target 'uart_echo'
compiling rit128x96x4.c...
assembling startup_rvmdk.S...
compiling uart_echo.c...
compiling jsmn.c...
linking...
Program Size: Code=3136 RO-data=1332 RW-data=16 ZI-data=256  
User command #1: fromelf --bin --output .\rvmdk\uart_echo.bin .\rvmdk\uart_echo.axf
".\rvmdk\uart_echo.axf" - 0 Error(s), 0 Warning(s).
Rebuild target 'uart_echo'
compiling rit128x96x4.c...
assembling startup_rvmdk.S...
compiling uart_echo.c...
compiling jsmn.c...
linking...
Program Size: Code=3116 RO-data=1332 RW-data=16 ZI-data=256  
User command #1: fromelf --bin --output .\rvmdk\uart_echo.bin .\rvmdk\uart_echo.axf
".\rvmdk\uart_echo.axf" - 0 Error(s), 0 Warning(s).
Load "C:\\Documents and Settings\\Administrator\\Desktop\\Student Files\\Stellarisware\\boards\\ek-lm3s1968\\uart_echo\\rvmdk\\uart_echo.AXF" 
Connecting: Mode=JTAG, Speed=1000000Hz
Erase Done.
Programming Done.
Verify OK.
Rebuild target 'uart_echo'
compiling rit128x96x4.c...
assembling startup_rvmdk.S...
compiling uart_echo.c...
compiling jsmn.c...
linking...
Program Size: Code=3116 RO-data=1332 RW-data=16 ZI-data=256  
User command #1: fromelf --bin --output .\rvmdk\uart_echo.bin .\rvmdk\uart_echo.axf
".\rvmdk\uart_echo.axf" - 0 Error(s), 0 Warning(s).
Load "C:\\Documents and Settings\\Administrator\\Desktop\\Student Files\\Stellarisware\\boards\\ek-lm3s1968\\uart_echo\\rvmdk\\uart_echo.AXF" 
Connecting: Mode=JTAG, Speed=1000000Hz
Erase Done.
Programming Done.
Verify OK.
Rebuild target 'uart_echo'
compiling rit128x96x4.c...
assembling startup_rvmdk.S...
compiling uart_echo.c...
uart_echo.c(26): error:  #20: identifier "UARTCharGetUART0_BASE" is undefined
uart_echo.c(26): error:  #65: expected a ";"
compiling jsmn.c...
Target not created
Rebuild target 'uart_echo'
compiling rit128x96x4.c...
assembling startup_rvmdk.S...
compiling uart_echo.c...
compiling jsmn.c...
linking...
Program Size: Code=3112 RO-data=1332 RW-data=16 ZI-data=256  
User command #1: fromelf --bin --output .\rvmdk\uart_echo.bin .\rvmdk\uart_echo.axf
".\rvmdk\uart_echo.axf" - 0 Error(s), 0 Warning(s).
Load "C:\\Documents and Settings\\Administrator\\Desktop\\Student Files\\Stellarisware\\boards\\ek-lm3s1968\\uart_echo\\rvmdk\\uart_echo.AXF" 
Connecting: Mode=JTAG, Speed=1000000Hz
Erase Done.
Programming Done.
Verify OK.
Rebuild target 'uart_echo'
compiling rit128x96x4.c...
assembling startup_rvmdk.S...
compiling uart_echo.c...
compiling jsmn.c...
linking...
Program Size: Code=3140 RO-data=1332 RW-data=16 ZI-data=256  
User command #1: fromelf --bin --output .\rvmdk\uart_echo.bin .\rvmdk\uart_echo.axf
".\rvmdk\uart_echo.axf" - 0 Error(s), 0 Warning(s).
Load "C:\\Documents and Settings\\Administrator\\Desktop\\Student Files\\Stellarisware\\boards\\ek-lm3s1968\\uart_echo\\rvmdk\\uart_echo.AXF" 
Connecting: Mode=JTAG, Speed=1000000Hz
Erase Done.
Programming Done.
Verify OK.
Rebuild target 'uart_echo'
compiling rit128x96x4.c...
assembling startup_rvmdk.S...
compiling uart_echo.c...
compiling jsmn.c...
linking...
Program Size: Code=3136 RO-data=1332 RW-data=16 ZI-data=256  
User command #1: fromelf --bin --output .\rvmdk\uart_echo.bin .\rvmdk\uart_echo.axf
".\rvmdk\uart_echo.axf" - 0 Error(s), 0 Warning(s).
Load "C:\\Documents and Settings\\Administrator\\Desktop\\Student Files\\Stellarisware\\boards\\ek-lm3s1968\\uart_echo\\rvmdk\\uart_echo.AXF" 
Connecting: Mode=JTAG, Speed=1000000Hz
Erase Done.
Programming Done.
Verify OK.
Rebuild target 'uart_echo'
compiling rit128x96x4.c...
assembling startup_rvmdk.S...
compiling uart_echo.c...
compiling jsmn.c...
linking...
Program Size: Code=3096 RO-data=1332 RW-data=16 ZI-data=256  
User command #1: fromelf --bin --output .\rvmdk\uart_echo.bin .\rvmdk\uart_echo.axf
".\rvmdk\uart_echo.axf" - 0 Error(s), 0 Warning(s).
Load "C:\\Documents and Settings\\Administrator\\Desktop\\Student Files\\Stellarisware\\boards\\ek-lm3s1968\\uart_echo\\rvmdk\\uart_echo.AXF" 
Connecting: Mode=JTAG, Speed=1000000Hz
Erase Done.
Programming Done.
Verify OK.
Rebuild target 'uart_echo'
compiling rit128x96x4.c...
assembling startup_rvmdk.S...
compiling uart_echo.c...
compiling jsmn.c...
linking...
Program Size: Code=3100 RO-data=1332 RW-data=16 ZI-data=256  
User command #1: fromelf --bin --output .\rvmdk\uart_echo.bin .\rvmdk\uart_echo.axf
".\rvmdk\uart_echo.axf" - 0 Error(s), 0 Warning(s).
Load "C:\\Documents and Settings\\Administrator\\Desktop\\Student Files\\Stellarisware\\boards\\ek-lm3s1968\\uart_echo\\rvmdk\\uart_echo.AXF" 
Connecting: Mode=JTAG, Speed=1000000Hz
Erase Done.
Programming Done.
Verify OK.
Load "C:\\Documents and Settings\\Administrator\\Desktop\\Student Files\\Stellarisware\\boards\\ek-lm3s1968\\uart_echo\\rvmdk\\uart_echo.AXF" 
Connecting: Mode=JTAG, Speed=1000000Hz
Erase Done.
Programming Done.
Verify OK.
Rebuild target 'uart_echo'
compiling rit128x96x4.c...
assembling startup_rvmdk.S...
compiling uart_echo.c...
compiling jsmn.c...
linking...
Program Size: Code=3124 RO-data=1332 RW-data=16 ZI-data=256  
User command #1: fromelf --bin --output .\rvmdk\uart_echo.bin .\rvmdk\uart_echo.axf
".\rvmdk\uart_echo.axf" - 0 Error(s), 0 Warning(s).
Load "C:\\Documents and Settings\\Administrator\\Desktop\\Student Files\\Stellarisware\\boards\\ek-lm3s1968\\uart_echo\\rvmdk\\uart_echo.AXF" 
Connecting: Mode=JTAG, Speed=1000000Hz
Erase Done.
Programming Done.
Verify OK.
Rebuild target 'uart_echo'
compiling rit128x96x4.c...
assembling startup_rvmdk.S...
compiling uart_echo.c...
compiling jsmn.c...
linking...
Program Size: Code=3156 RO-data=1332 RW-data=16 ZI-data=256  
User command #1: fromelf --bin --output .\rvmdk\uart_echo.bin .\rvmdk\uart_echo.axf
".\rvmdk\uart_echo.axf" - 0 Error(s), 0 Warning(s).
Load "C:\\Documents and Settings\\Administrator\\Desktop\\Student Files\\Stellarisware\\boards\\ek-lm3s1968\\uart_echo\\rvmdk\\uart_echo.AXF" 
Connecting: Mode=JTAG, Speed=1000000Hz
Erase Done.
Programming Done.
Verify OK.
Rebuild target 'uart_echo'
compiling rit128x96x4.c...
assembling startup_rvmdk.S...
compiling uart_echo.c...
compiling jsmn.c...
linking...
Program Size: Code=3172 RO-data=1332 RW-data=16 ZI-data=256  
User command #1: fromelf --bin --output .\rvmdk\uart_echo.bin .\rvmdk\uart_echo.axf
".\rvmdk\uart_echo.axf" - 0 Error(s), 0 Warning(s).
Load "C:\\Documents and Settings\\Administrator\\Desktop\\Student Files\\Stellarisware\\boards\\ek-lm3s1968\\uart_echo\\rvmdk\\uart_echo.AXF" 
Connecting: Mode=JTAG, Speed=1000000Hz
Erase Done.
Programming Done.
Verify OK.
Rebuild target 'uart_echo'
compiling rit128x96x4.c...
assembling startup_rvmdk.S...
compiling uart_echo.c...
compiling jsmn.c...
linking...
Program Size: Code=3176 RO-data=1332 RW-data=16 ZI-data=256  
User command #1: fromelf --bin --output .\rvmdk\uart_echo.bin .\rvmdk\uart_echo.axf
".\rvmdk\uart_echo.axf" - 0 Error(s), 0 Warning(s).
Load "C:\\Documents and Settings\\Administrator\\Desktop\\Student Files\\Stellarisware\\boards\\ek-lm3s1968\\uart_echo\\rvmdk\\uart_echo.AXF" 
Connecting: Mode=JTAG, Speed=1000000Hz
Erase Done.
Programming Done.
Verify OK.
Rebuild target 'uart_echo'
compiling rit128x96x4.c...
assembling startup_rvmdk.S...
compiling uart_echo.c...
compiling jsmn.c...
linking...
Program Size: Code=3176 RO-data=1332 RW-data=16 ZI-data=256  
User command #1: fromelf --bin --output .\rvmdk\uart_echo.bin .\rvmdk\uart_echo.axf
".\rvmdk\uart_echo.axf" - 0 Error(s), 0 Warning(s).
Load "C:\\Documents and Settings\\Administrator\\Desktop\\Student Files\\Stellarisware\\boards\\ek-lm3s1968\\uart_echo\\rvmdk\\uart_echo.AXF" 
Connecting: Mode=JTAG, Speed=1000000Hz
Erase Done.
Programming Done.
Verify OK.
Rebuild target 'uart_echo'
compiling rit128x96x4.c...
assembling startup_rvmdk.S...
compiling uart_echo.c...
compiling jsmn.c...
linking...
Program Size: Code=3180 RO-data=1332 RW-data=16 ZI-data=256  
User command #1: fromelf --bin --output .\rvmdk\uart_echo.bin .\rvmdk\uart_echo.axf
".\rvmdk\uart_echo.axf" - 0 Error(s), 0 Warning(s).
Load "C:\\Documents and Settings\\Administrator\\Desktop\\Student Files\\Stellarisware\\boards\\ek-lm3s1968\\uart_echo\\rvmdk\\uart_echo.AXF" 
Connecting: Mode=JTAG, Speed=1000000Hz
Erase Done.
Programming Done.
Verify OK.
