ARM Linker, 4.1 [Build 894] [Evaluation]

==============================================================================

Section Cross References

    zone.o(i.Zone_Current) refers to zone.o(.data) for Current_Zone
    zone.o(i.Zone_Disable) refers to ssi.o(i.SSIBusy) for SSIBusy
    zone.o(i.Zone_Disable) refers to ssi.o(i.SSIDataPut) for SSIDataPut
    zone.o(i.Zone_Enable) refers to zone.o(i.Zone_Disable) for Zone_Disable
    zone.o(i.Zone_Enable) refers to ssi.o(i.SSIBusy) for SSIBusy
    zone.o(i.Zone_Enable) refers to ssi.o(i.SSIDataPut) for SSIDataPut
    zone.o(i.Zone_Enable) refers to zone.o(.data) for Current_Zone
    zone.o(i.Zone_Init) refers to sysctl.o(i.SysCtlPeripheralEnable) for SysCtlPeripheralEnable
    zone.o(i.Zone_Init) refers to gpio.o(i.GPIOPinTypeSSI) for GPIOPinTypeSSI
    zone.o(i.Zone_Init) refers to gpio.o(i.GPIOPadConfigSet) for GPIOPadConfigSet
    zone.o(i.Zone_Init) refers to ssi.o(i.SSIDisable) for SSIDisable
    zone.o(i.Zone_Init) refers to sysctl.o(i.SysCtlClockGet) for SysCtlClockGet
    zone.o(i.Zone_Init) refers to ssi.o(i.SSIConfigSetExpClk) for SSIConfigSetExpClk
    zone.o(i.Zone_Init) refers to ssi.o(i.SSIEnable) for SSIEnable
    zone.o(i.Zone_Init) refers to ssi.o(i.SSIBusy) for SSIBusy
    zone.o(i.Zone_Init) refers to ssi.o(i.SSIDataPut) for SSIDataPut
    main.o(i.main) refers to sysctl.o(i.SysCtlClockSet) for SysCtlClockSet
    main.o(i.main) refers to interrupt.o(i.IntMasterEnable) for IntMasterEnable
    main.o(i.main) refers to system_clock.o(i.SystemClock_Init) for SystemClock_Init
    main.o(i.main) refers to wifly.o(i.WiFly_Init) for WiFly_Init
    main.o(i.main) refers to wifly.o(i.WiFly_Time) for WiFly_Time
    main.o(i.main) refers to system_clock.o(i.SystemClock_Set) for SystemClock_Set
    main.o(i.main) refers to wifly.o(i.WiFly_Open) for WiFly_Open
    main.o(i.main) refers to schedule.o(i.scheduleExtract) for scheduleExtract
    main.o(i.main) refers to schedule.o(i.scheduleParse) for scheduleParse
    main.o(i.main) refers to main.o(.bss) for resp
    schedule.o(i.scheduleExtract) refers to strstr.o(.text) for strstr
    schedule.o(i.scheduleExtract) refers to strcpy.o(.text) for strcpy
    schedule.o(i.scheduleExtract) refers to schedule.o(.data) for JSON_START
    schedule.o(i.scheduleParse) refers to json.o(i.JSON_Parse) for JSON_Parse
    schedule.o(i.scheduleSort) refers to qsort.o(.text) for qsort
    schedule.o(i.scheduleSort) refers to schedule.o(i.compare) for compare
    schedule.o(i.scheduleSort) refers to schedule.o(.bss) for schedule
    schedule.o(.data) refers to schedule.o(.conststring) for .conststring
    wifly.o(i.WiFly_Init) refers to uart.o(i.UART_Init) for UART_Init
    wifly.o(i.WiFly_Init) refers to wifly.o(i.delay250ms) for delay250ms
    wifly.o(i.WiFly_Init) refers to wifly.o(i.WiFly_Adhoc_Off) for WiFly_Adhoc_Off
    wifly.o(i.WiFly_Init) refers to wifly.o(i.WiFly_Reset) for WiFly_Reset
    wifly.o(i.WiFly_Init) refers to wifly.o(i.WiFly_Send_Cmd) for WiFly_Send_Cmd
    wifly.o(i.WiFly_Match) refers to strlen.o(.text) for strlen
    wifly.o(i.WiFly_Match) refers to fifo.o(i.RxFifo_Get) for RxFifo_Get
    wifly.o(i.WiFly_Open) refers to fifo.o(i.RxFifo_Flush) for RxFifo_Flush
    wifly.o(i.WiFly_Open) refers to wifly.o(i.WiFly_Send) for WiFly_Send
    wifly.o(i.WiFly_Open) refers to sysctl.o(i.SysCtlClockGet) for SysCtlClockGet
    wifly.o(i.WiFly_Open) refers to sysctl.o(.emb_text) for SysCtlDelay
    wifly.o(i.WiFly_Open) refers to fifo.o(i.RxFifo_Get) for RxFifo_Get
    wifly.o(i.WiFly_Open) refers to wifly.o(.data) for CMD_RSP
    wifly.o(i.WiFly_Reset) refers to wifly.o(i.delay250ms) for delay250ms
    wifly.o(i.WiFly_Send) refers to wifly.o(i.delay250ms) for delay250ms
    wifly.o(i.WiFly_Send) refers to strlen.o(.text) for strlen
    wifly.o(i.WiFly_Send) refers to uart.o(i.UART_Send) for UART_Send
    wifly.o(i.WiFly_Send) refers to wifly.o(i.WiFly_Match) for WiFly_Match
    wifly.o(i.WiFly_Send_Cmd) refers to fifo.o(i.RxFifo_Flush) for RxFifo_Flush
    wifly.o(i.WiFly_Send_Cmd) refers to wifly.o(i.WiFly_Send) for WiFly_Send
    wifly.o(i.WiFly_Send_Cmd) refers to wifly.o(.data) for CMD_RSP
    wifly.o(i.WiFly_Time) refers to fifo.o(i.RxFifo_Flush) for RxFifo_Flush
    wifly.o(i.WiFly_Time) refers to wifly.o(i.WiFly_Send) for WiFly_Send
    wifly.o(i.WiFly_Time) refers to fifo.o(i.RxFifo_Get) for RxFifo_Get
    wifly.o(i.WiFly_Time) refers to strtoul.o(.text) for strtoul
    wifly.o(i.WiFly_Time) refers to wifly.o(.data) for CMD_RSP
    wifly.o(i.delay250ms) refers to sysctl.o(i.SysCtlClockGet) for SysCtlClockGet
    wifly.o(i.delay250ms) refers to sysctl.o(.emb_text) for SysCtlDelay
    wifly.o(.data) refers to wifly.o(.conststring) for .conststring
    startup_rvmdk.o(RESET) refers to startup_rvmdk.o(STACK) for StackMem
    startup_rvmdk.o(RESET) refers to system_clock.o(i.SysTick_Handler) for SysTick_Handler
    startup_rvmdk.o(RESET) refers to uart.o(i.UARTIntHandler) for UARTIntHandler
    startup_rvmdk.o(RESET) refers to entry.o(.ARM.Collect$$$$00000000) for __main
    fifo.o(i.RxFifo_Flush) refers to fifo.o(.bss) for RxFifo
    fifo.o(i.RxFifo_Flush) refers to fifo.o(.data) for RxGetPt
    fifo.o(i.RxFifo_Get) refers to fifo.o(.data) for RxPutPt
    fifo.o(i.RxFifo_Get) refers to fifo.o(.bss) for RxFifo
    fifo.o(i.RxFifo_Init) refers to startup_rvmdk.o(.text) for StartCritical
    fifo.o(i.RxFifo_Init) refers to fifo.o(.bss) for RxFifo
    fifo.o(i.RxFifo_Init) refers to fifo.o(.data) for RxGetPt
    fifo.o(i.RxFifo_Peek) refers to fifo.o(.data) for RxPutPt
    fifo.o(i.RxFifo_Put) refers to fifo.o(.data) for RxPutPt
    fifo.o(i.RxFifo_Put) refers to fifo.o(.bss) for RxFifo
    fifo.o(i.RxFifo_Size) refers to fifo.o(.data) for RxPutPt
    uart.o(i.UARTIntHandler) refers to uart.o(i.UARTIntStatus) for UARTIntStatus
    uart.o(i.UARTIntHandler) refers to uart.o(i.UARTIntClear) for UARTIntClear
    uart.o(i.UARTIntHandler) refers to uart.o(i.UARTCharGetNonBlocking) for UARTCharGetNonBlocking
    uart.o(i.UARTIntHandler) refers to fifo.o(i.RxFifo_Put) for RxFifo_Put
    uart.o(i.UARTIntHandler) refers to uart.o(i.UARTCharsAvail) for UARTCharsAvail
    uart.o(i.UART_Init) refers to fifo.o(i.RxFifo_Init) for RxFifo_Init
    uart.o(i.UART_Init) refers to sysctl.o(i.SysCtlPeripheralEnable) for SysCtlPeripheralEnable
    uart.o(i.UART_Init) refers to gpio.o(i.GPIOPinTypeUART) for GPIOPinTypeUART
    uart.o(i.UART_Init) refers to sysctl.o(i.SysCtlClockGet) for SysCtlClockGet
    uart.o(i.UART_Init) refers to uart.o(i.UARTConfigSetExpClk) for UARTConfigSetExpClk
    uart.o(i.UART_Init) refers to interrupt.o(i.IntEnable) for IntEnable
    uart.o(i.UART_Init) refers to uart.o(i.UARTIntEnable) for UARTIntEnable
    uart.o(i.UART_Send) refers to uart.o(i.UARTCharPutNonBlocking) for UARTCharPutNonBlocking
    json.o(i.JSON_Parse) refers to jsmn.o(i.jsmn_init) for jsmn_init
    json.o(i.JSON_Parse) refers to jsmn.o(i.jsmn_parse) for jsmn_parse
    json.o(i.JSON_Parse) refers to json.o(i.json_token_streq) for json_token_streq
    json.o(i.JSON_Parse) refers to json.o(i.json_token_toul) for json_token_toul
    json.o(i.JSON_Parse) refers to json.o(.data) for ZONE_KEY
    json.o(i.JSON_Parse) refers to schedule.o(.bss) for schedule
    json.o(i.JSON_Parse) refers to schedule.o(.data) for schedule_idx
    json.o(i.json_token_streq) refers to strncmp.o(.text) for strncmp
    json.o(i.json_token_streq) refers to strlen.o(.text) for strlen
    json.o(i.json_token_toul) refers to strtoul.o(.text) for strtoul
    json.o(.data) refers to json.o(.conststring) for .conststring
    jsmn.o(i.jsmn_parse) refers to jsmn.o(i.jsmn_alloc_token) for jsmn_alloc_token
    jsmn.o(i.jsmn_parse) refers to jsmn.o(i.jsmn_parse_string) for jsmn_parse_string
    jsmn.o(i.jsmn_parse) refers to jsmn.o(i.jsmn_parse_primitive) for jsmn_parse_primitive
    jsmn.o(i.jsmn_parse_primitive) refers to jsmn.o(i.jsmn_alloc_token) for jsmn_alloc_token
    jsmn.o(i.jsmn_parse_primitive) refers to jsmn.o(i.jsmn_fill_token) for jsmn_fill_token
    jsmn.o(i.jsmn_parse_string) refers to jsmn.o(i.jsmn_alloc_token) for jsmn_alloc_token
    jsmn.o(i.jsmn_parse_string) refers to jsmn.o(i.jsmn_fill_token) for jsmn_fill_token
    system_clock.o(i.SysTick_Handler) refers to zone.o(i.Zone_Enable) for Zone_Enable
    system_clock.o(i.SysTick_Handler) refers to zone.o(i.Zone_Disable) for Zone_Disable
    system_clock.o(i.SysTick_Handler) refers to system_clock.o(.data) for SystemClock_MSec
    system_clock.o(i.SysTick_Handler) refers to file_system.o(.data) for Schedule
    system_clock.o(i.SystemClock_Get) refers to system_clock.o(.data) for SystemClock_Sec
    system_clock.o(i.SystemClock_Init) refers to systick.o(i.SysTickIntDisable) for SysTickIntDisable
    system_clock.o(i.SystemClock_Init) refers to systick.o(i.SysTickDisable) for SysTickDisable
    system_clock.o(i.SystemClock_Init) refers to systick.o(i.SysTickPeriodSet) for SysTickPeriodSet
    system_clock.o(i.SystemClock_Init) refers to systick.o(i.SysTickEnable) for SysTickEnable
    system_clock.o(i.SystemClock_Init) refers to systick.o(i.SysTickIntEnable) for SysTickIntEnable
    system_clock.o(i.SystemClock_Set) refers to system_clock.o(.data) for SystemClock_Sec
    file_system.o(i.Schedule_Enter) refers to flash_prog.o(i.Flash_Erase) for Flash_Erase
    file_system.o(i.Schedule_Enter) refers to flash_prog.o(i.Flash_ProgramArray) for Flash_ProgramArray
    file_system.o(i.Schedule_Enter) refers to file_system.o(.data) for TempSchedule
    file_system.o(i.Schedule_Init) refers to flash_prog.o(i.Flash_Init) for Flash_Init
    file_system.o(i.Schedule_Init) refers to flash_prog.o(i.Flash_Erase) for Flash_Erase
    file_system.o(i.Schedule_Init) refers to flash_prog.o(i.Flash_Write) for Flash_Write
    file_system.o(i.Schedule_Init) refers to file_system.o(.data) for Schedule_Registry
    file_system.o(i.Schedule_Refresh) refers to file_system.o(.data) for Schedule
    flash_prog.o(i.Flash_Erase) refers to flash_prog.o(i.EraseAddrValid) for EraseAddrValid
    flash_prog.o(i.Flash_Erase) refers to startup_rvmdk.o(.text) for DisableInterrupts
    flash_prog.o(i.Flash_ProgramArray) refers to flash_prog.o(i.Flash_Write) for Flash_Write
    flash_prog.o(i.Flash_Write) refers to flash_prog.o(i.WriteAddrValid) for WriteAddrValid
    flash_prog.o(i.Flash_Write) refers to startup_rvmdk.o(.text) for DisableInterrupts
    gpio.o(i.GPIOPinConfigure) refers to gpio.o(.constdata) for .constdata
    gpio.o(i.GPIOPinTypeADC) refers to gpio.o(i.GPIODirModeSet) for GPIODirModeSet
    gpio.o(i.GPIOPinTypeADC) refers to gpio.o(i.GPIOPadConfigSet) for GPIOPadConfigSet
    gpio.o(i.GPIOPinTypeCAN) refers to gpio.o(i.GPIODirModeSet) for GPIODirModeSet
    gpio.o(i.GPIOPinTypeCAN) refers to gpio.o(i.GPIOPadConfigSet) for GPIOPadConfigSet
    gpio.o(i.GPIOPinTypeComparator) refers to gpio.o(i.GPIODirModeSet) for GPIODirModeSet
    gpio.o(i.GPIOPinTypeComparator) refers to gpio.o(i.GPIOPadConfigSet) for GPIOPadConfigSet
    gpio.o(i.GPIOPinTypeEPI) refers to gpio.o(i.GPIODirModeSet) for GPIODirModeSet
    gpio.o(i.GPIOPinTypeEPI) refers to gpio.o(i.GPIOPadConfigSet) for GPIOPadConfigSet
    gpio.o(i.GPIOPinTypeEthernetLED) refers to gpio.o(i.GPIODirModeSet) for GPIODirModeSet
    gpio.o(i.GPIOPinTypeEthernetLED) refers to gpio.o(i.GPIOPadConfigSet) for GPIOPadConfigSet
    gpio.o(i.GPIOPinTypeGPIOInput) refers to gpio.o(i.GPIODirModeSet) for GPIODirModeSet
    gpio.o(i.GPIOPinTypeGPIOInput) refers to gpio.o(i.GPIOPadConfigSet) for GPIOPadConfigSet
    gpio.o(i.GPIOPinTypeGPIOOutput) refers to gpio.o(i.GPIODirModeSet) for GPIODirModeSet
    gpio.o(i.GPIOPinTypeGPIOOutput) refers to gpio.o(i.GPIOPadConfigSet) for GPIOPadConfigSet
    gpio.o(i.GPIOPinTypeGPIOOutputOD) refers to gpio.o(i.GPIODirModeSet) for GPIODirModeSet
    gpio.o(i.GPIOPinTypeGPIOOutputOD) refers to gpio.o(i.GPIOPadConfigSet) for GPIOPadConfigSet
    gpio.o(i.GPIOPinTypeI2C) refers to gpio.o(i.GPIODirModeSet) for GPIODirModeSet
    gpio.o(i.GPIOPinTypeI2C) refers to gpio.o(i.GPIOPadConfigSet) for GPIOPadConfigSet
    gpio.o(i.GPIOPinTypeI2S) refers to gpio.o(i.GPIODirModeSet) for GPIODirModeSet
    gpio.o(i.GPIOPinTypeI2S) refers to gpio.o(i.GPIOPadConfigSet) for GPIOPadConfigSet
    gpio.o(i.GPIOPinTypePWM) refers to gpio.o(i.GPIODirModeSet) for GPIODirModeSet
    gpio.o(i.GPIOPinTypePWM) refers to gpio.o(i.GPIOPadConfigSet) for GPIOPadConfigSet
    gpio.o(i.GPIOPinTypeQEI) refers to gpio.o(i.GPIODirModeSet) for GPIODirModeSet
    gpio.o(i.GPIOPinTypeQEI) refers to gpio.o(i.GPIOPadConfigSet) for GPIOPadConfigSet
    gpio.o(i.GPIOPinTypeSSI) refers to gpio.o(i.GPIODirModeSet) for GPIODirModeSet
    gpio.o(i.GPIOPinTypeSSI) refers to gpio.o(i.GPIOPadConfigSet) for GPIOPadConfigSet
    gpio.o(i.GPIOPinTypeTimer) refers to gpio.o(i.GPIODirModeSet) for GPIODirModeSet
    gpio.o(i.GPIOPinTypeTimer) refers to gpio.o(i.GPIOPadConfigSet) for GPIOPadConfigSet
    gpio.o(i.GPIOPinTypeUART) refers to gpio.o(i.GPIODirModeSet) for GPIODirModeSet
    gpio.o(i.GPIOPinTypeUART) refers to gpio.o(i.GPIOPadConfigSet) for GPIOPadConfigSet
    gpio.o(i.GPIOPinTypeUSBAnalog) refers to gpio.o(i.GPIODirModeSet) for GPIODirModeSet
    gpio.o(i.GPIOPinTypeUSBAnalog) refers to gpio.o(i.GPIOPadConfigSet) for GPIOPadConfigSet
    gpio.o(i.GPIOPinTypeUSBDigital) refers to gpio.o(i.GPIODirModeSet) for GPIODirModeSet
    gpio.o(i.GPIOPinTypeUSBDigital) refers to gpio.o(i.GPIOPadConfigSet) for GPIOPadConfigSet
    gpio.o(i.GPIOPortIntRegister) refers to gpio.o(i.GPIOGetIntNumber) for GPIOGetIntNumber
    gpio.o(i.GPIOPortIntRegister) refers to interrupt.o(i.IntRegister) for IntRegister
    gpio.o(i.GPIOPortIntRegister) refers to interrupt.o(i.IntEnable) for IntEnable
    gpio.o(i.GPIOPortIntUnregister) refers to gpio.o(i.GPIOGetIntNumber) for GPIOGetIntNumber
    gpio.o(i.GPIOPortIntUnregister) refers to interrupt.o(i.IntDisable) for IntDisable
    gpio.o(i.GPIOPortIntUnregister) refers to interrupt.o(i.IntUnregister) for IntUnregister
    interrupt.o(i.IntMasterDisable) refers to cpu.o(.emb_text) for CPUcpsid
    interrupt.o(i.IntMasterEnable) refers to cpu.o(.emb_text) for CPUcpsie
    interrupt.o(i.IntPriorityGet) refers to interrupt.o(.constdata) for .constdata
    interrupt.o(i.IntPriorityGroupingGet) refers to interrupt.o(.constdata) for .constdata
    interrupt.o(i.IntPriorityGroupingSet) refers to interrupt.o(.constdata) for .constdata
    interrupt.o(i.IntPrioritySet) refers to interrupt.o(.constdata) for .constdata
    interrupt.o(i.IntRegister) refers to interrupt.o(vtable) for vtable
    interrupt.o(i.IntUnregister) refers to interrupt.o(i.IntDefaultHandler) for IntDefaultHandler
    interrupt.o(i.IntUnregister) refers to interrupt.o(vtable) for vtable
    ssi.o(i.SSIIntRegister) refers to interrupt.o(i.IntRegister) for IntRegister
    ssi.o(i.SSIIntRegister) refers to interrupt.o(i.IntEnable) for IntEnable
    ssi.o(i.SSIIntUnregister) refers to interrupt.o(i.IntDisable) for IntDisable
    ssi.o(i.SSIIntUnregister) refers to interrupt.o(i.IntUnregister) for IntUnregister
    sysctl.o(i.SysCtlClockGet) refers to sysctl.o(.constdata) for .constdata
    sysctl.o(i.SysCtlClockSet) refers to sysctl.o(.emb_text) for SysCtlDelay
    sysctl.o(i.SysCtlDeepSleep) refers to cpu.o(.emb_text) for CPUwfi
    sysctl.o(i.SysCtlI2SMClkSet) refers to sysctl.o(.constdata) for .constdata
    sysctl.o(i.SysCtlIntRegister) refers to interrupt.o(i.IntRegister) for IntRegister
    sysctl.o(i.SysCtlIntRegister) refers to interrupt.o(i.IntEnable) for IntEnable
    sysctl.o(i.SysCtlIntUnregister) refers to interrupt.o(i.IntDisable) for IntDisable
    sysctl.o(i.SysCtlIntUnregister) refers to interrupt.o(i.IntUnregister) for IntUnregister
    sysctl.o(i.SysCtlPeripheralDeepSleepDisable) refers to sysctl.o(.constdata) for .constdata
    sysctl.o(i.SysCtlPeripheralDeepSleepEnable) refers to sysctl.o(.constdata) for .constdata
    sysctl.o(i.SysCtlPeripheralDisable) refers to sysctl.o(.constdata) for .constdata
    sysctl.o(i.SysCtlPeripheralEnable) refers to sysctl.o(.constdata) for .constdata
    sysctl.o(i.SysCtlPeripheralPresent) refers to sysctl.o(.constdata) for .constdata
    sysctl.o(i.SysCtlPeripheralReset) refers to sysctl.o(.constdata) for .constdata
    sysctl.o(i.SysCtlPeripheralSleepDisable) refers to sysctl.o(.constdata) for .constdata
    sysctl.o(i.SysCtlPeripheralSleepEnable) refers to sysctl.o(.constdata) for .constdata
    sysctl.o(i.SysCtlSleep) refers to cpu.o(.emb_text) for CPUwfi
    systick.o(i.SysTickIntRegister) refers to interrupt.o(i.IntRegister) for IntRegister
    systick.o(i.SysTickIntUnregister) refers to interrupt.o(i.IntUnregister) for IntUnregister
    uart.o(i.UARTIntRegister) refers to interrupt.o(i.IntRegister) for IntRegister
    uart.o(i.UARTIntRegister) refers to interrupt.o(i.IntEnable) for IntEnable
    uart.o(i.UARTIntUnregister) refers to interrupt.o(i.IntDisable) for IntDisable
    uart.o(i.UARTIntUnregister) refers to interrupt.o(i.IntUnregister) for IntUnregister
    entry.o(.ARM.Collect$$$$00000000) refers (Special) to entry7b.o(.ARM.Collect$$$$00000008) for _main_clock
    entry.o(.ARM.Collect$$$$00000000) refers (Special) to entry8.o(.ARM.Collect$$$$00000009) for _main_init
    entry.o(.ARM.Collect$$$$00000000) refers (Special) to entry5.o(.ARM.Collect$$$$00000004) for _main_scatterload
    entry.o(.ARM.Collect$$$$00000000) refers (Special) to entry2.o(.ARM.Collect$$$$00000001) for _main_stk
    strtoul.o(.text) refers to errno.o(i.__aeabi_errno_addr) for __aeabi_errno_addr
    strtoul.o(.text) refers to ctype_o.o(.text) for __rt_ctype_table
    strtoul.o(.text) refers to _strtoul.o(.text) for _strtoul
    entry2.o(.ARM.Collect$$$$00000001) refers to entry2.o(.ARM.Collect$$$$00002712) for __lit__00000000
    entry2.o(.ARM.Collect$$$$00002712) refers to startup_rvmdk.o(STACK) for __initial_sp
    entry2.o(__vectab_stack_and_reset_area) refers to startup_rvmdk.o(STACK) for __initial_sp
    entry2.o(__vectab_stack_and_reset_area) refers to entry.o(.ARM.Collect$$$$00000000) for __main
    entry5.o(.ARM.Collect$$$$00000004) refers to init.o(.text) for __scatterload
    entry8.o(.ARM.Collect$$$$00000009) refers to main.o(i.main) for main
    ctype_o.o(.text) refers to ctype_o.o(.constdata) for .constdata
    ctype_o.o(.constdata) refers to ctype_o.o(.constdata) for __ctype_table
    isalnum_o.o(.text) refers to ctype_o.o(.text) for __rt_ctype_table
    isalpha_o.o(.text) refers to ctype_o.o(.text) for __rt_ctype_table
    isblank_o.o(.text) refers to ctype_o.o(.constdata) for __ctype_table
    iscntrl_o.o(.text) refers to ctype_o.o(.text) for __rt_ctype_table
    isdigit_o.o(.text) refers to ctype_o.o(.text) for __rt_ctype_table
    isgraph_o.o(.text) refers to ctype_o.o(.text) for __rt_ctype_table
    islower_o.o(.text) refers to ctype_o.o(.text) for __rt_ctype_table
    isprint_o.o(.text) refers to ctype_o.o(.text) for __rt_ctype_table
    ispunct_o.o(.text) refers to ctype_o.o(.text) for __rt_ctype_table
    isspace_o.o(.text) refers to ctype_o.o(.text) for __rt_ctype_table
    isupper_o.o(.text) refers to ctype_o.o(.text) for __rt_ctype_table
    isxdigit_o.o(.text) refers to ctype_o.o(.text) for __rt_ctype_table
    errno.o(i.__aeabi_errno_addr) refers to errno.o(.data) for .data
    errno.o(i.__read_errno) refers to errno.o(.data) for .data
    errno.o(i.__set_errno) refers to errno.o(.data) for .data
    _strtoul.o(.text) refers to _chval.o(.text) for _chval
    _strtoul.o(.text) refers to errno.o(i.__aeabi_errno_addr) for __aeabi_errno_addr
    init.o(.text) refers to entry5.o(.ARM.Collect$$$$00000004) for __main_after_scatterload


==============================================================================

Removing Unused input sections from the image.

    Removing zone.o(i.Zone_Current), (12 bytes).
    Removing zone.o(i.Zone_Init), (140 bytes).
    Removing schedule.o(i.compare), (32 bytes).
    Removing schedule.o(i.scheduleSort), (24 bytes).
    Removing wifly.o(i.WiFly_Adhoc_On), (24 bytes).
    Removing startup_rvmdk.o(HEAP), (0 bytes).
    Removing fifo.o(i.RxFifo_Peek), (40 bytes).
    Removing fifo.o(i.RxFifo_Size), (52 bytes).
    Removing json.o(i.json_token_tostr), (14 bytes).
    Removing system_clock.o(i.SystemClock_Get), (12 bytes).
    Removing file_system.o(i.Schedule_Enter), (84 bytes).
    Removing file_system.o(i.Schedule_Init), (172 bytes).
    Removing file_system.o(i.Schedule_Refresh), (80 bytes).
    Removing flash_prog.o(i.EraseAddrValid), (22 bytes).
    Removing flash_prog.o(i.Flash_Erase), (72 bytes).
    Removing flash_prog.o(i.Flash_Init), (16 bytes).
    Removing flash_prog.o(i.Flash_ProgramArray), (46 bytes).
    Removing flash_prog.o(i.Flash_Write), (76 bytes).
    Removing flash_prog.o(i.WriteAddrValid), (22 bytes).
    Removing gpio.o(i.GPIODirModeGet), (34 bytes).
    Removing gpio.o(i.GPIOGetIntNumber), (156 bytes).
    Removing gpio.o(i.GPIOIntTypeGet), (48 bytes).
    Removing gpio.o(i.GPIOIntTypeSet), (58 bytes).
    Removing gpio.o(i.GPIOPadConfigGet), (140 bytes).
    Removing gpio.o(i.GPIOPinConfigure), (72 bytes).
    Removing gpio.o(i.GPIOPinIntClear), (6 bytes).
    Removing gpio.o(i.GPIOPinIntDisable), (14 bytes).
    Removing gpio.o(i.GPIOPinIntEnable), (12 bytes).
    Removing gpio.o(i.GPIOPinIntStatus), (14 bytes).
    Removing gpio.o(i.GPIOPinRead), (6 bytes).
    Removing gpio.o(i.GPIOPinTypeADC), (28 bytes).
    Removing gpio.o(i.GPIOPinTypeCAN), (28 bytes).
    Removing gpio.o(i.GPIOPinTypeComparator), (28 bytes).
    Removing gpio.o(i.GPIOPinTypeEPI), (28 bytes).
    Removing gpio.o(i.GPIOPinTypeEthernetLED), (28 bytes).
    Removing gpio.o(i.GPIOPinTypeGPIOInput), (28 bytes).
    Removing gpio.o(i.GPIOPinTypeGPIOOutput), (28 bytes).
    Removing gpio.o(i.GPIOPinTypeGPIOOutputOD), (28 bytes).
    Removing gpio.o(i.GPIOPinTypeI2C), (28 bytes).
    Removing gpio.o(i.GPIOPinTypeI2S), (28 bytes).
    Removing gpio.o(i.GPIOPinTypePWM), (28 bytes).
    Removing gpio.o(i.GPIOPinTypeQEI), (28 bytes).
    Removing gpio.o(i.GPIOPinTypeSSI), (28 bytes).
    Removing gpio.o(i.GPIOPinTypeTimer), (28 bytes).
    Removing gpio.o(i.GPIOPinTypeUSBAnalog), (28 bytes).
    Removing gpio.o(i.GPIOPinTypeUSBDigital), (28 bytes).
    Removing gpio.o(i.GPIOPinWrite), (6 bytes).
    Removing gpio.o(i.GPIOPortIntRegister), (26 bytes).
    Removing gpio.o(i.GPIOPortIntUnregister), (22 bytes).
    Removing gpio.o(.constdata), (72 bytes).
    Removing interrupt.o(i.IntDefaultHandler), (2 bytes).
    Removing interrupt.o(i.IntDisable), (104 bytes).
    Removing interrupt.o(i.IntMasterDisable), (10 bytes).
    Removing interrupt.o(i.IntPendClear), (72 bytes).
    Removing interrupt.o(i.IntPendSet), (90 bytes).
    Removing interrupt.o(i.IntPriorityGet), (28 bytes).
    Removing interrupt.o(i.IntPriorityGroupingGet), (40 bytes).
    Removing interrupt.o(i.IntPriorityGroupingSet), (28 bytes).
    Removing interrupt.o(i.IntPrioritySet), (40 bytes).
    Removing interrupt.o(i.IntRegister), (56 bytes).
    Removing interrupt.o(i.IntUnregister), (20 bytes).
    Removing interrupt.o(.constdata), (104 bytes).
    Removing interrupt.o(vtable), (284 bytes).
    Removing ssi.o(i.SSIConfigSetExpClk), (76 bytes).
    Removing ssi.o(i.SSIDMADisable), (10 bytes).
    Removing ssi.o(i.SSIDMAEnable), (8 bytes).
    Removing ssi.o(i.SSIDataGet), (14 bytes).
    Removing ssi.o(i.SSIDataGetNonBlocking), (18 bytes).
    Removing ssi.o(i.SSIDataPutNonBlocking), (16 bytes).
    Removing ssi.o(i.SSIDisable), (10 bytes).
    Removing ssi.o(i.SSIEnable), (10 bytes).
    Removing ssi.o(i.SSIIntClear), (4 bytes).
    Removing ssi.o(i.SSIIntDisable), (10 bytes).
    Removing ssi.o(i.SSIIntEnable), (8 bytes).
    Removing ssi.o(i.SSIIntRegister), (32 bytes).
    Removing ssi.o(i.SSIIntStatus), (10 bytes).
    Removing ssi.o(i.SSIIntUnregister), (32 bytes).
    Removing sysctl.o(i.SysCtlADCSpeedGet), (16 bytes).
    Removing sysctl.o(i.SysCtlADCSpeedSet), (32 bytes).
    Removing sysctl.o(i.SysCtlBrownOutConfigSet), (16 bytes).
    Removing sysctl.o(i.SysCtlClkVerificationClear), (20 bytes).
    Removing sysctl.o(i.SysCtlDeepSleep), (32 bytes).
    Removing sysctl.o(i.SysCtlFlashSizeGet), (20 bytes).
    Removing sysctl.o(i.SysCtlGPIOAHBDisable), (20 bytes).
    Removing sysctl.o(i.SysCtlGPIOAHBEnable), (16 bytes).
    Removing sysctl.o(i.SysCtlI2SMClkSet), (216 bytes).
    Removing sysctl.o(i.SysCtlIOSCVerificationSet), (24 bytes).
    Removing sysctl.o(i.SysCtlIntClear), (12 bytes).
    Removing sysctl.o(i.SysCtlIntDisable), (16 bytes).
    Removing sysctl.o(i.SysCtlIntEnable), (16 bytes).
    Removing sysctl.o(i.SysCtlIntRegister), (20 bytes).
    Removing sysctl.o(i.SysCtlIntStatus), (16 bytes).
    Removing sysctl.o(i.SysCtlIntUnregister), (18 bytes).
    Removing sysctl.o(i.SysCtlLDOConfigSet), (12 bytes).
    Removing sysctl.o(i.SysCtlLDOGet), (12 bytes).
    Removing sysctl.o(i.SysCtlLDOSet), (12 bytes).
    Removing sysctl.o(i.SysCtlMOSCVerificationSet), (24 bytes).
    Removing sysctl.o(i.SysCtlPLLVerificationSet), (24 bytes).
    Removing sysctl.o(i.SysCtlPWMClockGet), (24 bytes).
    Removing sysctl.o(i.SysCtlPWMClockSet), (20 bytes).
    Removing sysctl.o(i.SysCtlPeripheralClockGating), (24 bytes).
    Removing sysctl.o(i.SysCtlPeripheralDeepSleepDisable), (32 bytes).
    Removing sysctl.o(i.SysCtlPeripheralDeepSleepEnable), (32 bytes).
    Removing sysctl.o(i.SysCtlPeripheralDisable), (32 bytes).
    Removing sysctl.o(i.SysCtlPeripheralPresent), (64 bytes).
    Removing sysctl.o(i.SysCtlPeripheralReset), (56 bytes).
    Removing sysctl.o(i.SysCtlPeripheralSleepDisable), (32 bytes).
    Removing sysctl.o(i.SysCtlPeripheralSleepEnable), (32 bytes).
    Removing sysctl.o(i.SysCtlPinPresent), (16 bytes).
    Removing sysctl.o(i.SysCtlReset), (16 bytes).
    Removing sysctl.o(i.SysCtlResetCauseClear), (16 bytes).
    Removing sysctl.o(i.SysCtlResetCauseGet), (12 bytes).
    Removing sysctl.o(i.SysCtlSRAMSizeGet), (20 bytes).
    Removing sysctl.o(i.SysCtlSleep), (4 bytes).
    Removing sysctl.o(i.SysCtlUSBPLLDisable), (16 bytes).
    Removing sysctl.o(i.SysCtlUSBPLLEnable), (16 bytes).
    Removing systick.o(i.SysTickIntRegister), (24 bytes).
    Removing systick.o(i.SysTickIntUnregister), (18 bytes).
    Removing systick.o(i.SysTickPeriodGet), (10 bytes).
    Removing systick.o(i.SysTickValueGet), (8 bytes).
    Removing uart.o(i.UARTBreakCtl), (18 bytes).
    Removing uart.o(i.UARTBusy), (8 bytes).
    Removing uart.o(i.UARTCharGet), (12 bytes).
    Removing uart.o(i.UARTCharPut), (12 bytes).
    Removing uart.o(i.UARTConfigGetExpClk), (46 bytes).
    Removing uart.o(i.UARTDMADisable), (10 bytes).
    Removing uart.o(i.UARTDMAEnable), (8 bytes).
    Removing uart.o(i.UARTDisable), (30 bytes).
    Removing uart.o(i.UARTDisableSIR), (10 bytes).
    Removing uart.o(i.UARTEnable), (20 bytes).
    Removing uart.o(i.UARTEnableSIR), (18 bytes).
    Removing uart.o(i.UARTFIFODisable), (10 bytes).
    Removing uart.o(i.UARTFIFOEnable), (10 bytes).
    Removing uart.o(i.UARTFIFOLevelGet), (16 bytes).
    Removing uart.o(i.UARTFIFOLevelSet), (6 bytes).
    Removing uart.o(i.UARTFlowControlGet), (8 bytes).
    Removing uart.o(i.UARTFlowControlSet), (12 bytes).
    Removing uart.o(i.UARTIntDisable), (10 bytes).
    Removing uart.o(i.UARTIntRegister), (46 bytes).
    Removing uart.o(i.UARTIntUnregister), (46 bytes).
    Removing uart.o(i.UARTModemControlClear), (14 bytes).
    Removing uart.o(i.UARTModemControlGet), (8 bytes).
    Removing uart.o(i.UARTModemControlSet), (12 bytes).
    Removing uart.o(i.UARTModemStatusGet), (10 bytes).
    Removing uart.o(i.UARTParityModeGet), (8 bytes).
    Removing uart.o(i.UARTParityModeSet), (12 bytes).
    Removing uart.o(i.UARTRxErrorClear), (6 bytes).
    Removing uart.o(i.UARTRxErrorGet), (8 bytes).
    Removing uart.o(i.UARTSmartCardDisable), (10 bytes).
    Removing uart.o(i.UARTSmartCardEnable), (22 bytes).
    Removing uart.o(i.UARTSpaceAvail), (10 bytes).
    Removing uart.o(i.UARTTxIntModeGet), (8 bytes).
    Removing uart.o(i.UARTTxIntModeSet), (12 bytes).

153 unused section(s) (total 4824 bytes) removed from the image.

==============================================================================

Image Symbol Table

    Local Symbols

    Symbol Name                              Value     Ov Type        Size  Object(Section)

    RESET                                    0x00000000   Section      252  startup_rvmdk.o(RESET)
    ../../microlib/ctype/ctype.c             0x00000000   Number         0  isprint_o.o ABSOLUTE
    ../../microlib/ctype/ctype.c             0x00000000   Number         0  isupper_o.o ABSOLUTE
    ../../microlib/ctype/ctype.c             0x00000000   Number         0  isspace_o.o ABSOLUTE
    ../../microlib/ctype/ctype.c             0x00000000   Number         0  ispunct_o.o ABSOLUTE
    ../../microlib/ctype/ctype.c             0x00000000   Number         0  isdigit_o.o ABSOLUTE
    ../../microlib/ctype/ctype.c             0x00000000   Number         0  ctype_o.o ABSOLUTE
    ../../microlib/ctype/ctype.c             0x00000000   Number         0  isalpha_o.o ABSOLUTE
    ../../microlib/ctype/ctype.c             0x00000000   Number         0  islower_o.o ABSOLUTE
    ../../microlib/ctype/ctype.c             0x00000000   Number         0  isxdigit_o.o ABSOLUTE
    ../../microlib/ctype/ctype.c             0x00000000   Number         0  isgraph_o.o ABSOLUTE
    ../../microlib/ctype/ctype.c             0x00000000   Number         0  iscntrl_o.o ABSOLUTE
    ../../microlib/ctype/ctype.c             0x00000000   Number         0  isblank_o.o ABSOLUTE
    ../../microlib/ctype/ctype.c             0x00000000   Number         0  isalnum_o.o ABSOLUTE
    ../../microlib/errno.c                   0x00000000   Number         0  errno.o ABSOLUTE
    ../../microlib/init/entry.s              0x00000000   Number         0  entry7b.o ABSOLUTE
    ../../microlib/init/entry.s              0x00000000   Number         0  entry7a.o ABSOLUTE
    ../../microlib/init/entry.s              0x00000000   Number         0  entry5.o ABSOLUTE
    ../../microlib/init/entry.s              0x00000000   Number         0  entry2.o ABSOLUTE
    ../../microlib/init/entry.s              0x00000000   Number         0  entry.o ABSOLUTE
    ../../microlib/init/entry.s              0x00000000   Number         0  entry8.o ABSOLUTE
    ../../microlib/stdlib/qsort.c            0x00000000   Number         0  qsort.o ABSOLUTE
    ../../microlib/string/strcpy.c           0x00000000   Number         0  strcpy.o ABSOLUTE
    ../../microlib/string/strlen.c           0x00000000   Number         0  strlen.o ABSOLUTE
    ../../microlib/string/strncmp.c          0x00000000   Number         0  strncmp.o ABSOLUTE
    ../../microlib/string/strstr.c           0x00000000   Number         0  strstr.o ABSOLUTE
    ../../scanf.c                            0x00000000   Number         0  strtoul.o ABSOLUTE
    ../../scanf.c                            0x00000000   Number         0  _chval.o ABSOLUTE
    ../../scanf.c                            0x00000000   Number         0  _strtoul.o ABSOLUTE
    cpu.c                                    0x00000000   Number         0  cpu.o ABSOLUTE
    cpu.c                                    0x00000000   Number         0  cpu.o ABSOLUTE
    dc.s                                     0x00000000   Number         0  dc.o ABSOLUTE
    gpio.c                                   0x00000000   Number         0  gpio.o ABSOLUTE
    handlers.s                               0x00000000   Number         0  handlers.o ABSOLUTE
    init.s                                   0x00000000   Number         0  init.o ABSOLUTE
    interrupt.c                              0x00000000   Number         0  interrupt.o ABSOLUTE
    src\fifo.c                               0x00000000   Number         0  fifo.o ABSOLUTE
    src\file_system.c                        0x00000000   Number         0  file_system.o ABSOLUTE
    src\flash_prog.c                         0x00000000   Number         0  flash_prog.o ABSOLUTE
    src\jsmn.c                               0x00000000   Number         0  jsmn.o ABSOLUTE
    src\json.c                               0x00000000   Number         0  json.o ABSOLUTE
    src\main.c                               0x00000000   Number         0  main.o ABSOLUTE
    src\schedule.c                           0x00000000   Number         0  schedule.o ABSOLUTE
    src\startup_rvmdk.S                      0x00000000   Number         0  startup_rvmdk.o ABSOLUTE
    src\system_clock.c                       0x00000000   Number         0  system_clock.o ABSOLUTE
    src\uart.c                               0x00000000   Number         0  uart.o ABSOLUTE
    src\wifly.c                              0x00000000   Number         0  wifly.o ABSOLUTE
    src\zone.c                               0x00000000   Number         0  zone.o ABSOLUTE
    ssi.c                                    0x00000000   Number         0  ssi.o ABSOLUTE
    sysctl.c                                 0x00000000   Number         0  sysctl.o ABSOLUTE
    sysctl.c                                 0x00000000   Number         0  sysctl.o ABSOLUTE
    systick.c                                0x00000000   Number         0  systick.o ABSOLUTE
    uart.c                                   0x00000000   Number         0  uart.o ABSOLUTE
    NmiSR                                    0x000000f5   Thumb Code     0  startup_rvmdk.o(RESET)
    FaultISR                                 0x000000f7   Thumb Code     0  startup_rvmdk.o(RESET)
    IntDefaultHandler                        0x000000f9   Thumb Code     0  startup_rvmdk.o(RESET)
    .ARM.Collect$$$$00000000                 0x000000fc   Section        0  entry.o(.ARM.Collect$$$$00000000)
    .ARM.Collect$$$$00000001                 0x000000fc   Section        4  entry2.o(.ARM.Collect$$$$00000001)
    .ARM.Collect$$$$00000004                 0x00000100   Section        4  entry5.o(.ARM.Collect$$$$00000004)
    .ARM.Collect$$$$00000008                 0x00000104   Section        0  entry7b.o(.ARM.Collect$$$$00000008)
    .ARM.Collect$$$$00000009                 0x00000104   Section        8  entry8.o(.ARM.Collect$$$$00000009)
    .ARM.Collect$$$$00002712                 0x0000010c   Section        4  entry2.o(.ARM.Collect$$$$00002712)
    __lit__00000000                          0x0000010c   Data           4  entry2.o(.ARM.Collect$$$$00002712)
    .emb_text                                0x00000110   Section        6  sysctl.o(.emb_text)
    .emb_text                                0x00000118   Section       26  cpu.o(.emb_text)
    .text                                    0x00000134   Section       28  startup_rvmdk.o(.text)
    .text                                    0x00000150   Section        0  strstr.o(.text)
    .text                                    0x0000017c   Section        0  strlen.o(.text)
    .text                                    0x0000018c   Section        0  strcpy.o(.text)
    .text                                    0x0000019e   Section        0  strncmp.o(.text)
    .text                                    0x000001bc   Section        0  strtoul.o(.text)
    .text                                    0x00000230   Section        0  ctype_o.o(.text)
    .text                                    0x00000238   Section        0  _strtoul.o(.text)
    .text                                    0x000002d8   Section       36  init.o(.text)
    .text                                    0x000002fc   Section        0  _chval.o(.text)
    i.GPIODirModeSet                         0x00000318   Section        0  gpio.o(i.GPIODirModeSet)
    i.GPIOPadConfigSet                       0x00000340   Section        0  gpio.o(i.GPIOPadConfigSet)
    i.GPIOPinTypeUART                        0x000003f0   Section        0  gpio.o(i.GPIOPinTypeUART)
    i.IntEnable                              0x0000040c   Section        0  interrupt.o(i.IntEnable)
    i.IntMasterEnable                        0x00000474   Section        0  interrupt.o(i.IntMasterEnable)
    i.JSON_Parse                             0x00000480   Section        0  json.o(i.JSON_Parse)
    i.RxFifo_Flush                           0x00000594   Section        0  fifo.o(i.RxFifo_Flush)
    i.RxFifo_Get                             0x000005ac   Section        0  fifo.o(i.RxFifo_Get)
    i.RxFifo_Init                            0x000005f4   Section        0  fifo.o(i.RxFifo_Init)
    i.RxFifo_Put                             0x0000061c   Section        0  fifo.o(i.RxFifo_Put)
    i.SSIBusy                                0x00000654   Section        0  ssi.o(i.SSIBusy)
    i.SSIDataPut                             0x0000065c   Section        0  ssi.o(i.SSIDataPut)
    i.SysCtlClockGet                         0x00000668   Section        0  sysctl.o(i.SysCtlClockGet)
    i.SysCtlClockSet                         0x0000084c   Section        0  sysctl.o(i.SysCtlClockSet)
    i.SysCtlPeripheralEnable                 0x00000984   Section        0  sysctl.o(i.SysCtlPeripheralEnable)
    i.SysTickDisable                         0x000009a4   Section        0  systick.o(i.SysTickDisable)
    i.SysTickEnable                          0x000009b2   Section        0  systick.o(i.SysTickEnable)
    i.SysTickIntDisable                      0x000009c0   Section        0  systick.o(i.SysTickIntDisable)
    i.SysTickIntEnable                       0x000009ce   Section        0  systick.o(i.SysTickIntEnable)
    i.SysTickPeriodSet                       0x000009dc   Section        0  systick.o(i.SysTickPeriodSet)
    i.SysTick_Handler                        0x000009e8   Section        0  system_clock.o(i.SysTick_Handler)
    i.SystemClock_Init                       0x00000a6c   Section        0  system_clock.o(i.SystemClock_Init)
    i.SystemClock_Set                        0x00000a8c   Section        0  system_clock.o(i.SystemClock_Set)
    i.UARTCharGetNonBlocking                 0x00000a98   Section        0  uart.o(i.UARTCharGetNonBlocking)
    i.UARTCharPutNonBlocking                 0x00000aa8   Section        0  uart.o(i.UARTCharPutNonBlocking)
    i.UARTCharsAvail                         0x00000aba   Section        0  uart.o(i.UARTCharsAvail)
    i.UARTConfigSetExpClk                    0x00000ac4   Section        0  uart.o(i.UARTConfigSetExpClk)
    i.UARTIntClear                           0x00000b32   Section        0  uart.o(i.UARTIntClear)
    i.UARTIntEnable                          0x00000b36   Section        0  uart.o(i.UARTIntEnable)
    i.UARTIntHandler                         0x00000b40   Section        0  uart.o(i.UARTIntHandler)
    i.UARTIntStatus                          0x00000b74   Section        0  uart.o(i.UARTIntStatus)
    i.UART_Init                              0x00000b80   Section        0  uart.o(i.UART_Init)
    i.UART_Send                              0x00000bcc   Section        0  uart.o(i.UART_Send)
    i.WiFly_Adhoc_Off                        0x00000bec   Section        0  wifly.o(i.WiFly_Adhoc_Off)
    i.WiFly_Init                             0x00000c04   Section        0  wifly.o(i.WiFly_Init)
    i.WiFly_Match                            0x00000c64   Section        0  wifly.o(i.WiFly_Match)
    i.WiFly_Open                             0x00000ca4   Section        0  wifly.o(i.WiFly_Open)
    i.WiFly_Reset                            0x00000d14   Section        0  wifly.o(i.WiFly_Reset)
    i.WiFly_Send                             0x00000d44   Section        0  wifly.o(i.WiFly_Send)
    i.WiFly_Send_Cmd                         0x00000d90   Section        0  wifly.o(i.WiFly_Send_Cmd)
    i.WiFly_Time                             0x00000de0   Section        0  wifly.o(i.WiFly_Time)
    i.Zone_Disable                           0x00000e5c   Section        0  zone.o(i.Zone_Disable)
    i.Zone_Enable                            0x00000e78   Section        0  zone.o(i.Zone_Enable)
    i.__aeabi_errno_addr                     0x00000eac   Section        0  errno.o(i.__aeabi_errno_addr)
    i.__scatterload_copy                     0x00000eb4   Section       14  handlers.o(i.__scatterload_copy)
    i.__scatterload_null                     0x00000ec2   Section        2  handlers.o(i.__scatterload_null)
    i.__scatterload_zeroinit                 0x00000ec4   Section       14  handlers.o(i.__scatterload_zeroinit)
    i.delay250ms                             0x00000ed2   Section        0  wifly.o(i.delay250ms)
    i.jsmn_alloc_token                       0x00000ee6   Section        0  jsmn.o(i.jsmn_alloc_token)
    jsmn_alloc_token                         0x00000ee7   Thumb Code    42  jsmn.o(i.jsmn_alloc_token)
    i.jsmn_fill_token                        0x00000f10   Section        0  jsmn.o(i.jsmn_fill_token)
    jsmn_fill_token                          0x00000f11   Thumb Code    14  jsmn.o(i.jsmn_fill_token)
    i.jsmn_init                              0x00000f1e   Section        0  jsmn.o(i.jsmn_init)
    i.jsmn_parse                             0x00000f2a   Section        0  jsmn.o(i.jsmn_parse)
    i.jsmn_parse_primitive                   0x00001102   Section        0  jsmn.o(i.jsmn_parse_primitive)
    jsmn_parse_primitive                     0x00001103   Thumb Code   160  jsmn.o(i.jsmn_parse_primitive)
    i.jsmn_parse_string                      0x000011a2   Section        0  jsmn.o(i.jsmn_parse_string)
    jsmn_parse_string                        0x000011a3   Thumb Code   180  jsmn.o(i.jsmn_parse_string)
    i.json_token_streq                       0x00001256   Section        0  json.o(i.json_token_streq)
    i.json_token_toul                        0x00001286   Section        0  json.o(i.json_token_toul)
    i.main                                   0x000012a0   Section        0  main.o(i.main)
    i.scheduleExtract                        0x000012dc   Section        0  schedule.o(i.scheduleExtract)
    i.scheduleParse                          0x00001320   Section        0  schedule.o(i.scheduleParse)
    .constdata                               0x0000132c   Section      156  sysctl.o(.constdata)
    g_pulDCRegs                              0x0000132c   Data          16  sysctl.o(.constdata)
    g_pulSRCRRegs                            0x0000133c   Data          12  sysctl.o(.constdata)
    g_pulRCGCRegs                            0x00001348   Data          12  sysctl.o(.constdata)
    g_pulSCGCRegs                            0x00001354   Data          12  sysctl.o(.constdata)
    g_pulDCGCRegs                            0x00001360   Data          12  sysctl.o(.constdata)
    g_pulXtals                               0x0000136c   Data          92  sysctl.o(.constdata)
    .constdata                               0x000013c8   Section      129  ctype_o.o(.constdata)
    .constdata                               0x0000144c   Section        4  ctype_o.o(.constdata)
    table                                    0x0000144c   Data           4  ctype_o.o(.constdata)
    .conststring                             0x00001450   Section       12  schedule.o(.conststring)
    .conststring                             0x0000145c   Section       47  wifly.o(.conststring)
    .conststring                             0x0000148b   Section       31  json.o(.conststring)
    .data                                    0x20000000   Section        4  zone.o(.data)
    Current_Zone                             0x20000000   Data           4  zone.o(.data)
    .data                                    0x20000004   Section       12  schedule.o(.data)
    .data                                    0x20000010   Section       36  wifly.o(.data)
    .data                                    0x20000034   Section        8  fifo.o(.data)
    .data                                    0x2000003c   Section       16  json.o(.data)
    .data                                    0x2000004c   Section        8  system_clock.o(.data)
    SystemClock_Sec                          0x2000004c   Data           4  system_clock.o(.data)
    SystemClock_MSec                         0x20000050   Data           4  system_clock.o(.data)
    .data                                    0x20000054   Section       28  file_system.o(.data)
    .data                                    0x20000070   Section        4  errno.o(.data)
    _errno                                   0x20000070   Data           4  errno.o(.data)
    .bss                                     0x20000074   Section     2500  main.o(.bss)
    .bss                                     0x20000a38   Section      640  schedule.o(.bss)
    .bss                                     0x20000cb8   Section     2500  fifo.o(.bss)
    RxFifo                                   0x20000cb8   Data        2500  fifo.o(.bss)
    STACK                                    0x20001680   Section      256  startup_rvmdk.o(STACK)
    StackMem                                 0x20001680   Data           0  startup_rvmdk.o(STACK)

    Global Symbols

    Symbol Name                              Value     Ov Type        Size  Object(Section)

    BuildAttributes$$THM_ISAv4$P$D$K$B$S$PE$A:L22UL41UL21$X:L11$S22US41US21$IEEE1$IW$USESV6$~STKCKD$USESV7$~SHL$OTIME$EBA8$MICROLIB$REQ8$PRES8$EABIv2 0x00000000   Number         0  anon$$obj.o ABSOLUTE
    __ARM_use_no_argv                        0x00000000   Number         0  main.o ABSOLUTE
    __Vectors                                0x00000000   Data           0  startup_rvmdk.o(RESET)
    __decompress                              - Undefined Weak Reference
    _clock_init                               - Undefined Weak Reference
    Reset_Handler                            0x000000f1   Thumb Code     0  startup_rvmdk.o(RESET)
    __main                                   0x000000fd   Thumb Code     0  entry.o(.ARM.Collect$$$$00000000)
    _main_stk                                0x000000fd   Thumb Code     0  entry2.o(.ARM.Collect$$$$00000001)
    _main_scatterload                        0x00000101   Thumb Code     0  entry5.o(.ARM.Collect$$$$00000004)
    __main_after_scatterload                 0x00000105   Thumb Code     0  entry5.o(.ARM.Collect$$$$00000004)
    _main_clock                              0x00000105   Thumb Code     0  entry7b.o(.ARM.Collect$$$$00000008)
    _main_init                               0x00000105   Thumb Code     0  entry8.o(.ARM.Collect$$$$00000009)
    SysCtlDelay                              0x00000111   Thumb Code     6  sysctl.o(.emb_text)
    CPUcpsid                                 0x00000119   Thumb Code     8  cpu.o(.emb_text)
    CPUprimask                               0x00000121   Thumb Code     6  cpu.o(.emb_text)
    CPUcpsie                                 0x00000127   Thumb Code     8  cpu.o(.emb_text)
    CPUwfi                                   0x0000012f   Thumb Code     4  cpu.o(.emb_text)
    DisableInterrupts                        0x00000135   Thumb Code     0  startup_rvmdk.o(.text)
    EnableInterrupts                         0x00000139   Thumb Code     0  startup_rvmdk.o(.text)
    StartCritical                            0x0000013d   Thumb Code     0  startup_rvmdk.o(.text)
    EndCritical                              0x00000145   Thumb Code     0  startup_rvmdk.o(.text)
    WaitForInterrupt                         0x0000014b   Thumb Code     0  startup_rvmdk.o(.text)
    strstr                                   0x00000151   Thumb Code    44  strstr.o(.text)
    strlen                                   0x0000017d   Thumb Code    16  strlen.o(.text)
    strcpy                                   0x0000018d   Thumb Code    18  strcpy.o(.text)
    strncmp                                  0x0000019f   Thumb Code    30  strncmp.o(.text)
    strtoul                                  0x000001bd   Thumb Code   114  strtoul.o(.text)
    __rt_ctype_table                         0x00000231   Thumb Code     4  ctype_o.o(.text)
    _strtoul                                 0x00000239   Thumb Code   158  _strtoul.o(.text)
    __scatterload                            0x000002d9   Thumb Code    28  init.o(.text)
    __scatterload_rt2                        0x000002d9   Thumb Code     0  init.o(.text)
    _chval                                   0x000002fd   Thumb Code    28  _chval.o(.text)
    GPIODirModeSet                           0x00000319   Thumb Code    40  gpio.o(i.GPIODirModeSet)
    GPIOPadConfigSet                         0x00000341   Thumb Code   176  gpio.o(i.GPIOPadConfigSet)
    GPIOPinTypeUART                          0x000003f1   Thumb Code    28  gpio.o(i.GPIOPinTypeUART)
    IntEnable                                0x0000040d   Thumb Code   104  interrupt.o(i.IntEnable)
    IntMasterEnable                          0x00000475   Thumb Code    10  interrupt.o(i.IntMasterEnable)
    JSON_Parse                               0x00000481   Thumb Code   254  json.o(i.JSON_Parse)
    RxFifo_Flush                             0x00000595   Thumb Code    12  fifo.o(i.RxFifo_Flush)
    RxFifo_Get                               0x000005ad   Thumb Code    58  fifo.o(i.RxFifo_Get)
    RxFifo_Init                              0x000005f5   Thumb Code    26  fifo.o(i.RxFifo_Init)
    RxFifo_Put                               0x0000061d   Thumb Code    44  fifo.o(i.RxFifo_Put)
    SSIBusy                                  0x00000655   Thumb Code     8  ssi.o(i.SSIBusy)
    SSIDataPut                               0x0000065d   Thumb Code    12  ssi.o(i.SSIDataPut)
    SysCtlClockGet                           0x00000669   Thumb Code   438  sysctl.o(i.SysCtlClockGet)
    SysCtlClockSet                           0x0000084d   Thumb Code   288  sysctl.o(i.SysCtlClockSet)
    SysCtlPeripheralEnable                   0x00000985   Thumb Code    26  sysctl.o(i.SysCtlPeripheralEnable)
    SysTickDisable                           0x000009a5   Thumb Code    14  systick.o(i.SysTickDisable)
    SysTickEnable                            0x000009b3   Thumb Code    14  systick.o(i.SysTickEnable)
    SysTickIntDisable                        0x000009c1   Thumb Code    14  systick.o(i.SysTickIntDisable)
    SysTickIntEnable                         0x000009cf   Thumb Code    14  systick.o(i.SysTickIntEnable)
    SysTickPeriodSet                         0x000009dd   Thumb Code    10  systick.o(i.SysTickPeriodSet)
    SysTick_Handler                          0x000009e9   Thumb Code   116  system_clock.o(i.SysTick_Handler)
    SystemClock_Init                         0x00000a6d   Thumb Code    26  system_clock.o(i.SystemClock_Init)
    SystemClock_Set                          0x00000a8d   Thumb Code     6  system_clock.o(i.SystemClock_Set)
    UARTCharGetNonBlocking                   0x00000a99   Thumb Code    16  uart.o(i.UARTCharGetNonBlocking)
    UARTCharPutNonBlocking                   0x00000aa9   Thumb Code    18  uart.o(i.UARTCharPutNonBlocking)
    UARTCharsAvail                           0x00000abb   Thumb Code    10  uart.o(i.UARTCharsAvail)
    UARTConfigSetExpClk                      0x00000ac5   Thumb Code   110  uart.o(i.UARTConfigSetExpClk)
    UARTIntClear                             0x00000b33   Thumb Code     4  uart.o(i.UARTIntClear)
    UARTIntEnable                            0x00000b37   Thumb Code     8  uart.o(i.UARTIntEnable)
    UARTIntHandler                           0x00000b41   Thumb Code    48  uart.o(i.UARTIntHandler)
    UARTIntStatus                            0x00000b75   Thumb Code    10  uart.o(i.UARTIntStatus)
    UART_Init                                0x00000b81   Thumb Code    64  uart.o(i.UART_Init)
    UART_Send                                0x00000bcd   Thumb Code    28  uart.o(i.UART_Send)
    WiFly_Adhoc_Off                          0x00000bed   Thumb Code    16  wifly.o(i.WiFly_Adhoc_Off)
    WiFly_Init                               0x00000c05   Thumb Code    70  wifly.o(i.WiFly_Init)
    WiFly_Match                              0x00000c65   Thumb Code    62  wifly.o(i.WiFly_Match)
    WiFly_Open                               0x00000ca5   Thumb Code    90  wifly.o(i.WiFly_Open)
    WiFly_Reset                              0x00000d15   Thumb Code    38  wifly.o(i.WiFly_Reset)
    WiFly_Send                               0x00000d45   Thumb Code    74  wifly.o(i.WiFly_Send)
    WiFly_Send_Cmd                           0x00000d91   Thumb Code    64  wifly.o(i.WiFly_Send_Cmd)
    WiFly_Time                               0x00000de1   Thumb Code    98  wifly.o(i.WiFly_Time)
    Zone_Disable                             0x00000e5d   Thumb Code    24  zone.o(i.Zone_Disable)
    Zone_Enable                              0x00000e79   Thumb Code    44  zone.o(i.Zone_Enable)
    __aeabi_errno_addr                       0x00000ead   Thumb Code     4  errno.o(i.__aeabi_errno_addr)
    __rt_errno_addr                          0x00000ead   Thumb Code     0  errno.o(i.__aeabi_errno_addr)
    __scatterload_copy                       0x00000eb5   Thumb Code    14  handlers.o(i.__scatterload_copy)
    __scatterload_null                       0x00000ec3   Thumb Code     2  handlers.o(i.__scatterload_null)
    __scatterload_zeroinit                   0x00000ec5   Thumb Code    14  handlers.o(i.__scatterload_zeroinit)
    delay250ms                               0x00000ed3   Thumb Code    20  wifly.o(i.delay250ms)
    jsmn_init                                0x00000f1f   Thumb Code    12  jsmn.o(i.jsmn_init)
    jsmn_parse                               0x00000f2b   Thumb Code   472  jsmn.o(i.jsmn_parse)
    json_token_streq                         0x00001257   Thumb Code    48  json.o(i.json_token_streq)
    json_token_toul                          0x00001287   Thumb Code    26  json.o(i.json_token_toul)
    main                                     0x000012a1   Thumb Code    50  main.o(i.main)
    scheduleExtract                          0x000012dd   Thumb Code    60  schedule.o(i.scheduleExtract)
    scheduleParse                            0x00001321   Thumb Code    12  schedule.o(i.scheduleParse)
    __ctype_table                            0x000013c8   Data         129  ctype_o.o(.constdata)
    Region$$Table$$Base                      0x000014ac   Number         0  anon$$obj.o(Region$$Table)
    Region$$Table$$Limit                     0x000014cc   Number         0  anon$$obj.o(Region$$Table)
    JSON_START                               0x20000004   Data           4  schedule.o(.data)
    JSON_END                                 0x20000008   Data           4  schedule.o(.data)
    schedule_idx                             0x2000000c   Data           4  schedule.o(.data)
    CMD_CMD                                  0x20000010   Data           4  wifly.o(.data)
    CMD_RSP                                  0x20000014   Data           4  wifly.o(.data)
    EXIT_CMD                                 0x20000018   Data           4  wifly.o(.data)
    EXIT_RSP                                 0x2000001c   Data           4  wifly.o(.data)
    TIME_CMD                                 0x20000020   Data           4  wifly.o(.data)
    TIME_RSP                                 0x20000024   Data           4  wifly.o(.data)
    OPEN_CMD                                 0x20000028   Data           4  wifly.o(.data)
    OPEN_FLG                                 0x2000002c   Data           4  wifly.o(.data)
    CLOS_FLG                                 0x20000030   Data           4  wifly.o(.data)
    RxPutPt                                  0x20000034   Data           4  fifo.o(.data)
    RxGetPt                                  0x20000038   Data           4  fifo.o(.data)
    ROOT_KEY                                 0x2000003c   Data           4  json.o(.data)
    ZONE_KEY                                 0x20000040   Data           4  json.o(.data)
    START_KEY                                0x20000044   Data           4  json.o(.data)
    END_KEY                                  0x20000048   Data           4  json.o(.data)
    Schedule_Registry                        0x20000054   Data           4  file_system.o(.data)
    VALID_SCHEDULE                           0x20000058   Data           4  file_system.o(.data)
    INVALID_SCHEDULE                         0x2000005c   Data           4  file_system.o(.data)
    ScheduleSize                             0x20000060   Data           4  file_system.o(.data)
    TempScheduleSize                         0x20000064   Data           4  file_system.o(.data)
    Schedule                                 0x20000068   Data           4  file_system.o(.data)
    TempSchedule                             0x2000006c   Data           4  file_system.o(.data)
    resp                                     0x20000074   Data        2500  main.o(.bss)
    schedule                                 0x20000a38   Data         640  schedule.o(.bss)
    __initial_sp                             0x20001780   Data           0  startup_rvmdk.o(STACK)



==============================================================================

Memory Map of the image

  Image Entry point : 0x000000f1

  Load Region LR_IROM (Base: 0x00000000, Size: 0x00001540, Max: 0x00040000, ABSOLUTE)

    Execution Region ER_IROM (Base: 0x00000000, Size: 0x000014cc, Max: 0x00040000, ABSOLUTE)

    Base Addr    Size         Type   Attr      Idx    E Section Name        Object

    0x00000000   0x000000fc   Code   RO          214  * RESET               startup_rvmdk.o
    0x000000fc   0x00000000   Code   RO         1505  * .ARM.Collect$$$$00000000  mc_w.l(entry.o)
    0x000000fc   0x00000004   Code   RO         1520    .ARM.Collect$$$$00000001  mc_w.l(entry2.o)
    0x00000100   0x00000004   Code   RO         1523    .ARM.Collect$$$$00000004  mc_w.l(entry5.o)
    0x00000104   0x00000000   Code   RO         1525    .ARM.Collect$$$$00000008  mc_w.l(entry7b.o)
    0x00000104   0x00000008   Code   RO         1526    .ARM.Collect$$$$00000009  mc_w.l(entry8.o)
    0x0000010c   0x00000004   Code   RO         1521    .ARM.Collect$$$$00002712  mc_w.l(entry2.o)
    0x00000110   0x00000006   Code   RO          916    .emb_text           driverlib.lib(sysctl.o)
    0x00000116   0x00000002   PAD
    0x00000118   0x0000001a   Code   RO         1495    .emb_text           driverlib.lib(cpu.o)
    0x00000132   0x00000002   PAD
    0x00000134   0x0000001c   Code   RO          215    .text               startup_rvmdk.o
    0x00000150   0x0000002c   Code   RO         1510    .text               mc_w.l(strstr.o)
    0x0000017c   0x00000010   Code   RO         1512    .text               mc_w.l(strlen.o)
    0x0000018c   0x00000012   Code   RO         1514    .text               mc_w.l(strcpy.o)
    0x0000019e   0x0000001e   Code   RO         1516    .text               mc_w.l(strncmp.o)
    0x000001bc   0x00000072   Code   RO         1518    .text               mc_w.l(strtoul.o)
    0x0000022e   0x00000002   PAD
    0x00000230   0x00000008   Code   RO         1527    .text               mc_w.l(ctype_o.o)
    0x00000238   0x0000009e   Code   RO         1562    .text               mc_w.l(_strtoul.o)
    0x000002d6   0x00000002   PAD
    0x000002d8   0x00000024   Code   RO         1564    .text               mc_w.l(init.o)
    0x000002fc   0x0000001c   Code   RO         1566    .text               mc_w.l(_chval.o)
    0x00000318   0x00000028   Code   RO          485    i.GPIODirModeSet    driverlib.lib(gpio.o)
    0x00000340   0x000000b0   Code   RO          490    i.GPIOPadConfigSet  driverlib.lib(gpio.o)
    0x000003f0   0x0000001c   Code   RO          511    i.GPIOPinTypeUART   driverlib.lib(gpio.o)
    0x0000040c   0x00000068   Code   RO          715    i.IntEnable         driverlib.lib(interrupt.o)
    0x00000474   0x0000000a   Code   RO          717    i.IntMasterEnable   driverlib.lib(interrupt.o)
    0x0000047e   0x00000002   PAD
    0x00000480   0x00000114   Code   RO          298    i.JSON_Parse        json.o
    0x00000594   0x00000018   Code   RO          222    i.RxFifo_Flush      fifo.o
    0x000005ac   0x00000048   Code   RO          223    i.RxFifo_Get        fifo.o
    0x000005f4   0x00000028   Code   RO          224    i.RxFifo_Init       fifo.o
    0x0000061c   0x00000038   Code   RO          226    i.RxFifo_Put        fifo.o
    0x00000654   0x00000008   Code   RO          805    i.SSIBusy           driverlib.lib(ssi.o)
    0x0000065c   0x0000000c   Code   RO          811    i.SSIDataPut        driverlib.lib(ssi.o)
    0x00000668   0x000001e4   Code   RO          921    i.SysCtlClockGet    driverlib.lib(sysctl.o)
    0x0000084c   0x00000138   Code   RO          922    i.SysCtlClockSet    driverlib.lib(sysctl.o)
    0x00000984   0x00000020   Code   RO          946    i.SysCtlPeripheralEnable  driverlib.lib(sysctl.o)
    0x000009a4   0x0000000e   Code   RO         1181    i.SysTickDisable    driverlib.lib(systick.o)
    0x000009b2   0x0000000e   Code   RO         1182    i.SysTickEnable     driverlib.lib(systick.o)
    0x000009c0   0x0000000e   Code   RO         1183    i.SysTickIntDisable  driverlib.lib(systick.o)
    0x000009ce   0x0000000e   Code   RO         1184    i.SysTickIntEnable  driverlib.lib(systick.o)
    0x000009dc   0x0000000a   Code   RO         1188    i.SysTickPeriodSet  driverlib.lib(systick.o)
    0x000009e6   0x00000002   PAD
    0x000009e8   0x00000084   Code   RO          379    i.SysTick_Handler   system_clock.o
    0x00000a6c   0x00000020   Code   RO          381    i.SystemClock_Init  system_clock.o
    0x00000a8c   0x0000000c   Code   RO          382    i.SystemClock_Set   system_clock.o
    0x00000a98   0x00000010   Code   RO         1247    i.UARTCharGetNonBlocking  driverlib.lib(uart.o)
    0x00000aa8   0x00000012   Code   RO         1249    i.UARTCharPutNonBlocking  driverlib.lib(uart.o)
    0x00000aba   0x0000000a   Code   RO         1250    i.UARTCharsAvail    driverlib.lib(uart.o)
    0x00000ac4   0x0000006e   Code   RO         1252    i.UARTConfigSetExpClk  driverlib.lib(uart.o)
    0x00000b32   0x00000004   Code   RO         1265    i.UARTIntClear      driverlib.lib(uart.o)
    0x00000b36   0x00000008   Code   RO         1267    i.UARTIntEnable     driverlib.lib(uart.o)
    0x00000b3e   0x00000002   PAD
    0x00000b40   0x00000034   Code   RO          268    i.UARTIntHandler    uart.o
    0x00000b74   0x0000000a   Code   RO         1269    i.UARTIntStatus     driverlib.lib(uart.o)
    0x00000b7e   0x00000002   PAD
    0x00000b80   0x0000004c   Code   RO          269    i.UART_Init         uart.o
    0x00000bcc   0x00000020   Code   RO          270    i.UART_Send         uart.o
    0x00000bec   0x00000018   Code   RO          136    i.WiFly_Adhoc_Off   wifly.o
    0x00000c04   0x00000060   Code   RO          138    i.WiFly_Init        wifly.o
    0x00000c64   0x0000003e   Code   RO          139    i.WiFly_Match       wifly.o
    0x00000ca2   0x00000002   PAD
    0x00000ca4   0x00000070   Code   RO          140    i.WiFly_Open        wifly.o
    0x00000d14   0x00000030   Code   RO          141    i.WiFly_Reset       wifly.o
    0x00000d44   0x0000004a   Code   RO          142    i.WiFly_Send        wifly.o
    0x00000d8e   0x00000002   PAD
    0x00000d90   0x00000050   Code   RO          143    i.WiFly_Send_Cmd    wifly.o
    0x00000de0   0x0000007c   Code   RO          144    i.WiFly_Time        wifly.o
    0x00000e5c   0x0000001c   Code   RO            2    i.Zone_Disable      zone.o
    0x00000e78   0x00000034   Code   RO            3    i.Zone_Enable       zone.o
    0x00000eac   0x00000008   Code   RO         1555    i.__aeabi_errno_addr  mc_w.l(errno.o)
    0x00000eb4   0x0000000e   Code   RO         1570    i.__scatterload_copy  mc_w.l(handlers.o)
    0x00000ec2   0x00000002   Code   RO         1571    i.__scatterload_null  mc_w.l(handlers.o)
    0x00000ec4   0x0000000e   Code   RO         1572    i.__scatterload_zeroinit  mc_w.l(handlers.o)
    0x00000ed2   0x00000014   Code   RO          145    i.delay250ms        wifly.o
    0x00000ee6   0x0000002a   Code   RO          341    i.jsmn_alloc_token  jsmn.o
    0x00000f10   0x0000000e   Code   RO          342    i.jsmn_fill_token   jsmn.o
    0x00000f1e   0x0000000c   Code   RO          343    i.jsmn_init         jsmn.o
    0x00000f2a   0x000001d8   Code   RO          344    i.jsmn_parse        jsmn.o
    0x00001102   0x000000a0   Code   RO          345    i.jsmn_parse_primitive  jsmn.o
    0x000011a2   0x000000b4   Code   RO          346    i.jsmn_parse_string  jsmn.o
    0x00001256   0x00000030   Code   RO          299    i.json_token_streq  json.o
    0x00001286   0x0000001a   Code   RO          301    i.json_token_toul   json.o
    0x000012a0   0x0000003c   Code   RO           59    i.main              main.o
    0x000012dc   0x00000044   Code   RO           99    i.scheduleExtract   schedule.o
    0x00001320   0x0000000c   Code   RO          100    i.scheduleParse     schedule.o
    0x0000132c   0x0000009c   Data   RO          959    .constdata          driverlib.lib(sysctl.o)
    0x000013c8   0x00000081   Data   RO         1528    .constdata          mc_w.l(ctype_o.o)
    0x00001449   0x00000003   PAD
    0x0000144c   0x00000004   Data   RO         1529    .constdata          mc_w.l(ctype_o.o)
    0x00001450   0x0000000c   Data   RO          103    .conststring        schedule.o
    0x0000145c   0x0000002f   Data   RO          146    .conststring        wifly.o
    0x0000148b   0x0000001f   Data   RO          302    .conststring        json.o
    0x000014aa   0x00000002   PAD
    0x000014ac   0x00000020   Data   RO         1568    Region$$Table       anon$$obj.o


    Execution Region RW_IRAM (Base: 0x20000000, Size: 0x00001780, Max: 0x00010000, ABSOLUTE)

    Base Addr    Size         Type   Attr      Idx    E Section Name        Object

    0x20000000   0x00000004   Data   RW            5    .data               zone.o
    0x20000004   0x0000000c   Data   RW          104    .data               schedule.o
    0x20000010   0x00000024   Data   RW          147    .data               wifly.o
    0x20000034   0x00000008   Data   RW          229    .data               fifo.o
    0x2000003c   0x00000010   Data   RW          303    .data               json.o
    0x2000004c   0x00000008   Data   RW          383    .data               system_clock.o
    0x20000054   0x0000001c   Data   RW          417    .data               file_system.o
    0x20000070   0x00000004   Data   RW         1558    .data               mc_w.l(errno.o)
    0x20000074   0x000009c4   Zero   RW           60    .bss                main.o
    0x20000a38   0x00000280   Zero   RW          102    .bss                schedule.o
    0x20000cb8   0x000009c4   Zero   RW          228    .bss                fifo.o
    0x2000167c   0x00000004   PAD
    0x20001680   0x00000100   Zero   RW          212    STACK               startup_rvmdk.o


==============================================================================

Image component sizes


      Code (inc. data)   RO Data    RW Data    ZI Data      Debug   Object Name

       192         52          0          8       2500       2337   fifo.o
         0          0          0         28          0        948   file_system.o
       880          0          0          0          0       4613   jsmn.o
       350         28         31         16          0       3224   json.o
        60         10          0          0       2500       2706   main.o
        80          8         12         12        640       2110   schedule.o
       280        242          0          0        256        564   startup_rvmdk.o
       176         28          0          8          0       1519   system_clock.o
       160         20          0          0          0       1365   uart.o
       640        108         47         36          0       6205   wifly.o
        80         12          0          4          0       5609   zone.o

    ----------------------------------------------------------------------
      2902        508        124        112       5900      31200   Object Totals
         0          0         32          0          0          0   (incl. Generated)
         4          0          2          0          4          0   (incl. Padding)

    ----------------------------------------------------------------------

      Code (inc. data)   RO Data    RW Data    ZI Data      Debug   Library Member Name

        26          0          0          0          0        316   cpu.o
       244          0          0          0          0       4946   gpio.o
       114          0          0          0          0        994   interrupt.o
        20          0          0          0          0        863   ssi.o
       834         76        156          0          0       3771   sysctl.o
        66          0          0          0          0       1915   systick.o
       176          0          0          0          0       4201   uart.o
        28          0          0          0          0         68   _chval.o
       158          0          0          0          0         92   _strtoul.o
         8          4        133          0          0         68   ctype_o.o
         0          0          0          0          0          0   entry.o
         8          4          0          0          0          0   entry2.o
         4          0          0          0          0          0   entry5.o
         0          0          0          0          0          0   entry7b.o
         8          4          0          0          0          0   entry8.o
         8          4          0          4          0         68   errno.o
        30          0          0          0          0          0   handlers.o
        36          8          0          0          0         68   init.o
        18          0          0          0          0         68   strcpy.o
        16          0          0          0          0         68   strlen.o
        30          0          0          0          0         80   strncmp.o
        44          0          0          0          0         80   strstr.o
       114          0          0          0          0         92   strtoul.o

    ----------------------------------------------------------------------
      2006        100        292          4          0      17758   Library Totals
        16          0          3          0          0          0   (incl. Padding)

    ----------------------------------------------------------------------

      Code (inc. data)   RO Data    RW Data    ZI Data      Debug   Library Name

      1480         76        156          0          0      17006   driverlib.lib
       510         24        133          4          0        752   mc_w.l

    ----------------------------------------------------------------------
      2006        100        292          4          0      17758   Library Totals

    ----------------------------------------------------------------------

==============================================================================


      Code (inc. data)   RO Data    RW Data    ZI Data      Debug   

      4908        608        416        116       5900      46134   Grand Totals
      4908        608        416        116       5900      46134   ELF Image Totals
      4908        608        416        116          0          0   ROM Totals

==============================================================================

    Total RO  Size (Code + RO Data)                 5324 (   5.20kB)
    Total RW  Size (RW Data + ZI Data)              6016 (   5.88kB)
    Total ROM Size (Code + RO Data + RW Data)       5440 (   5.31kB)

==============================================================================

