ARM Linker, 5.02 [Build 28] [MDK-ARM Lite]

==============================================================================

Section Cross References

    zone.o(i.Zone_Disable) refers to ssi.o(i.SSIBusy) for SSIBusy
    zone.o(i.Zone_Disable) refers to ssi.o(i.SSIDataPut) for SSIDataPut
    zone.o(i.Zone_Enable) refers to ssi.o(i.SSIBusy) for SSIBusy
    zone.o(i.Zone_Enable) refers to ssi.o(i.SSIDataPut) for SSIDataPut
    zone.o(i.Zone_Init) refers to sysctl.o(i.SysCtlPeripheralEnable) for SysCtlPeripheralEnable
    zone.o(i.Zone_Init) refers to gpio.o(i.GPIOPinTypeSSI) for GPIOPinTypeSSI
    zone.o(i.Zone_Init) refers to gpio.o(i.GPIOPadConfigSet) for GPIOPadConfigSet
    zone.o(i.Zone_Init) refers to ssi.o(i.SSIDisable) for SSIDisable
    zone.o(i.Zone_Init) refers to sysctl.o(i.SysCtlClockGet) for SysCtlClockGet
    zone.o(i.Zone_Init) refers to ssi.o(i.SSIConfigSetExpClk) for SSIConfigSetExpClk
    zone.o(i.Zone_Init) refers to ssi.o(i.SSIEnable) for SSIEnable
    zone.o(i.Zone_Init) refers to ssi.o(i.SSIBusy) for SSIBusy
    zone.o(i.Zone_Init) refers to ssi.o(i.SSIDataPut) for SSIDataPut
    main.o(i.main) refers to sysctl.o(i.SysCtlClockSet) for SysCtlClockSet
    main.o(i.main) refers to system_clock.o(i.SystemClock_Init) for SystemClock_Init
    main.o(i.main) refers to zone.o(i.Zone_Init) for Zone_Init
    main.o(i.main) refers to file_system.o(i.Schedule_Init) for Schedule_Init
    main.o(i.main) refers to wifly.o(i.WiFly_Init) for WiFly_Init
    main.o(i.main) refers to interrupt.o(i.IntMasterEnable) for IntMasterEnable
    main.o(i.main) refers to wifly.o(i.WiFly_Time) for WiFly_Time
    main.o(i.main) refers to system_clock.o(i.SystemClock_Set) for SystemClock_Set
    main.o(i.main) refers to wifly.o(i.WiFly_Open) for WiFly_Open
    main.o(i.main) refers to schedule.o(i.scheduleParse) for scheduleParse
    main.o(i.main) refers to file_system.o(i.Schedule_Enter) for Schedule_Enter
    main.o(i.main) refers to file_system.o(i.Schedule_Refresh) for Schedule_Refresh
    main.o(i.main) refers to schedule.o(.bss) for schedule
    main.o(i.main) refers to schedule.o(.data) for schedule_idx
    schedule.o(i.getNextNum) refers to schedule.o(i.nextDigit) for nextDigit
    schedule.o(i.getNextNum) refers to ctype_o.o(.text) for __rt_ctype_table
    schedule.o(i.getNextNum) refers to strtoul.o(.text) for strtoul
    schedule.o(i.getNextNum) refers to fifo.o(i.RxFifo_Get) for RxFifo_Get
    schedule.o(i.getNextString) refers to schedule.o(i.nextAlpha) for nextAlpha
    schedule.o(i.getNextString) refers to ctype_o.o(.text) for __rt_ctype_table
    schedule.o(i.getNextString) refers to fifo.o(i.RxFifo_Get) for RxFifo_Get
    schedule.o(i.nextAlpha) refers to ctype_o.o(.text) for __rt_ctype_table
    schedule.o(i.nextAlpha) refers to fifo.o(i.RxFifo_Get) for RxFifo_Get
    schedule.o(i.nextAlpha) refers to fifo.o(i.RxFifo_Peek) for RxFifo_Peek
    schedule.o(i.nextDigit) refers to ctype_o.o(.text) for __rt_ctype_table
    schedule.o(i.nextDigit) refers to fifo.o(i.RxFifo_Get) for RxFifo_Get
    schedule.o(i.nextDigit) refers to fifo.o(i.RxFifo_Peek) for RxFifo_Peek
    schedule.o(i.scheduleExtract) refers to strstr.o(.text) for strstr
    schedule.o(i.scheduleExtract) refers to strcpy.o(.text) for strcpy
    schedule.o(i.scheduleExtract) refers to schedule.o(.data) for HTTP_JSON_START
    schedule.o(i.scheduleParse) refers to schedule.o(i.getNextString) for getNextString
    schedule.o(i.scheduleParse) refers to strcmp.o(.text) for strcmp
    schedule.o(i.scheduleParse) refers to schedule.o(i.getNextNum) for getNextNum
    schedule.o(i.scheduleParse) refers to fifo.o(i.RxFifo_Size) for RxFifo_Size
    schedule.o(i.scheduleParse) refers to schedule.o(.constdata) for KEYS
    schedule.o(i.scheduleParse) refers to schedule.o(.bss) for schedule
    schedule.o(i.scheduleParse) refers to schedule.o(.data) for schedule_idx
    schedule.o(.constdata) refers to schedule.o(.conststring) for .conststring
    schedule.o(.data) refers to schedule.o(.conststring) for .conststring
    wifly.o(i.WiFly_Init) refers to uart.o(i.UART_Init) for UART_Init
    wifly.o(i.WiFly_Init) refers to wifly.o(i.delay250ms) for delay250ms
    wifly.o(i.WiFly_Init) refers to wifly.o(i.WiFly_Adhoc_Off) for WiFly_Adhoc_Off
    wifly.o(i.WiFly_Init) refers to wifly.o(i.WiFly_Reset) for WiFly_Reset
    wifly.o(i.WiFly_Init) refers to wifly.o(i.WiFly_Send_Cmd) for WiFly_Send_Cmd
    wifly.o(i.WiFly_Match) refers to strlen.o(.text) for strlen
    wifly.o(i.WiFly_Match) refers to fifo.o(i.RxFifo_Get) for RxFifo_Get
    wifly.o(i.WiFly_Open) refers to fifo.o(i.RxFifo_Flush) for RxFifo_Flush
    wifly.o(i.WiFly_Open) refers to wifly.o(i.WiFly_Send) for WiFly_Send
    wifly.o(i.WiFly_Open) refers to sysctl.o(i.SysCtlClockGet) for SysCtlClockGet
    wifly.o(i.WiFly_Open) refers to sysctl.o(.emb_text) for SysCtlDelay
    wifly.o(i.WiFly_Open) refers to wifly.o(.data) for CMD_RSP
    wifly.o(i.WiFly_Reset) refers to wifly.o(i.delay250ms) for delay250ms
    wifly.o(i.WiFly_Send) refers to wifly.o(i.delay250ms) for delay250ms
    wifly.o(i.WiFly_Send) refers to strlen.o(.text) for strlen
    wifly.o(i.WiFly_Send) refers to uart.o(i.UART_Send) for UART_Send
    wifly.o(i.WiFly_Send) refers to wifly.o(i.WiFly_Match) for WiFly_Match
    wifly.o(i.WiFly_Send_Cmd) refers to fifo.o(i.RxFifo_Flush) for RxFifo_Flush
    wifly.o(i.WiFly_Send_Cmd) refers to wifly.o(i.WiFly_Send) for WiFly_Send
    wifly.o(i.WiFly_Send_Cmd) refers to wifly.o(.data) for CMD_RSP
    wifly.o(i.WiFly_Time) refers to fifo.o(i.RxFifo_Flush) for RxFifo_Flush
    wifly.o(i.WiFly_Time) refers to wifly.o(i.WiFly_Send) for WiFly_Send
    wifly.o(i.WiFly_Time) refers to fifo.o(i.RxFifo_Get) for RxFifo_Get
    wifly.o(i.WiFly_Time) refers to strtoul.o(.text) for strtoul
    wifly.o(i.WiFly_Time) refers to wifly.o(.data) for CMD_RSP
    wifly.o(i.delay250ms) refers to sysctl.o(i.SysCtlClockGet) for SysCtlClockGet
    wifly.o(i.delay250ms) refers to sysctl.o(.emb_text) for SysCtlDelay
    wifly.o(.data) refers to wifly.o(.conststring) for .conststring
    startup_rvmdk.o(RESET) refers to startup_rvmdk.o(STACK) for StackMem
    startup_rvmdk.o(RESET) refers to system_clock.o(i.SysTick_Handler) for SysTick_Handler
    startup_rvmdk.o(RESET) refers to uart.o(i.UARTIntHandler) for UARTIntHandler
    startup_rvmdk.o(RESET) refers to entry.o(.ARM.Collect$$$$00000000) for __main
    fifo.o(i.RxFifo_Flush) refers to fifo.o(i.RxFifo_Init) for RxFifo_Init
    fifo.o(i.RxFifo_Get) refers to fifo.o(.data) for RxPutPt
    fifo.o(i.RxFifo_Get) refers to fifo.o(.bss) for RxFifo
    fifo.o(i.RxFifo_Init) refers to startup_rvmdk.o(.text) for StartCritical
    fifo.o(i.RxFifo_Init) refers to fifo.o(.bss) for RxFifo
    fifo.o(i.RxFifo_Init) refers to fifo.o(.data) for RxGetPt
    fifo.o(i.RxFifo_Peek) refers to fifo.o(.data) for RxPutPt
    fifo.o(i.RxFifo_Put) refers to fifo.o(.data) for RxPutPt
    fifo.o(i.RxFifo_Put) refers to fifo.o(.bss) for RxFifo
    fifo.o(i.RxFifo_Size) refers to fifo.o(.data) for RxPutPt
    uart.o(i.UARTIntHandler) refers to uart.o(i.UARTIntStatus) for UARTIntStatus
    uart.o(i.UARTIntHandler) refers to uart.o(i.UARTIntClear) for UARTIntClear
    uart.o(i.UARTIntHandler) refers to uart.o(i.UARTCharGetNonBlocking) for UARTCharGetNonBlocking
    uart.o(i.UARTIntHandler) refers to fifo.o(i.RxFifo_Put) for RxFifo_Put
    uart.o(i.UARTIntHandler) refers to uart.o(i.UARTCharsAvail) for UARTCharsAvail
    uart.o(i.UART_Init) refers to fifo.o(i.RxFifo_Init) for RxFifo_Init
    uart.o(i.UART_Init) refers to sysctl.o(i.SysCtlPeripheralEnable) for SysCtlPeripheralEnable
    uart.o(i.UART_Init) refers to gpio.o(i.GPIOPinTypeUART) for GPIOPinTypeUART
    uart.o(i.UART_Init) refers to sysctl.o(i.SysCtlClockGet) for SysCtlClockGet
    uart.o(i.UART_Init) refers to uart.o(i.UARTConfigSetExpClk) for UARTConfigSetExpClk
    uart.o(i.UART_Init) refers to interrupt.o(i.IntEnable) for IntEnable
    uart.o(i.UART_Init) refers to uart.o(i.UARTIntEnable) for UARTIntEnable
    uart.o(i.UART_Send) refers to uart.o(i.UARTCharPutNonBlocking) for UARTCharPutNonBlocking
    system_clock.o(i.SysTick_Handler) refers to zone.o(i.Zone_Enable) for Zone_Enable
    system_clock.o(i.SysTick_Handler) refers to zone.o(i.Zone_Disable) for Zone_Disable
    system_clock.o(i.SysTick_Handler) refers to system_clock.o(.data) for SystemClock_MSec
    system_clock.o(i.SysTick_Handler) refers to file_system.o(.data) for Schedule
    system_clock.o(i.SystemClock_Get) refers to system_clock.o(.data) for SystemClock_Sec
    system_clock.o(i.SystemClock_Init) refers to systick.o(i.SysTickIntDisable) for SysTickIntDisable
    system_clock.o(i.SystemClock_Init) refers to systick.o(i.SysTickDisable) for SysTickDisable
    system_clock.o(i.SystemClock_Init) refers to systick.o(i.SysTickPeriodSet) for SysTickPeriodSet
    system_clock.o(i.SystemClock_Init) refers to systick.o(i.SysTickEnable) for SysTickEnable
    system_clock.o(i.SystemClock_Init) refers to systick.o(i.SysTickIntEnable) for SysTickIntEnable
    system_clock.o(i.SystemClock_Set) refers to startup_rvmdk.o(.text) for StartCritical
    system_clock.o(i.SystemClock_Set) refers to system_clock.o(.data) for SystemClock_Sec
    file_system.o(i.Schedule_Enter) refers to flash_prog.o(i.Flash_Erase) for Flash_Erase
    file_system.o(i.Schedule_Enter) refers to flash_prog.o(i.Flash_ProgramArray) for Flash_ProgramArray
    file_system.o(i.Schedule_Enter) refers to file_system.o(.data) for TempSchedule
    file_system.o(i.Schedule_Init) refers to flash_prog.o(i.Flash_Init) for Flash_Init
    file_system.o(i.Schedule_Init) refers to flash_prog.o(i.Flash_Erase) for Flash_Erase
    file_system.o(i.Schedule_Init) refers to flash_prog.o(i.Flash_Write) for Flash_Write
    file_system.o(i.Schedule_Init) refers to file_system.o(.data) for ScheduleRegistry
    file_system.o(i.Schedule_Refresh) refers to startup_rvmdk.o(.text) for StartCritical
    file_system.o(i.Schedule_Refresh) refers to flash_prog.o(i.Flash_Erase) for Flash_Erase
    file_system.o(i.Schedule_Refresh) refers to flash_prog.o(i.Flash_Write) for Flash_Write
    file_system.o(i.Schedule_Refresh) refers to file_system.o(.data) for ScheduleRegistrySize
    flash_prog.o(i.Flash_Erase) refers to flash_prog.o(i.EraseAddrValid) for EraseAddrValid
    flash_prog.o(i.Flash_Erase) refers to startup_rvmdk.o(.text) for DisableInterrupts
    flash_prog.o(i.Flash_ProgramArray) refers to flash_prog.o(i.Flash_Write) for Flash_Write
    flash_prog.o(i.Flash_Write) refers to flash_prog.o(i.WriteAddrValid) for WriteAddrValid
    flash_prog.o(i.Flash_Write) refers to startup_rvmdk.o(.text) for DisableInterrupts
    gpio.o(i.GPIOPinConfigure) refers to gpio.o(.constdata) for .constdata
    gpio.o(i.GPIOPinTypeADC) refers to gpio.o(i.GPIODirModeSet) for GPIODirModeSet
    gpio.o(i.GPIOPinTypeADC) refers to gpio.o(i.GPIOPadConfigSet) for GPIOPadConfigSet
    gpio.o(i.GPIOPinTypeCAN) refers to gpio.o(i.GPIODirModeSet) for GPIODirModeSet
    gpio.o(i.GPIOPinTypeCAN) refers to gpio.o(i.GPIOPadConfigSet) for GPIOPadConfigSet
    gpio.o(i.GPIOPinTypeComparator) refers to gpio.o(i.GPIODirModeSet) for GPIODirModeSet
    gpio.o(i.GPIOPinTypeComparator) refers to gpio.o(i.GPIOPadConfigSet) for GPIOPadConfigSet
    gpio.o(i.GPIOPinTypeEPI) refers to gpio.o(i.GPIODirModeSet) for GPIODirModeSet
    gpio.o(i.GPIOPinTypeEPI) refers to gpio.o(i.GPIOPadConfigSet) for GPIOPadConfigSet
    gpio.o(i.GPIOPinTypeEthernetLED) refers to gpio.o(i.GPIODirModeSet) for GPIODirModeSet
    gpio.o(i.GPIOPinTypeEthernetLED) refers to gpio.o(i.GPIOPadConfigSet) for GPIOPadConfigSet
    gpio.o(i.GPIOPinTypeGPIOInput) refers to gpio.o(i.GPIODirModeSet) for GPIODirModeSet
    gpio.o(i.GPIOPinTypeGPIOInput) refers to gpio.o(i.GPIOPadConfigSet) for GPIOPadConfigSet
    gpio.o(i.GPIOPinTypeGPIOOutput) refers to gpio.o(i.GPIODirModeSet) for GPIODirModeSet
    gpio.o(i.GPIOPinTypeGPIOOutput) refers to gpio.o(i.GPIOPadConfigSet) for GPIOPadConfigSet
    gpio.o(i.GPIOPinTypeGPIOOutputOD) refers to gpio.o(i.GPIODirModeSet) for GPIODirModeSet
    gpio.o(i.GPIOPinTypeGPIOOutputOD) refers to gpio.o(i.GPIOPadConfigSet) for GPIOPadConfigSet
    gpio.o(i.GPIOPinTypeI2C) refers to gpio.o(i.GPIODirModeSet) for GPIODirModeSet
    gpio.o(i.GPIOPinTypeI2C) refers to gpio.o(i.GPIOPadConfigSet) for GPIOPadConfigSet
    gpio.o(i.GPIOPinTypeI2S) refers to gpio.o(i.GPIODirModeSet) for GPIODirModeSet
    gpio.o(i.GPIOPinTypeI2S) refers to gpio.o(i.GPIOPadConfigSet) for GPIOPadConfigSet
    gpio.o(i.GPIOPinTypePWM) refers to gpio.o(i.GPIODirModeSet) for GPIODirModeSet
    gpio.o(i.GPIOPinTypePWM) refers to gpio.o(i.GPIOPadConfigSet) for GPIOPadConfigSet
    gpio.o(i.GPIOPinTypeQEI) refers to gpio.o(i.GPIODirModeSet) for GPIODirModeSet
    gpio.o(i.GPIOPinTypeQEI) refers to gpio.o(i.GPIOPadConfigSet) for GPIOPadConfigSet
    gpio.o(i.GPIOPinTypeSSI) refers to gpio.o(i.GPIODirModeSet) for GPIODirModeSet
    gpio.o(i.GPIOPinTypeSSI) refers to gpio.o(i.GPIOPadConfigSet) for GPIOPadConfigSet
    gpio.o(i.GPIOPinTypeTimer) refers to gpio.o(i.GPIODirModeSet) for GPIODirModeSet
    gpio.o(i.GPIOPinTypeTimer) refers to gpio.o(i.GPIOPadConfigSet) for GPIOPadConfigSet
    gpio.o(i.GPIOPinTypeUART) refers to gpio.o(i.GPIODirModeSet) for GPIODirModeSet
    gpio.o(i.GPIOPinTypeUART) refers to gpio.o(i.GPIOPadConfigSet) for GPIOPadConfigSet
    gpio.o(i.GPIOPinTypeUSBAnalog) refers to gpio.o(i.GPIODirModeSet) for GPIODirModeSet
    gpio.o(i.GPIOPinTypeUSBAnalog) refers to gpio.o(i.GPIOPadConfigSet) for GPIOPadConfigSet
    gpio.o(i.GPIOPinTypeUSBDigital) refers to gpio.o(i.GPIODirModeSet) for GPIODirModeSet
    gpio.o(i.GPIOPinTypeUSBDigital) refers to gpio.o(i.GPIOPadConfigSet) for GPIOPadConfigSet
    gpio.o(i.GPIOPortIntRegister) refers to gpio.o(i.GPIOGetIntNumber) for GPIOGetIntNumber
    gpio.o(i.GPIOPortIntRegister) refers to interrupt.o(i.IntRegister) for IntRegister
    gpio.o(i.GPIOPortIntRegister) refers to interrupt.o(i.IntEnable) for IntEnable
    gpio.o(i.GPIOPortIntUnregister) refers to gpio.o(i.GPIOGetIntNumber) for GPIOGetIntNumber
    gpio.o(i.GPIOPortIntUnregister) refers to interrupt.o(i.IntDisable) for IntDisable
    gpio.o(i.GPIOPortIntUnregister) refers to interrupt.o(i.IntUnregister) for IntUnregister
    interrupt.o(i.IntMasterDisable) refers to cpu.o(.emb_text) for CPUcpsid
    interrupt.o(i.IntMasterEnable) refers to cpu.o(.emb_text) for CPUcpsie
    interrupt.o(i.IntPriorityGet) refers to interrupt.o(.constdata) for .constdata
    interrupt.o(i.IntPriorityGroupingGet) refers to interrupt.o(.constdata) for .constdata
    interrupt.o(i.IntPriorityGroupingSet) refers to interrupt.o(.constdata) for .constdata
    interrupt.o(i.IntPrioritySet) refers to interrupt.o(.constdata) for .constdata
    interrupt.o(i.IntRegister) refers to interrupt.o(vtable) for vtable
    interrupt.o(i.IntUnregister) refers to interrupt.o(i.IntDefaultHandler) for IntDefaultHandler
    interrupt.o(i.IntUnregister) refers to interrupt.o(vtable) for vtable
    ssi.o(i.SSIIntRegister) refers to interrupt.o(i.IntRegister) for IntRegister
    ssi.o(i.SSIIntRegister) refers to interrupt.o(i.IntEnable) for IntEnable
    ssi.o(i.SSIIntUnregister) refers to interrupt.o(i.IntDisable) for IntDisable
    ssi.o(i.SSIIntUnregister) refers to interrupt.o(i.IntUnregister) for IntUnregister
    sysctl.o(i.SysCtlClockGet) refers to sysctl.o(.constdata) for .constdata
    sysctl.o(i.SysCtlClockSet) refers to sysctl.o(.emb_text) for SysCtlDelay
    sysctl.o(i.SysCtlDeepSleep) refers to cpu.o(.emb_text) for CPUwfi
    sysctl.o(i.SysCtlI2SMClkSet) refers to sysctl.o(.constdata) for .constdata
    sysctl.o(i.SysCtlIntRegister) refers to interrupt.o(i.IntRegister) for IntRegister
    sysctl.o(i.SysCtlIntRegister) refers to interrupt.o(i.IntEnable) for IntEnable
    sysctl.o(i.SysCtlIntUnregister) refers to interrupt.o(i.IntDisable) for IntDisable
    sysctl.o(i.SysCtlIntUnregister) refers to interrupt.o(i.IntUnregister) for IntUnregister
    sysctl.o(i.SysCtlPeripheralDeepSleepDisable) refers to sysctl.o(.constdata) for .constdata
    sysctl.o(i.SysCtlPeripheralDeepSleepEnable) refers to sysctl.o(.constdata) for .constdata
    sysctl.o(i.SysCtlPeripheralDisable) refers to sysctl.o(.constdata) for .constdata
    sysctl.o(i.SysCtlPeripheralEnable) refers to sysctl.o(.constdata) for .constdata
    sysctl.o(i.SysCtlPeripheralPresent) refers to sysctl.o(.constdata) for .constdata
    sysctl.o(i.SysCtlPeripheralReset) refers to sysctl.o(.constdata) for .constdata
    sysctl.o(i.SysCtlPeripheralSleepDisable) refers to sysctl.o(.constdata) for .constdata
    sysctl.o(i.SysCtlPeripheralSleepEnable) refers to sysctl.o(.constdata) for .constdata
    sysctl.o(i.SysCtlSleep) refers to cpu.o(.emb_text) for CPUwfi
    systick.o(i.SysTickIntRegister) refers to interrupt.o(i.IntRegister) for IntRegister
    systick.o(i.SysTickIntUnregister) refers to interrupt.o(i.IntUnregister) for IntUnregister
    uart.o(i.UARTIntRegister) refers to interrupt.o(i.IntRegister) for IntRegister
    uart.o(i.UARTIntRegister) refers to interrupt.o(i.IntEnable) for IntEnable
    uart.o(i.UARTIntUnregister) refers to interrupt.o(i.IntDisable) for IntDisable
    uart.o(i.UARTIntUnregister) refers to interrupt.o(i.IntUnregister) for IntUnregister
    entry.o(.ARM.Collect$$$$00000000) refers (Special) to entry7b.o(.ARM.Collect$$$$00000008) for _main_clock
    entry.o(.ARM.Collect$$$$00000000) refers (Special) to entry8.o(.ARM.Collect$$$$00000009) for _main_init
    entry.o(.ARM.Collect$$$$00000000) refers (Special) to entry5.o(.ARM.Collect$$$$00000004) for _main_scatterload
    entry.o(.ARM.Collect$$$$00000000) refers (Special) to entry2.o(.ARM.Collect$$$$00000001) for _main_stk
    ctype_o.o(.text) refers to ctype_o.o(.constdata) for .constdata
    ctype_o.o(.constdata) refers to ctype_o.o(.constdata) for __ctype_table
    isalnum_o.o(.text) refers to ctype_o.o(.text) for __rt_ctype_table
    isalpha_o.o(.text) refers to ctype_o.o(.text) for __rt_ctype_table
    isblank_o.o(.text) refers to ctype_o.o(.constdata) for __ctype_table
    iscntrl_o.o(.text) refers to ctype_o.o(.text) for __rt_ctype_table
    isdigit_o.o(.text) refers to ctype_o.o(.text) for __rt_ctype_table
    isgraph_o.o(.text) refers to ctype_o.o(.text) for __rt_ctype_table
    islower_o.o(.text) refers to ctype_o.o(.text) for __rt_ctype_table
    isprint_o.o(.text) refers to ctype_o.o(.text) for __rt_ctype_table
    ispunct_o.o(.text) refers to ctype_o.o(.text) for __rt_ctype_table
    isspace_o.o(.text) refers to ctype_o.o(.text) for __rt_ctype_table
    isupper_o.o(.text) refers to ctype_o.o(.text) for __rt_ctype_table
    isxdigit_o.o(.text) refers to ctype_o.o(.text) for __rt_ctype_table
    strtoul.o(.text) refers to errno.o(i.__aeabi_errno_addr) for __aeabi_errno_addr
    strtoul.o(.text) refers to ctype_o.o(.text) for __rt_ctype_table
    strtoul.o(.text) refers to _strtoul.o(.text) for _strtoul
    entry2.o(.ARM.Collect$$$$00000001) refers to entry2.o(.ARM.Collect$$$$00002712) for __lit__00000000
    entry2.o(.ARM.Collect$$$$00002712) refers to startup_rvmdk.o(STACK) for __initial_sp
    entry2.o(__vectab_stack_and_reset_area) refers to startup_rvmdk.o(STACK) for __initial_sp
    entry2.o(__vectab_stack_and_reset_area) refers to entry.o(.ARM.Collect$$$$00000000) for __main
    entry5.o(.ARM.Collect$$$$00000004) refers to init.o(.text) for __scatterload
    entry8.o(.ARM.Collect$$$$00000009) refers to main.o(i.main) for main
    errno.o(i.__aeabi_errno_addr) refers to errno.o(.data) for .data
    errno.o(i.__read_errno) refers to errno.o(.data) for .data
    errno.o(i.__set_errno) refers to errno.o(.data) for .data
    _strtoul.o(.text) refers to _chval.o(.text) for _chval
    _strtoul.o(.text) refers to errno.o(i.__aeabi_errno_addr) for __aeabi_errno_addr
    init.o(.text) refers to entry5.o(.ARM.Collect$$$$00000004) for __main_after_scatterload


==============================================================================

Removing Unused input sections from the image.

    Removing schedule.o(i.scheduleExtract), (68 bytes).
    Removing wifly.o(i.WiFly_Adhoc_On), (24 bytes).
    Removing startup_rvmdk.o(HEAP), (0 bytes).
    Removing system_clock.o(i.SystemClock_Get), (12 bytes).
    Removing gpio.o(i.GPIODirModeGet), (34 bytes).
    Removing gpio.o(i.GPIOGetIntNumber), (156 bytes).
    Removing gpio.o(i.GPIOIntTypeGet), (48 bytes).
    Removing gpio.o(i.GPIOIntTypeSet), (58 bytes).
    Removing gpio.o(i.GPIOPadConfigGet), (140 bytes).
    Removing gpio.o(i.GPIOPinConfigure), (72 bytes).
    Removing gpio.o(i.GPIOPinIntClear), (6 bytes).
    Removing gpio.o(i.GPIOPinIntDisable), (14 bytes).
    Removing gpio.o(i.GPIOPinIntEnable), (12 bytes).
    Removing gpio.o(i.GPIOPinIntStatus), (14 bytes).
    Removing gpio.o(i.GPIOPinRead), (6 bytes).
    Removing gpio.o(i.GPIOPinTypeADC), (28 bytes).
    Removing gpio.o(i.GPIOPinTypeCAN), (28 bytes).
    Removing gpio.o(i.GPIOPinTypeComparator), (28 bytes).
    Removing gpio.o(i.GPIOPinTypeEPI), (28 bytes).
    Removing gpio.o(i.GPIOPinTypeEthernetLED), (28 bytes).
    Removing gpio.o(i.GPIOPinTypeGPIOInput), (28 bytes).
    Removing gpio.o(i.GPIOPinTypeGPIOOutput), (28 bytes).
    Removing gpio.o(i.GPIOPinTypeGPIOOutputOD), (28 bytes).
    Removing gpio.o(i.GPIOPinTypeI2C), (28 bytes).
    Removing gpio.o(i.GPIOPinTypeI2S), (28 bytes).
    Removing gpio.o(i.GPIOPinTypePWM), (28 bytes).
    Removing gpio.o(i.GPIOPinTypeQEI), (28 bytes).
    Removing gpio.o(i.GPIOPinTypeTimer), (28 bytes).
    Removing gpio.o(i.GPIOPinTypeUSBAnalog), (28 bytes).
    Removing gpio.o(i.GPIOPinTypeUSBDigital), (28 bytes).
    Removing gpio.o(i.GPIOPinWrite), (6 bytes).
    Removing gpio.o(i.GPIOPortIntRegister), (26 bytes).
    Removing gpio.o(i.GPIOPortIntUnregister), (22 bytes).
    Removing gpio.o(.constdata), (72 bytes).
    Removing interrupt.o(i.IntDefaultHandler), (2 bytes).
    Removing interrupt.o(i.IntDisable), (104 bytes).
    Removing interrupt.o(i.IntMasterDisable), (10 bytes).
    Removing interrupt.o(i.IntPendClear), (72 bytes).
    Removing interrupt.o(i.IntPendSet), (90 bytes).
    Removing interrupt.o(i.IntPriorityGet), (28 bytes).
    Removing interrupt.o(i.IntPriorityGroupingGet), (40 bytes).
    Removing interrupt.o(i.IntPriorityGroupingSet), (28 bytes).
    Removing interrupt.o(i.IntPrioritySet), (40 bytes).
    Removing interrupt.o(i.IntRegister), (56 bytes).
    Removing interrupt.o(i.IntUnregister), (20 bytes).
    Removing interrupt.o(.constdata), (104 bytes).
    Removing interrupt.o(vtable), (284 bytes).
    Removing ssi.o(i.SSIDMADisable), (10 bytes).
    Removing ssi.o(i.SSIDMAEnable), (8 bytes).
    Removing ssi.o(i.SSIDataGet), (14 bytes).
    Removing ssi.o(i.SSIDataGetNonBlocking), (18 bytes).
    Removing ssi.o(i.SSIDataPutNonBlocking), (16 bytes).
    Removing ssi.o(i.SSIIntClear), (4 bytes).
    Removing ssi.o(i.SSIIntDisable), (10 bytes).
    Removing ssi.o(i.SSIIntEnable), (8 bytes).
    Removing ssi.o(i.SSIIntRegister), (32 bytes).
    Removing ssi.o(i.SSIIntStatus), (10 bytes).
    Removing ssi.o(i.SSIIntUnregister), (32 bytes).
    Removing sysctl.o(i.SysCtlADCSpeedGet), (16 bytes).
    Removing sysctl.o(i.SysCtlADCSpeedSet), (32 bytes).
    Removing sysctl.o(i.SysCtlBrownOutConfigSet), (16 bytes).
    Removing sysctl.o(i.SysCtlClkVerificationClear), (20 bytes).
    Removing sysctl.o(i.SysCtlDeepSleep), (32 bytes).
    Removing sysctl.o(i.SysCtlFlashSizeGet), (20 bytes).
    Removing sysctl.o(i.SysCtlGPIOAHBDisable), (20 bytes).
    Removing sysctl.o(i.SysCtlGPIOAHBEnable), (16 bytes).
    Removing sysctl.o(i.SysCtlI2SMClkSet), (216 bytes).
    Removing sysctl.o(i.SysCtlIOSCVerificationSet), (24 bytes).
    Removing sysctl.o(i.SysCtlIntClear), (12 bytes).
    Removing sysctl.o(i.SysCtlIntDisable), (16 bytes).
    Removing sysctl.o(i.SysCtlIntEnable), (16 bytes).
    Removing sysctl.o(i.SysCtlIntRegister), (20 bytes).
    Removing sysctl.o(i.SysCtlIntStatus), (16 bytes).
    Removing sysctl.o(i.SysCtlIntUnregister), (18 bytes).
    Removing sysctl.o(i.SysCtlLDOConfigSet), (12 bytes).
    Removing sysctl.o(i.SysCtlLDOGet), (12 bytes).
    Removing sysctl.o(i.SysCtlLDOSet), (12 bytes).
    Removing sysctl.o(i.SysCtlMOSCVerificationSet), (24 bytes).
    Removing sysctl.o(i.SysCtlPLLVerificationSet), (24 bytes).
    Removing sysctl.o(i.SysCtlPWMClockGet), (24 bytes).
    Removing sysctl.o(i.SysCtlPWMClockSet), (20 bytes).
    Removing sysctl.o(i.SysCtlPeripheralClockGating), (24 bytes).
    Removing sysctl.o(i.SysCtlPeripheralDeepSleepDisable), (32 bytes).
    Removing sysctl.o(i.SysCtlPeripheralDeepSleepEnable), (32 bytes).
    Removing sysctl.o(i.SysCtlPeripheralDisable), (32 bytes).
    Removing sysctl.o(i.SysCtlPeripheralPresent), (64 bytes).
    Removing sysctl.o(i.SysCtlPeripheralReset), (56 bytes).
    Removing sysctl.o(i.SysCtlPeripheralSleepDisable), (32 bytes).
    Removing sysctl.o(i.SysCtlPeripheralSleepEnable), (32 bytes).
    Removing sysctl.o(i.SysCtlPinPresent), (16 bytes).
    Removing sysctl.o(i.SysCtlReset), (16 bytes).
    Removing sysctl.o(i.SysCtlResetCauseClear), (16 bytes).
    Removing sysctl.o(i.SysCtlResetCauseGet), (12 bytes).
    Removing sysctl.o(i.SysCtlSRAMSizeGet), (20 bytes).
    Removing sysctl.o(i.SysCtlSleep), (4 bytes).
    Removing sysctl.o(i.SysCtlUSBPLLDisable), (16 bytes).
    Removing sysctl.o(i.SysCtlUSBPLLEnable), (16 bytes).
    Removing systick.o(i.SysTickIntRegister), (24 bytes).
    Removing systick.o(i.SysTickIntUnregister), (18 bytes).
    Removing systick.o(i.SysTickPeriodGet), (10 bytes).
    Removing systick.o(i.SysTickValueGet), (8 bytes).
    Removing uart.o(i.UARTBreakCtl), (18 bytes).
    Removing uart.o(i.UARTBusy), (8 bytes).
    Removing uart.o(i.UARTCharGet), (12 bytes).
    Removing uart.o(i.UARTCharPut), (12 bytes).
    Removing uart.o(i.UARTConfigGetExpClk), (46 bytes).
    Removing uart.o(i.UARTDMADisable), (10 bytes).
    Removing uart.o(i.UARTDMAEnable), (8 bytes).
    Removing uart.o(i.UARTDisable), (30 bytes).
    Removing uart.o(i.UARTDisableSIR), (10 bytes).
    Removing uart.o(i.UARTEnable), (20 bytes).
    Removing uart.o(i.UARTEnableSIR), (18 bytes).
    Removing uart.o(i.UARTFIFODisable), (10 bytes).
    Removing uart.o(i.UARTFIFOEnable), (10 bytes).
    Removing uart.o(i.UARTFIFOLevelGet), (16 bytes).
    Removing uart.o(i.UARTFIFOLevelSet), (6 bytes).
    Removing uart.o(i.UARTFlowControlGet), (8 bytes).
    Removing uart.o(i.UARTFlowControlSet), (12 bytes).
    Removing uart.o(i.UARTIntDisable), (10 bytes).
    Removing uart.o(i.UARTIntRegister), (46 bytes).
    Removing uart.o(i.UARTIntUnregister), (46 bytes).
    Removing uart.o(i.UARTModemControlClear), (14 bytes).
    Removing uart.o(i.UARTModemControlGet), (8 bytes).
    Removing uart.o(i.UARTModemControlSet), (12 bytes).
    Removing uart.o(i.UARTModemStatusGet), (10 bytes).
    Removing uart.o(i.UARTParityModeGet), (8 bytes).
    Removing uart.o(i.UARTParityModeSet), (12 bytes).
    Removing uart.o(i.UARTRxErrorClear), (6 bytes).
    Removing uart.o(i.UARTRxErrorGet), (8 bytes).
    Removing uart.o(i.UARTSmartCardDisable), (10 bytes).
    Removing uart.o(i.UARTSmartCardEnable), (22 bytes).
    Removing uart.o(i.UARTSpaceAvail), (10 bytes).
    Removing uart.o(i.UARTTxIntModeGet), (8 bytes).
    Removing uart.o(i.UARTTxIntModeSet), (12 bytes).

134 unused section(s) (total 3864 bytes) removed from the image.

==============================================================================

Image Symbol Table

    Local Symbols

    Symbol Name                              Value     Ov Type        Size  Object(Section)

    RESET                                    0x00000000   Section      252  startup_rvmdk.o(RESET)
    ../clib/microlib/ctype/ctype.c           0x00000000   Number         0  isspace_o.o ABSOLUTE
    ../clib/microlib/ctype/ctype.c           0x00000000   Number         0  ctype_o.o ABSOLUTE
    ../clib/microlib/ctype/ctype.c           0x00000000   Number         0  isgraph_o.o ABSOLUTE
    ../clib/microlib/ctype/ctype.c           0x00000000   Number         0  isalpha_o.o ABSOLUTE
    ../clib/microlib/ctype/ctype.c           0x00000000   Number         0  isblank_o.o ABSOLUTE
    ../clib/microlib/ctype/ctype.c           0x00000000   Number         0  islower_o.o ABSOLUTE
    ../clib/microlib/ctype/ctype.c           0x00000000   Number         0  iscntrl_o.o ABSOLUTE
    ../clib/microlib/ctype/ctype.c           0x00000000   Number         0  isprint_o.o ABSOLUTE
    ../clib/microlib/ctype/ctype.c           0x00000000   Number         0  isdigit_o.o ABSOLUTE
    ../clib/microlib/ctype/ctype.c           0x00000000   Number         0  ispunct_o.o ABSOLUTE
    ../clib/microlib/ctype/ctype.c           0x00000000   Number         0  isalnum_o.o ABSOLUTE
    ../clib/microlib/ctype/ctype.c           0x00000000   Number         0  isxdigit_o.o ABSOLUTE
    ../clib/microlib/ctype/ctype.c           0x00000000   Number         0  isupper_o.o ABSOLUTE
    ../clib/microlib/errno.c                 0x00000000   Number         0  errno.o ABSOLUTE
    ../clib/microlib/init/entry.s            0x00000000   Number         0  entry8.o ABSOLUTE
    ../clib/microlib/init/entry.s            0x00000000   Number         0  entry7b.o ABSOLUTE
    ../clib/microlib/init/entry.s            0x00000000   Number         0  entry7a.o ABSOLUTE
    ../clib/microlib/init/entry.s            0x00000000   Number         0  entry.o ABSOLUTE
    ../clib/microlib/init/entry.s            0x00000000   Number         0  entry2.o ABSOLUTE
    ../clib/microlib/init/entry.s            0x00000000   Number         0  entry5.o ABSOLUTE
    ../clib/microlib/string/strcmp.c         0x00000000   Number         0  strcmp.o ABSOLUTE
    ../clib/microlib/string/strcpy.c         0x00000000   Number         0  strcpy.o ABSOLUTE
    ../clib/microlib/string/strlen.c         0x00000000   Number         0  strlen.o ABSOLUTE
    ../clib/microlib/string/strstr.c         0x00000000   Number         0  strstr.o ABSOLUTE
    ../clib/scanf.c                          0x00000000   Number         0  _strtoul.o ABSOLUTE
    ../clib/scanf.c                          0x00000000   Number         0  _chval.o ABSOLUTE
    ../clib/scanf.c                          0x00000000   Number         0  strtoul.o ABSOLUTE
    cpu.c                                    0x00000000   Number         0  cpu.o ABSOLUTE
    cpu.c                                    0x00000000   Number         0  cpu.o ABSOLUTE
    dc.s                                     0x00000000   Number         0  dc.o ABSOLUTE
    gpio.c                                   0x00000000   Number         0  gpio.o ABSOLUTE
    handlers.s                               0x00000000   Number         0  handlers.o ABSOLUTE
    init.s                                   0x00000000   Number         0  init.o ABSOLUTE
    interrupt.c                              0x00000000   Number         0  interrupt.o ABSOLUTE
    src\fifo.c                               0x00000000   Number         0  fifo.o ABSOLUTE
    src\file_system.c                        0x00000000   Number         0  file_system.o ABSOLUTE
    src\flash_prog.c                         0x00000000   Number         0  flash_prog.o ABSOLUTE
    src\main.c                               0x00000000   Number         0  main.o ABSOLUTE
    src\schedule.c                           0x00000000   Number         0  schedule.o ABSOLUTE
    src\startup_rvmdk.S                      0x00000000   Number         0  startup_rvmdk.o ABSOLUTE
    src\system_clock.c                       0x00000000   Number         0  system_clock.o ABSOLUTE
    src\uart.c                               0x00000000   Number         0  uart.o ABSOLUTE
    src\wifly.c                              0x00000000   Number         0  wifly.o ABSOLUTE
    src\zone.c                               0x00000000   Number         0  zone.o ABSOLUTE
    ssi.c                                    0x00000000   Number         0  ssi.o ABSOLUTE
    sysctl.c                                 0x00000000   Number         0  sysctl.o ABSOLUTE
    sysctl.c                                 0x00000000   Number         0  sysctl.o ABSOLUTE
    systick.c                                0x00000000   Number         0  systick.o ABSOLUTE
    uart.c                                   0x00000000   Number         0  uart.o ABSOLUTE
    NmiSR                                    0x000000f5   Thumb Code     0  startup_rvmdk.o(RESET)
    FaultISR                                 0x000000f7   Thumb Code     0  startup_rvmdk.o(RESET)
    IntDefaultHandler                        0x000000f9   Thumb Code     0  startup_rvmdk.o(RESET)
    .ARM.Collect$$$$00000000                 0x000000fc   Section        0  entry.o(.ARM.Collect$$$$00000000)
    .ARM.Collect$$$$00000001                 0x000000fc   Section        4  entry2.o(.ARM.Collect$$$$00000001)
    .ARM.Collect$$$$00000004                 0x00000100   Section        4  entry5.o(.ARM.Collect$$$$00000004)
    .ARM.Collect$$$$00000008                 0x00000104   Section        0  entry7b.o(.ARM.Collect$$$$00000008)
    .ARM.Collect$$$$00000009                 0x00000104   Section        8  entry8.o(.ARM.Collect$$$$00000009)
    .ARM.Collect$$$$00002712                 0x0000010c   Section        4  entry2.o(.ARM.Collect$$$$00002712)
    __lit__00000000                          0x0000010c   Data           4  entry2.o(.ARM.Collect$$$$00002712)
    .emb_text                                0x00000110   Section        6  sysctl.o(.emb_text)
    .emb_text                                0x00000118   Section       26  cpu.o(.emb_text)
    .text                                    0x00000134   Section       28  startup_rvmdk.o(.text)
    .text                                    0x00000150   Section        0  ctype_o.o(.text)
    .text                                    0x00000158   Section        0  strlen.o(.text)
    .text                                    0x00000168   Section        0  strcmp.o(.text)
    .text                                    0x00000184   Section        0  strtoul.o(.text)
    .text                                    0x000001f6   Section        0  _strtoul.o(.text)
    .text                                    0x00000294   Section       36  init.o(.text)
    .text                                    0x000002b8   Section        0  _chval.o(.text)
    i.EraseAddrValid                         0x000002d4   Section        0  flash_prog.o(i.EraseAddrValid)
    EraseAddrValid                           0x000002d5   Thumb Code    22  flash_prog.o(i.EraseAddrValid)
    i.Flash_Erase                            0x000002ec   Section        0  flash_prog.o(i.Flash_Erase)
    i.Flash_Init                             0x00000334   Section        0  flash_prog.o(i.Flash_Init)
    i.Flash_ProgramArray                     0x00000344   Section        0  flash_prog.o(i.Flash_ProgramArray)
    i.Flash_Write                            0x00000374   Section        0  flash_prog.o(i.Flash_Write)
    i.GPIODirModeSet                         0x000003c0   Section        0  gpio.o(i.GPIODirModeSet)
    i.GPIOPadConfigSet                       0x000003e8   Section        0  gpio.o(i.GPIOPadConfigSet)
    i.GPIOPinTypeSSI                         0x00000498   Section        0  gpio.o(i.GPIOPinTypeSSI)
    i.GPIOPinTypeUART                        0x000004b4   Section        0  gpio.o(i.GPIOPinTypeUART)
    i.IntEnable                              0x000004d0   Section        0  interrupt.o(i.IntEnable)
    i.IntMasterEnable                        0x00000538   Section        0  interrupt.o(i.IntMasterEnable)
    i.RxFifo_Flush                           0x00000542   Section        0  fifo.o(i.RxFifo_Flush)
    i.RxFifo_Get                             0x0000054c   Section        0  fifo.o(i.RxFifo_Get)
    i.RxFifo_Init                            0x00000594   Section        0  fifo.o(i.RxFifo_Init)
    i.RxFifo_Peek                            0x000005bc   Section        0  fifo.o(i.RxFifo_Peek)
    i.RxFifo_Put                             0x000005e4   Section        0  fifo.o(i.RxFifo_Put)
    i.RxFifo_Size                            0x0000061c   Section        0  fifo.o(i.RxFifo_Size)
    i.SSIBusy                                0x00000650   Section        0  ssi.o(i.SSIBusy)
    i.SSIConfigSetExpClk                     0x00000658   Section        0  ssi.o(i.SSIConfigSetExpClk)
    i.SSIDataPut                             0x000006a4   Section        0  ssi.o(i.SSIDataPut)
    i.SSIDisable                             0x000006b0   Section        0  ssi.o(i.SSIDisable)
    i.SSIEnable                              0x000006ba   Section        0  ssi.o(i.SSIEnable)
    i.Schedule_Enter                         0x000006c4   Section        0  file_system.o(i.Schedule_Enter)
    i.Schedule_Init                          0x00000714   Section        0  file_system.o(i.Schedule_Init)
    i.Schedule_Refresh                       0x0000080c   Section        0  file_system.o(i.Schedule_Refresh)
    i.SysCtlClockGet                         0x00000890   Section        0  sysctl.o(i.SysCtlClockGet)
    i.SysCtlClockSet                         0x00000a74   Section        0  sysctl.o(i.SysCtlClockSet)
    i.SysCtlPeripheralEnable                 0x00000bac   Section        0  sysctl.o(i.SysCtlPeripheralEnable)
    i.SysTickDisable                         0x00000bcc   Section        0  systick.o(i.SysTickDisable)
    i.SysTickEnable                          0x00000bda   Section        0  systick.o(i.SysTickEnable)
    i.SysTickIntDisable                      0x00000be8   Section        0  systick.o(i.SysTickIntDisable)
    i.SysTickIntEnable                       0x00000bf6   Section        0  systick.o(i.SysTickIntEnable)
    i.SysTickPeriodSet                       0x00000c04   Section        0  systick.o(i.SysTickPeriodSet)
    i.SysTick_Handler                        0x00000c10   Section        0  system_clock.o(i.SysTick_Handler)
    i.SystemClock_Init                       0x00000ca0   Section        0  system_clock.o(i.SystemClock_Init)
    i.SystemClock_Set                        0x00000cc0   Section        0  system_clock.o(i.SystemClock_Set)
    i.UARTCharGetNonBlocking                 0x00000cdc   Section        0  uart.o(i.UARTCharGetNonBlocking)
    i.UARTCharPutNonBlocking                 0x00000cec   Section        0  uart.o(i.UARTCharPutNonBlocking)
    i.UARTCharsAvail                         0x00000cfe   Section        0  uart.o(i.UARTCharsAvail)
    i.UARTConfigSetExpClk                    0x00000d08   Section        0  uart.o(i.UARTConfigSetExpClk)
    i.UARTIntClear                           0x00000d76   Section        0  uart.o(i.UARTIntClear)
    i.UARTIntEnable                          0x00000d7a   Section        0  uart.o(i.UARTIntEnable)
    i.UARTIntHandler                         0x00000d84   Section        0  uart.o(i.UARTIntHandler)
    i.UARTIntStatus                          0x00000db8   Section        0  uart.o(i.UARTIntStatus)
    i.UART_Init                              0x00000dc4   Section        0  uart.o(i.UART_Init)
    i.UART_Send                              0x00000e10   Section        0  uart.o(i.UART_Send)
    i.WiFly_Adhoc_Off                        0x00000e30   Section        0  wifly.o(i.WiFly_Adhoc_Off)
    i.WiFly_Init                             0x00000e48   Section        0  wifly.o(i.WiFly_Init)
    i.WiFly_Match                            0x00000ea8   Section        0  wifly.o(i.WiFly_Match)
    i.WiFly_Open                             0x00000ee8   Section        0  wifly.o(i.WiFly_Open)
    i.WiFly_Reset                            0x00000f54   Section        0  wifly.o(i.WiFly_Reset)
    i.WiFly_Send                             0x00000f84   Section        0  wifly.o(i.WiFly_Send)
    i.WiFly_Send_Cmd                         0x00000fd0   Section        0  wifly.o(i.WiFly_Send_Cmd)
    i.WiFly_Time                             0x00001020   Section        0  wifly.o(i.WiFly_Time)
    i.WriteAddrValid                         0x000010a0   Section        0  flash_prog.o(i.WriteAddrValid)
    WriteAddrValid                           0x000010a1   Thumb Code    22  flash_prog.o(i.WriteAddrValid)
    i.Zone_Disable                           0x000010b8   Section        0  zone.o(i.Zone_Disable)
    i.Zone_Enable                            0x000010d4   Section        0  zone.o(i.Zone_Enable)
    i.Zone_Init                              0x000010f8   Section        0  zone.o(i.Zone_Init)
    i.__aeabi_errno_addr                     0x00001184   Section        0  errno.o(i.__aeabi_errno_addr)
    i.__scatterload_copy                     0x0000118c   Section       14  handlers.o(i.__scatterload_copy)
    i.__scatterload_null                     0x0000119a   Section        2  handlers.o(i.__scatterload_null)
    i.__scatterload_zeroinit                 0x0000119c   Section       14  handlers.o(i.__scatterload_zeroinit)
    i.delay250ms                             0x000011aa   Section        0  wifly.o(i.delay250ms)
    i.getNextNum                             0x000011be   Section        0  schedule.o(i.getNextNum)
    i.getNextString                          0x00001214   Section        0  schedule.o(i.getNextString)
    i.main                                   0x00001254   Section        0  main.o(i.main)
    i.nextAlpha                              0x000012b4   Section        0  schedule.o(i.nextAlpha)
    i.nextDigit                              0x000012e6   Section        0  schedule.o(i.nextDigit)
    i.scheduleParse                          0x00001318   Section        0  schedule.o(i.scheduleParse)
    .constdata                               0x000013b0   Section       12  schedule.o(.constdata)
    .constdata                               0x000013bc   Section      156  sysctl.o(.constdata)
    g_pulDCRegs                              0x000013bc   Data          16  sysctl.o(.constdata)
    g_pulSRCRRegs                            0x000013cc   Data          12  sysctl.o(.constdata)
    g_pulRCGCRegs                            0x000013d8   Data          12  sysctl.o(.constdata)
    g_pulSCGCRegs                            0x000013e4   Data          12  sysctl.o(.constdata)
    g_pulDCGCRegs                            0x000013f0   Data          12  sysctl.o(.constdata)
    g_pulXtals                               0x000013fc   Data          92  sysctl.o(.constdata)
    .constdata                               0x00001458   Section      129  ctype_o.o(.constdata)
    .constdata                               0x000014dc   Section        4  ctype_o.o(.constdata)
    table                                    0x000014dc   Data           4  ctype_o.o(.constdata)
    .conststring                             0x000014e0   Section       41  schedule.o(.conststring)
    .conststring                             0x00001509   Section       47  wifly.o(.conststring)
    .data                                    0x20000000   Section       24  schedule.o(.data)
    .data                                    0x20000018   Section       36  wifly.o(.data)
    .data                                    0x2000003c   Section        8  fifo.o(.data)
    .data                                    0x20000044   Section        8  system_clock.o(.data)
    SystemClock_Sec                          0x20000044   Data           4  system_clock.o(.data)
    SystemClock_MSec                         0x20000048   Data           4  system_clock.o(.data)
    .data                                    0x2000004c   Section       32  file_system.o(.data)
    .data                                    0x2000006c   Section        4  errno.o(.data)
    _errno                                   0x2000006c   Data           4  errno.o(.data)
    .bss                                     0x20000070   Section      640  schedule.o(.bss)
    .bss                                     0x200002f0   Section     2500  fifo.o(.bss)
    RxFifo                                   0x200002f0   Data        2500  fifo.o(.bss)
    STACK                                    0x20000cb8   Section      256  startup_rvmdk.o(STACK)
    StackMem                                 0x20000cb8   Data           0  startup_rvmdk.o(STACK)

    Global Symbols

    Symbol Name                              Value     Ov Type        Size  Object(Section)

    BuildAttributes$$THM_ISAv4$P$D$K$B$S$PE$A:L22UL41UL21$X:L11$S22US41US21$IEEE1$IW$USESV6$~STKCKD$USESV7$~SHL$OTIME$EBA8$MICROLIB$REQ8$PRES8$EABIv2 0x00000000   Number         0  anon$$obj.o ABSOLUTE
    __ARM_use_no_argv                        0x00000000   Number         0  main.o ABSOLUTE
    __Vectors                                0x00000000   Data           0  startup_rvmdk.o(RESET)
    __decompress                              - Undefined Weak Reference
    _clock_init                               - Undefined Weak Reference
    Reset_Handler                            0x000000f1   Thumb Code     0  startup_rvmdk.o(RESET)
    __main                                   0x000000fd   Thumb Code     0  entry.o(.ARM.Collect$$$$00000000)
    _main_stk                                0x000000fd   Thumb Code     0  entry2.o(.ARM.Collect$$$$00000001)
    _main_scatterload                        0x00000101   Thumb Code     0  entry5.o(.ARM.Collect$$$$00000004)
    __main_after_scatterload                 0x00000105   Thumb Code     0  entry5.o(.ARM.Collect$$$$00000004)
    _main_clock                              0x00000105   Thumb Code     0  entry7b.o(.ARM.Collect$$$$00000008)
    _main_init                               0x00000105   Thumb Code     0  entry8.o(.ARM.Collect$$$$00000009)
    SysCtlDelay                              0x00000111   Thumb Code     6  sysctl.o(.emb_text)
    CPUcpsid                                 0x00000119   Thumb Code     8  cpu.o(.emb_text)
    CPUprimask                               0x00000121   Thumb Code     6  cpu.o(.emb_text)
    CPUcpsie                                 0x00000127   Thumb Code     8  cpu.o(.emb_text)
    CPUwfi                                   0x0000012f   Thumb Code     4  cpu.o(.emb_text)
    DisableInterrupts                        0x00000135   Thumb Code     0  startup_rvmdk.o(.text)
    EnableInterrupts                         0x00000139   Thumb Code     0  startup_rvmdk.o(.text)
    StartCritical                            0x0000013d   Thumb Code     0  startup_rvmdk.o(.text)
    EndCritical                              0x00000145   Thumb Code     0  startup_rvmdk.o(.text)
    WaitForInterrupt                         0x0000014b   Thumb Code     0  startup_rvmdk.o(.text)
    __rt_ctype_table                         0x00000151   Thumb Code     4  ctype_o.o(.text)
    strlen                                   0x00000159   Thumb Code    16  strlen.o(.text)
    strcmp                                   0x00000169   Thumb Code    28  strcmp.o(.text)
    strtoul                                  0x00000185   Thumb Code   114  strtoul.o(.text)
    _strtoul                                 0x000001f7   Thumb Code   158  _strtoul.o(.text)
    __scatterload                            0x00000295   Thumb Code    28  init.o(.text)
    __scatterload_rt2                        0x00000295   Thumb Code     0  init.o(.text)
    _chval                                   0x000002b9   Thumb Code    28  _chval.o(.text)
    Flash_Erase                              0x000002ed   Thumb Code    62  flash_prog.o(i.Flash_Erase)
    Flash_Init                               0x00000335   Thumb Code    10  flash_prog.o(i.Flash_Init)
    Flash_ProgramArray                       0x00000345   Thumb Code    46  flash_prog.o(i.Flash_ProgramArray)
    Flash_Write                              0x00000375   Thumb Code    66  flash_prog.o(i.Flash_Write)
    GPIODirModeSet                           0x000003c1   Thumb Code    40  gpio.o(i.GPIODirModeSet)
    GPIOPadConfigSet                         0x000003e9   Thumb Code   176  gpio.o(i.GPIOPadConfigSet)
    GPIOPinTypeSSI                           0x00000499   Thumb Code    28  gpio.o(i.GPIOPinTypeSSI)
    GPIOPinTypeUART                          0x000004b5   Thumb Code    28  gpio.o(i.GPIOPinTypeUART)
    IntEnable                                0x000004d1   Thumb Code   104  interrupt.o(i.IntEnable)
    IntMasterEnable                          0x00000539   Thumb Code    10  interrupt.o(i.IntMasterEnable)
    RxFifo_Flush                             0x00000543   Thumb Code     8  fifo.o(i.RxFifo_Flush)
    RxFifo_Get                               0x0000054d   Thumb Code    58  fifo.o(i.RxFifo_Get)
    RxFifo_Init                              0x00000595   Thumb Code    26  fifo.o(i.RxFifo_Init)
    RxFifo_Peek                              0x000005bd   Thumb Code    30  fifo.o(i.RxFifo_Peek)
    RxFifo_Put                               0x000005e5   Thumb Code    44  fifo.o(i.RxFifo_Put)
    RxFifo_Size                              0x0000061d   Thumb Code    44  fifo.o(i.RxFifo_Size)
    SSIBusy                                  0x00000651   Thumb Code     8  ssi.o(i.SSIBusy)
    SSIConfigSetExpClk                       0x00000659   Thumb Code    76  ssi.o(i.SSIConfigSetExpClk)
    SSIDataPut                               0x000006a5   Thumb Code    12  ssi.o(i.SSIDataPut)
    SSIDisable                               0x000006b1   Thumb Code    10  ssi.o(i.SSIDisable)
    SSIEnable                                0x000006bb   Thumb Code    10  ssi.o(i.SSIEnable)
    Schedule_Enter                           0x000006c5   Thumb Code    70  file_system.o(i.Schedule_Enter)
    Schedule_Init                            0x00000715   Thumb Code   224  file_system.o(i.Schedule_Init)
    Schedule_Refresh                         0x0000080d   Thumb Code   108  file_system.o(i.Schedule_Refresh)
    SysCtlClockGet                           0x00000891   Thumb Code   438  sysctl.o(i.SysCtlClockGet)
    SysCtlClockSet                           0x00000a75   Thumb Code   288  sysctl.o(i.SysCtlClockSet)
    SysCtlPeripheralEnable                   0x00000bad   Thumb Code    26  sysctl.o(i.SysCtlPeripheralEnable)
    SysTickDisable                           0x00000bcd   Thumb Code    14  systick.o(i.SysTickDisable)
    SysTickEnable                            0x00000bdb   Thumb Code    14  systick.o(i.SysTickEnable)
    SysTickIntDisable                        0x00000be9   Thumb Code    14  systick.o(i.SysTickIntDisable)
    SysTickIntEnable                         0x00000bf7   Thumb Code    14  systick.o(i.SysTickIntEnable)
    SysTickPeriodSet                         0x00000c05   Thumb Code    10  systick.o(i.SysTickPeriodSet)
    SysTick_Handler                          0x00000c11   Thumb Code   128  system_clock.o(i.SysTick_Handler)
    SystemClock_Init                         0x00000ca1   Thumb Code    26  system_clock.o(i.SystemClock_Init)
    SystemClock_Set                          0x00000cc1   Thumb Code    22  system_clock.o(i.SystemClock_Set)
    UARTCharGetNonBlocking                   0x00000cdd   Thumb Code    16  uart.o(i.UARTCharGetNonBlocking)
    UARTCharPutNonBlocking                   0x00000ced   Thumb Code    18  uart.o(i.UARTCharPutNonBlocking)
    UARTCharsAvail                           0x00000cff   Thumb Code    10  uart.o(i.UARTCharsAvail)
    UARTConfigSetExpClk                      0x00000d09   Thumb Code   110  uart.o(i.UARTConfigSetExpClk)
    UARTIntClear                             0x00000d77   Thumb Code     4  uart.o(i.UARTIntClear)
    UARTIntEnable                            0x00000d7b   Thumb Code     8  uart.o(i.UARTIntEnable)
    UARTIntHandler                           0x00000d85   Thumb Code    48  uart.o(i.UARTIntHandler)
    UARTIntStatus                            0x00000db9   Thumb Code    10  uart.o(i.UARTIntStatus)
    UART_Init                                0x00000dc5   Thumb Code    64  uart.o(i.UART_Init)
    UART_Send                                0x00000e11   Thumb Code    28  uart.o(i.UART_Send)
    WiFly_Adhoc_Off                          0x00000e31   Thumb Code    16  wifly.o(i.WiFly_Adhoc_Off)
    WiFly_Init                               0x00000e49   Thumb Code    70  wifly.o(i.WiFly_Init)
    WiFly_Match                              0x00000ea9   Thumb Code    62  wifly.o(i.WiFly_Match)
    WiFly_Open                               0x00000ee9   Thumb Code    86  wifly.o(i.WiFly_Open)
    WiFly_Reset                              0x00000f55   Thumb Code    38  wifly.o(i.WiFly_Reset)
    WiFly_Send                               0x00000f85   Thumb Code    74  wifly.o(i.WiFly_Send)
    WiFly_Send_Cmd                           0x00000fd1   Thumb Code    64  wifly.o(i.WiFly_Send_Cmd)
    WiFly_Time                               0x00001021   Thumb Code   102  wifly.o(i.WiFly_Time)
    Zone_Disable                             0x000010b9   Thumb Code    24  zone.o(i.Zone_Disable)
    Zone_Enable                              0x000010d5   Thumb Code    32  zone.o(i.Zone_Enable)
    Zone_Init                                0x000010f9   Thumb Code   122  zone.o(i.Zone_Init)
    __aeabi_errno_addr                       0x00001185   Thumb Code     4  errno.o(i.__aeabi_errno_addr)
    __rt_errno_addr                          0x00001185   Thumb Code     0  errno.o(i.__aeabi_errno_addr)
    __scatterload_copy                       0x0000118d   Thumb Code    14  handlers.o(i.__scatterload_copy)
    __scatterload_null                       0x0000119b   Thumb Code     2  handlers.o(i.__scatterload_null)
    __scatterload_zeroinit                   0x0000119d   Thumb Code    14  handlers.o(i.__scatterload_zeroinit)
    delay250ms                               0x000011ab   Thumb Code    20  wifly.o(i.delay250ms)
    getNextNum                               0x000011bf   Thumb Code    86  schedule.o(i.getNextNum)
    getNextString                            0x00001215   Thumb Code    64  schedule.o(i.getNextString)
    main                                     0x00001255   Thumb Code    82  main.o(i.main)
    nextAlpha                                0x000012b5   Thumb Code    50  schedule.o(i.nextAlpha)
    nextDigit                                0x000012e7   Thumb Code    48  schedule.o(i.nextDigit)
    scheduleParse                            0x00001319   Thumb Code   138  schedule.o(i.scheduleParse)
    KEYS                                     0x000013b0   Data          12  schedule.o(.constdata)
    __ctype_table                            0x00001458   Data         129  ctype_o.o(.constdata)
    Region$$Table$$Base                      0x00001538   Number         0  anon$$obj.o(Region$$Table)
    Region$$Table$$Limit                     0x00001558   Number         0  anon$$obj.o(Region$$Table)
    schedule_idx                             0x20000000   Data           4  schedule.o(.data)
    HTTP_JSON_START                          0x20000004   Data           4  schedule.o(.data)
    HTTP_JSON_END                            0x20000008   Data           4  schedule.o(.data)
    ZONE_KEY                                 0x2000000c   Data           4  schedule.o(.data)
    START_KEY                                0x20000010   Data           4  schedule.o(.data)
    END_KEY                                  0x20000014   Data           4  schedule.o(.data)
    CMD_CMD                                  0x20000018   Data           4  wifly.o(.data)
    CMD_RSP                                  0x2000001c   Data           4  wifly.o(.data)
    EXIT_CMD                                 0x20000020   Data           4  wifly.o(.data)
    EXIT_RSP                                 0x20000024   Data           4  wifly.o(.data)
    TIME_CMD                                 0x20000028   Data           4  wifly.o(.data)
    TIME_RSP                                 0x2000002c   Data           4  wifly.o(.data)
    OPEN_CMD                                 0x20000030   Data           4  wifly.o(.data)
    OPEN_FLG                                 0x20000034   Data           4  wifly.o(.data)
    CLOS_FLG                                 0x20000038   Data           4  wifly.o(.data)
    RxPutPt                                  0x2000003c   Data           4  fifo.o(.data)
    RxGetPt                                  0x20000040   Data           4  fifo.o(.data)
    ScheduleRegistry                         0x2000004c   Data           4  file_system.o(.data)
    ScheduleRegistrySize                     0x20000050   Data           4  file_system.o(.data)
    VALID_SCHEDULE                           0x20000054   Data           4  file_system.o(.data)
    INVALID_SCHEDULE                         0x20000058   Data           4  file_system.o(.data)
    ScheduleSize                             0x2000005c   Data           4  file_system.o(.data)
    TempScheduleSize                         0x20000060   Data           4  file_system.o(.data)
    Schedule                                 0x20000064   Data           4  file_system.o(.data)
    TempSchedule                             0x20000068   Data           4  file_system.o(.data)
    schedule                                 0x20000070   Data         640  schedule.o(.bss)
    __initial_sp                             0x20000db8   Data           0  startup_rvmdk.o(STACK)



==============================================================================

Memory Map of the image

  Image Entry point : 0x000000f1

  Load Region LR_IROM (Base: 0x00000000, Size: 0x000015c8, Max: 0x00040000, ABSOLUTE)

    Execution Region ER_IROM (Base: 0x00000000, Size: 0x00001558, Max: 0x00040000, ABSOLUTE)

    Base Addr    Size         Type   Attr      Idx    E Section Name        Object

    0x00000000   0x000000fc   Code   RO          220  * RESET               startup_rvmdk.o
    0x000000fc   0x00000000   Code   RO         1430  * .ARM.Collect$$$$00000000  mc_w.l(entry.o)
    0x000000fc   0x00000004   Code   RO         1471    .ARM.Collect$$$$00000001  mc_w.l(entry2.o)
    0x00000100   0x00000004   Code   RO         1474    .ARM.Collect$$$$00000004  mc_w.l(entry5.o)
    0x00000104   0x00000000   Code   RO         1476    .ARM.Collect$$$$00000008  mc_w.l(entry7b.o)
    0x00000104   0x00000008   Code   RO         1477    .ARM.Collect$$$$00000009  mc_w.l(entry8.o)
    0x0000010c   0x00000004   Code   RO         1472    .ARM.Collect$$$$00002712  mc_w.l(entry2.o)
    0x00000110   0x00000006   Code   RO          841    .emb_text           driverlib.lib(sysctl.o)
    0x00000116   0x00000002   PAD
    0x00000118   0x0000001a   Code   RO         1420    .emb_text           driverlib.lib(cpu.o)
    0x00000132   0x00000002   PAD
    0x00000134   0x0000001c   Code   RO          221    .text               startup_rvmdk.o
    0x00000150   0x00000008   Code   RO         1433    .text               mc_w.l(ctype_o.o)
    0x00000158   0x00000010   Code   RO         1463    .text               mc_w.l(strlen.o)
    0x00000168   0x0000001c   Code   RO         1465    .text               mc_w.l(strcmp.o)
    0x00000184   0x00000072   Code   RO         1469    .text               mc_w.l(strtoul.o)
    0x000001f6   0x0000009e   Code   RO         1485    .text               mc_w.l(_strtoul.o)
    0x00000294   0x00000024   Code   RO         1487    .text               mc_w.l(init.o)
    0x000002b8   0x0000001c   Code   RO         1489    .text               mc_w.l(_chval.o)
    0x000002d4   0x00000016   Code   RO          369    i.EraseAddrValid    flash_prog.o
    0x000002ea   0x00000002   PAD
    0x000002ec   0x00000048   Code   RO          370    i.Flash_Erase       flash_prog.o
    0x00000334   0x00000010   Code   RO          371    i.Flash_Init        flash_prog.o
    0x00000344   0x0000002e   Code   RO          372    i.Flash_ProgramArray  flash_prog.o
    0x00000372   0x00000002   PAD
    0x00000374   0x0000004c   Code   RO          373    i.Flash_Write       flash_prog.o
    0x000003c0   0x00000028   Code   RO          410    i.GPIODirModeSet    driverlib.lib(gpio.o)
    0x000003e8   0x000000b0   Code   RO          415    i.GPIOPadConfigSet  driverlib.lib(gpio.o)
    0x00000498   0x0000001c   Code   RO          434    i.GPIOPinTypeSSI    driverlib.lib(gpio.o)
    0x000004b4   0x0000001c   Code   RO          436    i.GPIOPinTypeUART   driverlib.lib(gpio.o)
    0x000004d0   0x00000068   Code   RO          640    i.IntEnable         driverlib.lib(interrupt.o)
    0x00000538   0x0000000a   Code   RO          642    i.IntMasterEnable   driverlib.lib(interrupt.o)
    0x00000542   0x00000008   Code   RO          228    i.RxFifo_Flush      fifo.o
    0x0000054a   0x00000002   PAD
    0x0000054c   0x00000048   Code   RO          229    i.RxFifo_Get        fifo.o
    0x00000594   0x00000028   Code   RO          230    i.RxFifo_Init       fifo.o
    0x000005bc   0x00000028   Code   RO          231    i.RxFifo_Peek       fifo.o
    0x000005e4   0x00000038   Code   RO          232    i.RxFifo_Put        fifo.o
    0x0000061c   0x00000034   Code   RO          233    i.RxFifo_Size       fifo.o
    0x00000650   0x00000008   Code   RO          730    i.SSIBusy           driverlib.lib(ssi.o)
    0x00000658   0x0000004c   Code   RO          731    i.SSIConfigSetExpClk  driverlib.lib(ssi.o)
    0x000006a4   0x0000000c   Code   RO          736    i.SSIDataPut        driverlib.lib(ssi.o)
    0x000006b0   0x0000000a   Code   RO          738    i.SSIDisable        driverlib.lib(ssi.o)
    0x000006ba   0x0000000a   Code   RO          739    i.SSIEnable         driverlib.lib(ssi.o)
    0x000006c4   0x00000050   Code   RO          339    i.Schedule_Enter    file_system.o
    0x00000714   0x000000f8   Code   RO          340    i.Schedule_Init     file_system.o
    0x0000080c   0x00000084   Code   RO          341    i.Schedule_Refresh  file_system.o
    0x00000890   0x000001e4   Code   RO          846    i.SysCtlClockGet    driverlib.lib(sysctl.o)
    0x00000a74   0x00000138   Code   RO          847    i.SysCtlClockSet    driverlib.lib(sysctl.o)
    0x00000bac   0x00000020   Code   RO          871    i.SysCtlPeripheralEnable  driverlib.lib(sysctl.o)
    0x00000bcc   0x0000000e   Code   RO         1106    i.SysTickDisable    driverlib.lib(systick.o)
    0x00000bda   0x0000000e   Code   RO         1107    i.SysTickEnable     driverlib.lib(systick.o)
    0x00000be8   0x0000000e   Code   RO         1108    i.SysTickIntDisable  driverlib.lib(systick.o)
    0x00000bf6   0x0000000e   Code   RO         1109    i.SysTickIntEnable  driverlib.lib(systick.o)
    0x00000c04   0x0000000a   Code   RO         1113    i.SysTickPeriodSet  driverlib.lib(systick.o)
    0x00000c0e   0x00000002   PAD
    0x00000c10   0x00000090   Code   RO          304    i.SysTick_Handler   system_clock.o
    0x00000ca0   0x00000020   Code   RO          306    i.SystemClock_Init  system_clock.o
    0x00000cc0   0x0000001c   Code   RO          307    i.SystemClock_Set   system_clock.o
    0x00000cdc   0x00000010   Code   RO         1172    i.UARTCharGetNonBlocking  driverlib.lib(uart.o)
    0x00000cec   0x00000012   Code   RO         1174    i.UARTCharPutNonBlocking  driverlib.lib(uart.o)
    0x00000cfe   0x0000000a   Code   RO         1175    i.UARTCharsAvail    driverlib.lib(uart.o)
    0x00000d08   0x0000006e   Code   RO         1177    i.UARTConfigSetExpClk  driverlib.lib(uart.o)
    0x00000d76   0x00000004   Code   RO         1190    i.UARTIntClear      driverlib.lib(uart.o)
    0x00000d7a   0x00000008   Code   RO         1192    i.UARTIntEnable     driverlib.lib(uart.o)
    0x00000d82   0x00000002   PAD
    0x00000d84   0x00000034   Code   RO          274    i.UARTIntHandler    uart.o
    0x00000db8   0x0000000a   Code   RO         1194    i.UARTIntStatus     driverlib.lib(uart.o)
    0x00000dc2   0x00000002   PAD
    0x00000dc4   0x0000004c   Code   RO          275    i.UART_Init         uart.o
    0x00000e10   0x00000020   Code   RO          276    i.UART_Send         uart.o
    0x00000e30   0x00000018   Code   RO          142    i.WiFly_Adhoc_Off   wifly.o
    0x00000e48   0x00000060   Code   RO          144    i.WiFly_Init        wifly.o
    0x00000ea8   0x0000003e   Code   RO          145    i.WiFly_Match       wifly.o
    0x00000ee6   0x00000002   PAD
    0x00000ee8   0x0000006c   Code   RO          146    i.WiFly_Open        wifly.o
    0x00000f54   0x00000030   Code   RO          147    i.WiFly_Reset       wifly.o
    0x00000f84   0x0000004a   Code   RO          148    i.WiFly_Send        wifly.o
    0x00000fce   0x00000002   PAD
    0x00000fd0   0x00000050   Code   RO          149    i.WiFly_Send_Cmd    wifly.o
    0x00001020   0x00000080   Code   RO          150    i.WiFly_Time        wifly.o
    0x000010a0   0x00000016   Code   RO          374    i.WriteAddrValid    flash_prog.o
    0x000010b6   0x00000002   PAD
    0x000010b8   0x0000001c   Code   RO            1    i.Zone_Disable      zone.o
    0x000010d4   0x00000024   Code   RO            2    i.Zone_Enable       zone.o
    0x000010f8   0x0000008c   Code   RO            3    i.Zone_Init         zone.o
    0x00001184   0x00000008   Code   RO         1478    i.__aeabi_errno_addr  mc_w.l(errno.o)
    0x0000118c   0x0000000e   Code   RO         1493    i.__scatterload_copy  mc_w.l(handlers.o)
    0x0000119a   0x00000002   Code   RO         1494    i.__scatterload_null  mc_w.l(handlers.o)
    0x0000119c   0x0000000e   Code   RO         1495    i.__scatterload_zeroinit  mc_w.l(handlers.o)
    0x000011aa   0x00000014   Code   RO          151    i.delay250ms        wifly.o
    0x000011be   0x00000056   Code   RO           87    i.getNextNum        schedule.o
    0x00001214   0x00000040   Code   RO           88    i.getNextString     schedule.o
    0x00001254   0x00000060   Code   RO           51    i.main              main.o
    0x000012b4   0x00000032   Code   RO           89    i.nextAlpha         schedule.o
    0x000012e6   0x00000030   Code   RO           90    i.nextDigit         schedule.o
    0x00001316   0x00000002   PAD
    0x00001318   0x00000098   Code   RO           92    i.scheduleParse     schedule.o
    0x000013b0   0x0000000c   Data   RO           94    .constdata          schedule.o
    0x000013bc   0x0000009c   Data   RO          884    .constdata          driverlib.lib(sysctl.o)
    0x00001458   0x00000081   Data   RO         1434    .constdata          mc_w.l(ctype_o.o)
    0x000014d9   0x00000003   PAD
    0x000014dc   0x00000004   Data   RO         1435    .constdata          mc_w.l(ctype_o.o)
    0x000014e0   0x00000029   Data   RO           95    .conststring        schedule.o
    0x00001509   0x0000002f   Data   RO          152    .conststring        wifly.o
    0x00001538   0x00000020   Data   RO         1491    Region$$Table       anon$$obj.o


    Execution Region RW_IRAM (Base: 0x20000000, Size: 0x00000db8, Max: 0x00010000, ABSOLUTE)

    Base Addr    Size         Type   Attr      Idx    E Section Name        Object

    0x20000000   0x00000018   Data   RW           96    .data               schedule.o
    0x20000018   0x00000024   Data   RW          153    .data               wifly.o
    0x2000003c   0x00000008   Data   RW          235    .data               fifo.o
    0x20000044   0x00000008   Data   RW          308    .data               system_clock.o
    0x2000004c   0x00000020   Data   RW          342    .data               file_system.o
    0x2000006c   0x00000004   Data   RW         1481    .data               mc_w.l(errno.o)
    0x20000070   0x00000280   Zero   RW           93    .bss                schedule.o
    0x200002f0   0x000009c4   Zero   RW          234    .bss                fifo.o
    0x20000cb4   0x00000004   PAD
    0x20000cb8   0x00000100   Zero   RW          218    STACK               startup_rvmdk.o


==============================================================================

Image component sizes


      Code (inc. data)   RO Data    RW Data    ZI Data      Debug   Object Name

       268         58          0          8       2500       3453   fifo.o
       460         58          0         32          0       2740   file_system.o
       254         26          0          0          0       3242   flash_prog.o
        96         14          0          0          0       2119   main.o
       400         14         53         24        640       4171   schedule.o
       280        242          0          0        256        616   startup_rvmdk.o
       204         28          0          8          0       1715   system_clock.o
       160         20          0          0          0       1417   uart.o
       640        108         47         36          0       5081   wifly.o
       204         26          0          0          0       5957   zone.o

    ----------------------------------------------------------------------
      2980        594        132        108       3400      30511   Object Totals
         0          0         32          0          0          0   (incl. Generated)
        14          0          0          0          4          0   (incl. Padding)

    ----------------------------------------------------------------------

      Code (inc. data)   RO Data    RW Data    ZI Data      Debug   Library Member Name

        26          0          0          0          0        316   cpu.o
       272          0          0          0          0       5483   gpio.o
       114          0          0          0          0        994   interrupt.o
       116          0          0          0          0       2525   ssi.o
       834         76        156          0          0       3771   sysctl.o
        66          0          0          0          0       1915   systick.o
       176          0          0          0          0       4201   uart.o
        28          0          0          0          0         68   _chval.o
       158          0          0          0          0         92   _strtoul.o
         8          4        133          0          0         68   ctype_o.o
         0          0          0          0          0          0   entry.o
         8          4          0          0          0          0   entry2.o
         4          0          0          0          0          0   entry5.o
         0          0          0          0          0          0   entry7b.o
         8          4          0          0          0          0   entry8.o
         8          4          0          4          0         68   errno.o
        30          0          0          0          0          0   handlers.o
        36          8          0          0          0         68   init.o
        28          0          0          0          0         76   strcmp.o
        16          0          0          0          0         68   strlen.o
       114          0          0          0          0         92   strtoul.o

    ----------------------------------------------------------------------
      2060        100        292          4          0      19805   Library Totals
        10          0          3          0          0          0   (incl. Padding)

    ----------------------------------------------------------------------

      Code (inc. data)   RO Data    RW Data    ZI Data      Debug   Library Name

      1604         76        156          0          0      19205   driverlib.lib
       446         24        133          4          0        600   mc_w.l

    ----------------------------------------------------------------------
      2060        100        292          4          0      19805   Library Totals

    ----------------------------------------------------------------------

==============================================================================


      Code (inc. data)   RO Data    RW Data    ZI Data      Debug   

      5040        694        424        112       3400      47084   Grand Totals
      5040        694        424        112       3400      47084   ELF Image Totals
      5040        694        424        112          0          0   ROM Totals

==============================================================================

    Total RO  Size (Code + RO Data)                 5464 (   5.34kB)
    Total RW  Size (RW Data + ZI Data)              3512 (   3.43kB)
    Total ROM Size (Code + RO Data + RW Data)       5576 (   5.45kB)

==============================================================================

