<html>
<body>
<pre>
<h1>µVision Build Log</h1>
<h2>Project:</h2>
C:\Documents and Settings\Administrator\My Documents\GitHub\Mist\controller\demo_04032013\demo.uvproj
Project File Date:  03/03/2013

<h2>Output:</h2>
Rebuild target 'demo'
creating preprocessor file for demo.c...
compiling demo.c...
creating preprocessor file for rit128x96x4.c...
compiling rit128x96x4.c...
assembling startup_rvmdk.S...
linking...
Program Size: Code=3212 RO-data=760 RW-data=20 ZI-data=356  
User command #1: fromelf --bin --output .\demo.bin .\demo.axf
"demo.axf" - 0 Error(s), 0 Warning(s).
Load "C:\\Documents and Settings\\Administrator\\My Documents\\GitHub\\Mist\\controller\\demo_04032013\\demo.AXF" 
Connecting: Mode=JTAG, Speed=1000000Hz
Erase Done.
Programming Done.
Verify OK.
Rebuild target 'demo'
creating preprocessor file for demo.c...
compiling demo.c...
creating preprocessor file for rit128x96x4.c...
compiling rit128x96x4.c...
assembling startup_rvmdk.S...
linking...
Program Size: Code=3224 RO-data=760 RW-data=20 ZI-data=356  
User command #1: fromelf --bin --output .\demo.bin .\demo.axf
"demo.axf" - 0 Error(s), 0 Warning(s).
Load "C:\\Documents and Settings\\Administrator\\My Documents\\GitHub\\Mist\\controller\\demo_04032013\\demo.AXF" 
Connecting: Mode=JTAG, Speed=1000000Hz
Erase Done.
Programming Done.
Verify OK.
Rebuild target 'demo'
creating preprocessor file for demo.c...
compiling demo.c...
creating preprocessor file for rit128x96x4.c...
compiling rit128x96x4.c...
assembling startup_rvmdk.S...
linking...
Program Size: Code=3224 RO-data=760 RW-data=20 ZI-data=268  
User command #1: fromelf --bin --output .\demo.bin .\demo.axf
"demo.axf" - 0 Error(s), 0 Warning(s).
Load "C:\\Documents and Settings\\Administrator\\My Documents\\GitHub\\Mist\\controller\\demo_04032013\\demo.AXF" 
Connecting: Mode=JTAG, Speed=1000000Hz
Erase Done.
Programming Done.
Verify OK.
Rebuild target 'demo'
creating preprocessor file for demo.c...
compiling demo.c...
demo.c(66): error:  #20: identifier "SYSCTL_RCGC2_R" is undefined
demo.c(66): error:  #20: identifier "SYSCTL_RCGC2_GPIOG" is undefined
demo.c(68): error:  #20: identifier "GPIO_PORTG_DIR_R" is undefined
demo.c(69): error:  #20: identifier "GPIO_PORTG_DEN_R" is undefined
demo.c(120): error:  #125: expected a "("
demo.c(120): warning:  #174-D: expression has no effect
demo.c(120): error:  #29: expected an expression
demo.c(122): error:  #65: expected a ";"
demo.c(123): error:  #20: identifier "GPIO_PORTG_DATA_R" is undefined
creating preprocessor file for rit128x96x4.c...
compiling rit128x96x4.c...
assembling startup_rvmdk.S...
Target not created
Rebuild target 'demo'
creating preprocessor file for demo.c...
compiling demo.c...
demo.c(121): error:  #125: expected a "("
demo.c(121): warning:  #174-D: expression has no effect
demo.c(121): error:  #29: expected an expression
demo.c(123): error:  #65: expected a ";"
creating preprocessor file for rit128x96x4.c...
compiling rit128x96x4.c...
assembling startup_rvmdk.S...
Target not created
Rebuild target 'demo'
creating preprocessor file for demo.c...
compiling demo.c...
creating preprocessor file for rit128x96x4.c...
compiling rit128x96x4.c...
assembling startup_rvmdk.S...
linking...
Program Size: Code=3324 RO-data=760 RW-data=20 ZI-data=268  
User command #1: fromelf --bin --output .\demo.bin .\demo.axf
"demo.axf" - 0 Error(s), 0 Warning(s).
Load "C:\\Documents and Settings\\Administrator\\My Documents\\GitHub\\Mist\\controller\\demo_04032013\\demo.AXF" 
Connecting: Mode=JTAG, Speed=1000000Hz
Erase Done.
Programming Done.
Verify OK.
