<html>
<body>
<pre>
<h1>µVision Build Log</h1>
<h2>Project:</h2>
C:\Documents and Settings\Administrator\My Documents\GitHub\Mist\controller\demo_04032013\demo.uvproj
Project File Date:  03/02/2013

<h2>Output:</h2>
Rebuild target 'demo'
creating preprocessor file for jsmn.c...
compiling jsmn.c...
creating preprocessor file for demo.c...
compiling demo.c...
demo.c(101): error:  #167: argument of type "volatile char *" is incompatible with parameter of type "const char *"
creating preprocessor file for rit128x96x4.c...
compiling rit128x96x4.c...
assembling startup_rvmdk.S...
Target not created
Rebuild target 'demo'
creating preprocessor file for jsmn.c...
compiling jsmn.c...
creating preprocessor file for demo.c...
compiling demo.c...
demo.c(38): error:  #137: expression must be a modifiable lvalue
demo.c(101): warning:  #167-D: argument of type "const volatile char *" is incompatible with parameter of type "const char *"
creating preprocessor file for rit128x96x4.c...
compiling rit128x96x4.c...
assembling startup_rvmdk.S...
Target not created
Rebuild target 'demo'
creating preprocessor file for jsmn.c...
compiling jsmn.c...
creating preprocessor file for demo.c...
compiling demo.c...
demo.c(38): error:  #137: expression must be a modifiable lvalue
creating preprocessor file for rit128x96x4.c...
compiling rit128x96x4.c...
assembling startup_rvmdk.S...
Target not created
Rebuild target 'demo'
creating preprocessor file for jsmn.c...
compiling jsmn.c...
creating preprocessor file for demo.c...
compiling demo.c...
demo.c(101): error:  #167: argument of type "volatile char *" is incompatible with parameter of type "const char *"
creating preprocessor file for rit128x96x4.c...
compiling rit128x96x4.c...
assembling startup_rvmdk.S...
Target not created
Rebuild target 'demo'
creating preprocessor file for jsmn.c...
compiling jsmn.c...
creating preprocessor file for demo.c...
compiling demo.c...
creating preprocessor file for rit128x96x4.c...
compiling rit128x96x4.c...
assembling startup_rvmdk.S...
linking...
Program Size: Code=3136 RO-data=760 RW-data=20 ZI-data=268  
User command #1: fromelf --bin --output .\demo.bin .\demo.axf
"demo.axf" - 0 Error(s), 0 Warning(s).
Load "C:\\Documents and Settings\\Administrator\\My Documents\\GitHub\\Mist\\controller\\demo_04032013\\demo.AXF" 
Connecting: Mode=JTAG, Speed=1000000Hz
Erase Done.
Programming Done.
Verify OK.
Rebuild target 'demo'
creating preprocessor file for jsmn.c...
compiling jsmn.c...
creating preprocessor file for demo.c...
compiling demo.c...
creating preprocessor file for rit128x96x4.c...
compiling rit128x96x4.c...
assembling startup_rvmdk.S...
linking...
Program Size: Code=3156 RO-data=760 RW-data=20 ZI-data=268  
User command #1: fromelf --bin --output .\demo.bin .\demo.axf
"demo.axf" - 0 Error(s), 0 Warning(s).
Rebuild target 'demo'
creating preprocessor file for jsmn.c...
compiling jsmn.c...
creating preprocessor file for demo.c...
compiling demo.c...
creating preprocessor file for rit128x96x4.c...
compiling rit128x96x4.c...
assembling startup_rvmdk.S...
linking...
Program Size: Code=3156 RO-data=760 RW-data=20 ZI-data=268  
User command #1: fromelf --bin --output .\demo.bin .\demo.axf
"demo.axf" - 0 Error(s), 0 Warning(s).
Load "C:\\Documents and Settings\\Administrator\\My Documents\\GitHub\\Mist\\controller\\demo_04032013\\demo.AXF" 
Connecting: Mode=JTAG, Speed=1000000Hz
Erase Done.
Programming Done.
Verify OK.
Rebuild target 'demo'
creating preprocessor file for jsmn.c...
compiling jsmn.c...
creating preprocessor file for demo.c...
compiling demo.c...
creating preprocessor file for rit128x96x4.c...
compiling rit128x96x4.c...
assembling startup_rvmdk.S...
linking...
Program Size: Code=3140 RO-data=760 RW-data=20 ZI-data=268  
User command #1: fromelf --bin --output .\demo.bin .\demo.axf
"demo.axf" - 0 Error(s), 0 Warning(s).
Rebuild target 'demo'
creating preprocessor file for jsmn.c...
compiling jsmn.c...
creating preprocessor file for demo.c...
compiling demo.c...
creating preprocessor file for rit128x96x4.c...
compiling rit128x96x4.c...
assembling startup_rvmdk.S...
linking...
Program Size: Code=3136 RO-data=760 RW-data=20 ZI-data=268  
User command #1: fromelf --bin --output .\demo.bin .\demo.axf
"demo.axf" - 0 Error(s), 0 Warning(s).
Load "C:\\Documents and Settings\\Administrator\\My Documents\\GitHub\\Mist\\controller\\demo_04032013\\demo.AXF" 
Connecting: Mode=JTAG, Speed=1000000Hz
Erase Done.
Programming Done.
Verify OK.
Rebuild target 'demo'
creating preprocessor file for jsmn.c...
compiling jsmn.c...
creating preprocessor file for demo.c...
compiling demo.c...
creating preprocessor file for rit128x96x4.c...
compiling rit128x96x4.c...
assembling startup_rvmdk.S...
linking...
Program Size: Code=3144 RO-data=760 RW-data=20 ZI-data=268  
User command #1: fromelf --bin --output .\demo.bin .\demo.axf
"demo.axf" - 0 Error(s), 0 Warning(s).
Load "C:\\Documents and Settings\\Administrator\\My Documents\\GitHub\\Mist\\controller\\demo_04032013\\demo.AXF" 
Connecting: Mode=JTAG, Speed=1000000Hz
Erase Done.
Programming Done.
Verify OK.
Rebuild target 'demo'
creating preprocessor file for jsmn.c...
compiling jsmn.c...
creating preprocessor file for demo.c...
compiling demo.c...
demo.c(86): error:  #268: declaration may not appear after executable statement in block
demo.c(87): error:  #268: declaration may not appear after executable statement in block
demo.c(103): error:  #137: expression must be a modifiable lvalue
demo.c(123): error:  #167: argument of type "volatile char *" is incompatible with parameter of type "const char *"
demo.c(117): warning:  #550-D: variable "r" was set but never used
demo.c(120): warning:  #177-D: variable "js" was declared but never referenced
creating preprocessor file for rit128x96x4.c...
compiling rit128x96x4.c...
assembling startup_rvmdk.S...
Target not created
Rebuild target 'demo'
creating preprocessor file for jsmn.c...
compiling jsmn.c...
creating preprocessor file for demo.c...
compiling demo.c...
demo.c(86): error:  #268: declaration may not appear after executable statement in block
demo.c(87): error:  #268: declaration may not appear after executable statement in block
demo.c(123): error:  #167: argument of type "volatile char *" is incompatible with parameter of type "const char *"
demo.c(117): warning:  #550-D: variable "r" was set but never used
demo.c(120): warning:  #177-D: variable "js" was declared but never referenced
creating preprocessor file for rit128x96x4.c...
compiling rit128x96x4.c...
assembling startup_rvmdk.S...
Target not created
Rebuild target 'demo'
creating preprocessor file for jsmn.c...
compiling jsmn.c...
creating preprocessor file for demo.c...
compiling demo.c...
demo.c(124): error:  #167: argument of type "volatile char *" is incompatible with parameter of type "const char *"
demo.c(118): warning:  #550-D: variable "r" was set but never used
demo.c(121): warning:  #177-D: variable "js" was declared but never referenced
creating preprocessor file for rit128x96x4.c...
compiling rit128x96x4.c...
assembling startup_rvmdk.S...
Target not created
Rebuild target 'demo'
creating preprocessor file for jsmn.c...
compiling jsmn.c...
creating preprocessor file for demo.c...
compiling demo.c...
demo.c(100): error:  #20: identifier "string" is undefined
creating preprocessor file for rit128x96x4.c...
compiling rit128x96x4.c...
assembling startup_rvmdk.S...
Target not created
Rebuild target 'demo'
creating preprocessor file for jsmn.c...
compiling jsmn.c...
creating preprocessor file for demo.c...
compiling demo.c...
demo.c(100): error:  #167: argument of type "volatile char *" is incompatible with parameter of type "const char *"
creating preprocessor file for rit128x96x4.c...
compiling rit128x96x4.c...
assembling startup_rvmdk.S...
Target not created
Rebuild target 'demo'
creating preprocessor file for jsmn.c...
compiling jsmn.c...
creating preprocessor file for demo.c...
compiling demo.c...
creating preprocessor file for rit128x96x4.c...
compiling rit128x96x4.c...
assembling startup_rvmdk.S...
linking...
Program Size: Code=3128 RO-data=760 RW-data=20 ZI-data=268  
User command #1: fromelf --bin --output .\demo.bin .\demo.axf
"demo.axf" - 0 Error(s), 0 Warning(s).
Rebuild target 'demo'
creating preprocessor file for jsmn.c...
compiling jsmn.c...
creating preprocessor file for demo.c...
compiling demo.c...
demo.c(61): warning:  #177-D: variable "s" was declared but never referenced
creating preprocessor file for rit128x96x4.c...
compiling rit128x96x4.c...
assembling startup_rvmdk.S...
linking...
Program Size: Code=3128 RO-data=760 RW-data=20 ZI-data=268  
User command #1: fromelf --bin --output .\demo.bin .\demo.axf
"demo.axf" - 0 Error(s), 1 Warning(s).
Rebuild target 'demo'
creating preprocessor file for jsmn.c...
compiling jsmn.c...
creating preprocessor file for demo.c...
compiling demo.c...
demo.c(102): error:  #167: argument of type "volatile char *" is incompatible with parameter of type "const char *restrict"
creating preprocessor file for rit128x96x4.c...
compiling rit128x96x4.c...
assembling startup_rvmdk.S...
Target not created
Rebuild target 'demo'
creating preprocessor file for jsmn.c...
compiling jsmn.c...
creating preprocessor file for demo.c...
compiling demo.c...
creating preprocessor file for rit128x96x4.c...
compiling rit128x96x4.c...
assembling startup_rvmdk.S...
linking...
Program Size: Code=3172 RO-data=760 RW-data=20 ZI-data=268  
User command #1: fromelf --bin --output .\demo.bin .\demo.axf
"demo.axf" - 0 Error(s), 0 Warning(s).
Load "C:\\Documents and Settings\\Administrator\\My Documents\\GitHub\\Mist\\controller\\demo_04032013\\demo.AXF" 
Connecting: Mode=JTAG, Speed=1000000Hz
Connection failed!, error code=&d
Load "C:\\Documents and Settings\\Administrator\\My Documents\\GitHub\\Mist\\controller\\demo_04032013\\demo.AXF" 
Connecting: Mode=JTAG, Speed=1000000Hz
Erase Done.
Programming Done.
Verify OK.
Rebuild target 'demo'
creating preprocessor file for jsmn.c...
compiling jsmn.c...
creating preprocessor file for demo.c...
compiling demo.c...
creating preprocessor file for rit128x96x4.c...
compiling rit128x96x4.c...
assembling startup_rvmdk.S...
linking...
Program Size: Code=3172 RO-data=760 RW-data=20 ZI-data=268  
User command #1: fromelf --bin --output .\demo.bin .\demo.axf
"demo.axf" - 0 Error(s), 0 Warning(s).
Rebuild target 'demo'
creating preprocessor file for jsmn.c...
compiling jsmn.c...
creating preprocessor file for demo.c...
compiling demo.c...
demo.c(114): error:  #20: identifier "js" is undefined
demo.c(115): warning:  #223-D: function "check" declared implicitly
demo.c(119): warning:  #940-D: missing return statement at end of non-void function "JSONparse"
creating preprocessor file for rit128x96x4.c...
compiling rit128x96x4.c...
assembling startup_rvmdk.S...
Target not created
Rebuild target 'demo'
creating preprocessor file for jsmn.c...
compiling jsmn.c...
creating preprocessor file for demo.c...
compiling demo.c...
demo.c(103): error:  #167: argument of type "volatile char *" is incompatible with parameter of type "const char *restrict"
demo.c(114): error:  #120: return value type does not match the function type
creating preprocessor file for rit128x96x4.c...
compiling rit128x96x4.c...
assembling startup_rvmdk.S...
Target not created
Rebuild target 'demo'
creating preprocessor file for jsmn.c...
compiling jsmn.c...
creating preprocessor file for demo.c...
compiling demo.c...
demo.c(103): error:  #20: identifier "son" is undefined
demo.c(114): error:  #120: return value type does not match the function type
creating preprocessor file for rit128x96x4.c...
compiling rit128x96x4.c...
assembling startup_rvmdk.S...
Target not created
Rebuild target 'demo'
creating preprocessor file for jsmn.c...
compiling jsmn.c...
creating preprocessor file for demo.c...
compiling demo.c...
demo.c(103): warning:  #167-D: argument of type "unsigned char *" is incompatible with parameter of type "const char *restrict"
demo.c(114): error:  #120: return value type does not match the function type
creating preprocessor file for rit128x96x4.c...
compiling rit128x96x4.c...
assembling startup_rvmdk.S...
Target not created
Rebuild target 'demo'
creating preprocessor file for jsmn.c...
compiling jsmn.c...
creating preprocessor file for demo.c...
compiling demo.c...
demo.c(114): error:  #120: return value type does not match the function type
creating preprocessor file for rit128x96x4.c...
compiling rit128x96x4.c...
assembling startup_rvmdk.S...
Target not created
Rebuild target 'demo'
creating preprocessor file for jsmn.c...
compiling jsmn.c...
creating preprocessor file for demo.c...
compiling demo.c...
demo.c(114): error:  #120: return value type does not match the function type
creating preprocessor file for rit128x96x4.c...
compiling rit128x96x4.c...
assembling startup_rvmdk.S...
Target not created
Rebuild target 'demo'
creating preprocessor file for jsmn.c...
compiling jsmn.c...
creating preprocessor file for demo.c...
compiling demo.c...
demo.c(109): error:  #147: declaration is incompatible with "jsmntok_t *JSONparse(const char *)" (declared at line 58)
demo.c(114): error:  #120: return value type does not match the function type
creating preprocessor file for rit128x96x4.c...
compiling rit128x96x4.c...
assembling startup_rvmdk.S...
Target not created
Rebuild target 'demo'
creating preprocessor file for jsmn.c...
compiling jsmn.c...
creating preprocessor file for demo.c...
compiling demo.c...
demo.c(109): error:  #147: declaration is incompatible with "jsmntok_t *JSONparse(const char *)" (declared at line 58)
demo.c(114): error:  #120: return value type does not match the function type
creating preprocessor file for rit128x96x4.c...
compiling rit128x96x4.c...
assembling startup_rvmdk.S...
Target not created
Rebuild target 'demo'
creating preprocessor file for jsmn.c...
compiling jsmn.c...
creating preprocessor file for demo.c...
compiling demo.c...
demo.c(114): warning:  #1166-D: returning pointer to local variable
creating preprocessor file for rit128x96x4.c...
compiling rit128x96x4.c...
assembling startup_rvmdk.S...
linking...
Program Size: Code=3172 RO-data=760 RW-data=20 ZI-data=268  
User command #1: fromelf --bin --output .\demo.bin .\demo.axf
"demo.axf" - 0 Error(s), 1 Warning(s).
Rebuild target 'demo'
creating preprocessor file for jsmn.c...
compiling jsmn.c...
creating preprocessor file for demo.c...
compiling demo.c...
demo.c(105): error:  #20: identifier "toParse" is undefined
creating preprocessor file for rit128x96x4.c...
compiling rit128x96x4.c...
assembling startup_rvmdk.S...
Target not created
Rebuild target 'demo'
creating preprocessor file for jsmn.c...
compiling jsmn.c...
creating preprocessor file for demo.c...
compiling demo.c...
creating preprocessor file for rit128x96x4.c...
compiling rit128x96x4.c...
assembling startup_rvmdk.S...
linking...
Program Size: Code=3812 RO-data=760 RW-data=20 ZI-data=268  
User command #1: fromelf --bin --output .\demo.bin .\demo.axf
"demo.axf" - 0 Error(s), 0 Warning(s).
Rebuild target 'demo'
creating preprocessor file for jsmn.c...
compiling jsmn.c...
creating preprocessor file for demo.c...
compiling demo.c...
creating preprocessor file for rit128x96x4.c...
compiling rit128x96x4.c...
assembling startup_rvmdk.S...
linking...
Program Size: Code=3812 RO-data=760 RW-data=20 ZI-data=268  
User command #1: fromelf --bin --output .\demo.bin .\demo.axf
"demo.axf" - 0 Error(s), 0 Warning(s).
Rebuild target 'demo'
creating preprocessor file for jsmn.c...
compiling jsmn.c...
creating preprocessor file for demo.c...
compiling demo.c...
creating preprocessor file for rit128x96x4.c...
compiling rit128x96x4.c...
assembling startup_rvmdk.S...
linking...
Program Size: Code=3864 RO-data=760 RW-data=20 ZI-data=268  
User command #1: fromelf --bin --output .\demo.bin .\demo.axf
"demo.axf" - 0 Error(s), 0 Warning(s).
Load "C:\\Documents and Settings\\Administrator\\My Documents\\GitHub\\Mist\\controller\\demo_04032013\\demo.AXF" 
Connecting: Mode=JTAG, Speed=1000000Hz
Erase Done.
Programming Done.
Verify OK.
Rebuild target 'demo'
creating preprocessor file for jsmn.c...
compiling jsmn.c...
creating preprocessor file for demo.c...
compiling demo.c...
creating preprocessor file for rit128x96x4.c...
compiling rit128x96x4.c...
assembling startup_rvmdk.S...
linking...
Program Size: Code=3864 RO-data=760 RW-data=20 ZI-data=268  
User command #1: fromelf --bin --output .\demo.bin .\demo.axf
"demo.axf" - 0 Error(s), 0 Warning(s).
Load "C:\\Documents and Settings\\Administrator\\My Documents\\GitHub\\Mist\\controller\\demo_04032013\\demo.AXF" 
Connecting: Mode=JTAG, Speed=1000000Hz
Erase Done.
Programming Done.
Verify OK.
Rebuild target 'demo'
creating preprocessor file for jsmn.c...
compiling jsmn.c...
creating preprocessor file for demo.c...
compiling demo.c...
demo.c(63): warning:  #177-D: variable "t" was declared but never referenced
creating preprocessor file for rit128x96x4.c...
compiling rit128x96x4.c...
assembling startup_rvmdk.S...
linking...
Program Size: Code=3188 RO-data=760 RW-data=20 ZI-data=268  
User command #1: fromelf --bin --output .\demo.bin .\demo.axf
"demo.axf" - 0 Error(s), 1 Warning(s).
Load "C:\\Documents and Settings\\Administrator\\My Documents\\GitHub\\Mist\\controller\\demo_04032013\\demo.AXF" 
Connecting: Mode=JTAG, Speed=1000000Hz
Erase Done.
Programming Done.
Verify OK.
Rebuild target 'demo'
creating preprocessor file for jsmn.c...
compiling jsmn.c...
creating preprocessor file for demo.c...
compiling demo.c...
creating preprocessor file for rit128x96x4.c...
compiling rit128x96x4.c...
assembling startup_rvmdk.S...
linking...
Program Size: Code=3812 RO-data=760 RW-data=20 ZI-data=268  
User command #1: fromelf --bin --output .\demo.bin .\demo.axf
"demo.axf" - 0 Error(s), 0 Warning(s).
Load "C:\\Documents and Settings\\Administrator\\My Documents\\GitHub\\Mist\\controller\\demo_04032013\\demo.AXF" 
Connecting: Mode=JTAG, Speed=1000000Hz
Erase Done.
Programming Done.
Verify OK.
Rebuild target 'demo'
creating preprocessor file for jsmn.c...
compiling jsmn.c...
creating preprocessor file for demo.c...
compiling demo.c...
creating preprocessor file for rit128x96x4.c...
compiling rit128x96x4.c...
assembling startup_rvmdk.S...
linking...
Program Size: Code=3812 RO-data=760 RW-data=20 ZI-data=268  
User command #1: fromelf --bin --output .\demo.bin .\demo.axf
"demo.axf" - 0 Error(s), 0 Warning(s).
Load "C:\\Documents and Settings\\Administrator\\My Documents\\GitHub\\Mist\\controller\\demo_04032013\\demo.AXF" 
Connecting: Mode=JTAG, Speed=1000000Hz
Erase Done.
Programming Done.
Verify OK.
Rebuild target 'demo'
creating preprocessor file for jsmn.c...
compiling jsmn.c...
creating preprocessor file for demo.c...
compiling demo.c...
demo.c(63): warning:  #177-D: variable "t" was declared but never referenced
creating preprocessor file for rit128x96x4.c...
compiling rit128x96x4.c...
assembling startup_rvmdk.S...
linking...
Program Size: Code=3188 RO-data=760 RW-data=20 ZI-data=268  
User command #1: fromelf --bin --output .\demo.bin .\demo.axf
"demo.axf" - 0 Error(s), 1 Warning(s).
Rebuild target 'demo'
creating preprocessor file for jsmn.c...
compiling jsmn.c...
creating preprocessor file for demo.c...
compiling demo.c...
creating preprocessor file for rit128x96x4.c...
compiling rit128x96x4.c...
assembling startup_rvmdk.S...
linking...
Program Size: Code=3172 RO-data=760 RW-data=20 ZI-data=268  
User command #1: fromelf --bin --output .\demo.bin .\demo.axf
"demo.axf" - 0 Error(s), 0 Warning(s).
Load "C:\\Documents and Settings\\Administrator\\My Documents\\GitHub\\Mist\\controller\\demo_04032013\\demo.AXF" 
Connecting: Mode=JTAG, Speed=1000000Hz
Erase Done.
Programming Done.
Verify OK.
