ARM Linker, 5.02 [Build 28] [MDK-ARM Lite]

==============================================================================

Section Cross References

    demo.o(i.UARTIntHandler) refers to uart.o(i.UARTIntStatus) for UARTIntStatus
    demo.o(i.UARTIntHandler) refers to uart.o(i.UARTIntClear) for UARTIntClear
    demo.o(i.UARTIntHandler) refers to uart.o(i.UARTCharGetNonBlocking) for UARTCharGetNonBlocking
    demo.o(i.UARTIntHandler) refers to uart.o(i.UARTCharsAvail) for UARTCharsAvail
    demo.o(i.UARTIntHandler) refers to demo.o(.bss) for .bss
    demo.o(i.UARTIntHandler) refers to demo.o(.data) for .data
    demo.o(i.UARTSend) refers to uart.o(i.UARTCharPutNonBlocking) for UARTCharPutNonBlocking
    demo.o(i.main) refers to sysctl.o(i.SysCtlClockSet) for SysCtlClockSet
    demo.o(i.main) refers to sysctl.o(i.SysCtlPeripheralEnable) for SysCtlPeripheralEnable
    demo.o(i.main) refers to interrupt.o(i.IntMasterEnable) for IntMasterEnable
    demo.o(i.main) refers to gpio.o(i.GPIOPinTypeUART) for GPIOPinTypeUART
    demo.o(i.main) refers to sysctl.o(i.SysCtlClockGet) for SysCtlClockGet
    demo.o(i.main) refers to uart.o(i.UARTConfigSetExpClk) for UARTConfigSetExpClk
    demo.o(i.main) refers to interrupt.o(i.IntEnable) for IntEnable
    demo.o(i.main) refers to uart.o(i.UARTIntEnable) for UARTIntEnable
    demo.o(i.main) refers to sysctl.o(.emb_text) for SysCtlDelay
    demo.o(i.main) refers to demo.o(i.adhocOff) for adhocOff
    demo.o(i.main) refers to zone.o(i.Zone_Init) for Zone_Init
    demo.o(i.main) refers to demo.o(i.UARTSend) for UARTSend
    demo.o(i.main) refers to strcpy.o(.text) for strcpy
    demo.o(i.main) refers to zone.o(i.Zone_Disable) for Zone_Disable
    demo.o(i.main) refers to strcmp.o(.text) for strcmp
    demo.o(i.main) refers to zone.o(i.Zone_Enable) for Zone_Enable
    demo.o(i.main) refers to demo.o(.data) for .data
    demo.o(i.main) refers to demo.o(.bss) for .bss
    startup_rvmdk.o(RESET) refers to startup_rvmdk.o(STACK) for StackMem
    startup_rvmdk.o(RESET) refers to demo.o(i.UARTIntHandler) for UARTIntHandler
    startup_rvmdk.o(RESET) refers to entry.o(.ARM.Collect$$$$00000000) for __main
    zone.o(i.Zone_Current) refers to zone.o(.data) for .data
    zone.o(i.Zone_Disable) refers to ssi.o(i.SSIBusy) for SSIBusy
    zone.o(i.Zone_Disable) refers to ssi.o(i.SSIDataPut) for SSIDataPut
    zone.o(i.Zone_Enable) refers to ssi.o(i.SSIBusy) for SSIBusy
    zone.o(i.Zone_Enable) refers to ssi.o(i.SSIDataPut) for SSIDataPut
    zone.o(i.Zone_Init) refers to sysctl.o(i.SysCtlPeripheralEnable) for SysCtlPeripheralEnable
    zone.o(i.Zone_Init) refers to gpio.o(i.GPIOPinTypeSSI) for GPIOPinTypeSSI
    zone.o(i.Zone_Init) refers to gpio.o(i.GPIOPadConfigSet) for GPIOPadConfigSet
    zone.o(i.Zone_Init) refers to ssi.o(i.SSIDisable) for SSIDisable
    zone.o(i.Zone_Init) refers to sysctl.o(i.SysCtlClockGet) for SysCtlClockGet
    zone.o(i.Zone_Init) refers to ssi.o(i.SSIConfigSetExpClk) for SSIConfigSetExpClk
    zone.o(i.Zone_Init) refers to ssi.o(i.SSIEnable) for SSIEnable
    gpio.o(i.GPIOPinConfigure) refers to gpio.o(.constdata) for .constdata
    gpio.o(i.GPIOPinTypeADC) refers to gpio.o(i.GPIODirModeSet) for GPIODirModeSet
    gpio.o(i.GPIOPinTypeADC) refers to gpio.o(i.GPIOPadConfigSet) for GPIOPadConfigSet
    gpio.o(i.GPIOPinTypeCAN) refers to gpio.o(i.GPIODirModeSet) for GPIODirModeSet
    gpio.o(i.GPIOPinTypeCAN) refers to gpio.o(i.GPIOPadConfigSet) for GPIOPadConfigSet
    gpio.o(i.GPIOPinTypeComparator) refers to gpio.o(i.GPIODirModeSet) for GPIODirModeSet
    gpio.o(i.GPIOPinTypeComparator) refers to gpio.o(i.GPIOPadConfigSet) for GPIOPadConfigSet
    gpio.o(i.GPIOPinTypeEPI) refers to gpio.o(i.GPIODirModeSet) for GPIODirModeSet
    gpio.o(i.GPIOPinTypeEPI) refers to gpio.o(i.GPIOPadConfigSet) for GPIOPadConfigSet
    gpio.o(i.GPIOPinTypeEthernetLED) refers to gpio.o(i.GPIODirModeSet) for GPIODirModeSet
    gpio.o(i.GPIOPinTypeEthernetLED) refers to gpio.o(i.GPIOPadConfigSet) for GPIOPadConfigSet
    gpio.o(i.GPIOPinTypeGPIOInput) refers to gpio.o(i.GPIODirModeSet) for GPIODirModeSet
    gpio.o(i.GPIOPinTypeGPIOInput) refers to gpio.o(i.GPIOPadConfigSet) for GPIOPadConfigSet
    gpio.o(i.GPIOPinTypeGPIOOutput) refers to gpio.o(i.GPIODirModeSet) for GPIODirModeSet
    gpio.o(i.GPIOPinTypeGPIOOutput) refers to gpio.o(i.GPIOPadConfigSet) for GPIOPadConfigSet
    gpio.o(i.GPIOPinTypeGPIOOutputOD) refers to gpio.o(i.GPIODirModeSet) for GPIODirModeSet
    gpio.o(i.GPIOPinTypeGPIOOutputOD) refers to gpio.o(i.GPIOPadConfigSet) for GPIOPadConfigSet
    gpio.o(i.GPIOPinTypeI2C) refers to gpio.o(i.GPIODirModeSet) for GPIODirModeSet
    gpio.o(i.GPIOPinTypeI2C) refers to gpio.o(i.GPIOPadConfigSet) for GPIOPadConfigSet
    gpio.o(i.GPIOPinTypeI2S) refers to gpio.o(i.GPIODirModeSet) for GPIODirModeSet
    gpio.o(i.GPIOPinTypeI2S) refers to gpio.o(i.GPIOPadConfigSet) for GPIOPadConfigSet
    gpio.o(i.GPIOPinTypePWM) refers to gpio.o(i.GPIODirModeSet) for GPIODirModeSet
    gpio.o(i.GPIOPinTypePWM) refers to gpio.o(i.GPIOPadConfigSet) for GPIOPadConfigSet
    gpio.o(i.GPIOPinTypeQEI) refers to gpio.o(i.GPIODirModeSet) for GPIODirModeSet
    gpio.o(i.GPIOPinTypeQEI) refers to gpio.o(i.GPIOPadConfigSet) for GPIOPadConfigSet
    gpio.o(i.GPIOPinTypeSSI) refers to gpio.o(i.GPIODirModeSet) for GPIODirModeSet
    gpio.o(i.GPIOPinTypeSSI) refers to gpio.o(i.GPIOPadConfigSet) for GPIOPadConfigSet
    gpio.o(i.GPIOPinTypeTimer) refers to gpio.o(i.GPIODirModeSet) for GPIODirModeSet
    gpio.o(i.GPIOPinTypeTimer) refers to gpio.o(i.GPIOPadConfigSet) for GPIOPadConfigSet
    gpio.o(i.GPIOPinTypeUART) refers to gpio.o(i.GPIODirModeSet) for GPIODirModeSet
    gpio.o(i.GPIOPinTypeUART) refers to gpio.o(i.GPIOPadConfigSet) for GPIOPadConfigSet
    gpio.o(i.GPIOPinTypeUSBAnalog) refers to gpio.o(i.GPIODirModeSet) for GPIODirModeSet
    gpio.o(i.GPIOPinTypeUSBAnalog) refers to gpio.o(i.GPIOPadConfigSet) for GPIOPadConfigSet
    gpio.o(i.GPIOPinTypeUSBDigital) refers to gpio.o(i.GPIODirModeSet) for GPIODirModeSet
    gpio.o(i.GPIOPinTypeUSBDigital) refers to gpio.o(i.GPIOPadConfigSet) for GPIOPadConfigSet
    gpio.o(i.GPIOPortIntRegister) refers to gpio.o(i.GPIOGetIntNumber) for GPIOGetIntNumber
    gpio.o(i.GPIOPortIntRegister) refers to interrupt.o(i.IntRegister) for IntRegister
    gpio.o(i.GPIOPortIntRegister) refers to interrupt.o(i.IntEnable) for IntEnable
    gpio.o(i.GPIOPortIntUnregister) refers to gpio.o(i.GPIOGetIntNumber) for GPIOGetIntNumber
    gpio.o(i.GPIOPortIntUnregister) refers to interrupt.o(i.IntDisable) for IntDisable
    gpio.o(i.GPIOPortIntUnregister) refers to interrupt.o(i.IntUnregister) for IntUnregister
    interrupt.o(i.IntMasterDisable) refers to cpu.o(.emb_text) for CPUcpsid
    interrupt.o(i.IntMasterEnable) refers to cpu.o(.emb_text) for CPUcpsie
    interrupt.o(i.IntPriorityGet) refers to interrupt.o(.constdata) for .constdata
    interrupt.o(i.IntPriorityGroupingGet) refers to interrupt.o(.constdata) for .constdata
    interrupt.o(i.IntPriorityGroupingSet) refers to interrupt.o(.constdata) for .constdata
    interrupt.o(i.IntPrioritySet) refers to interrupt.o(.constdata) for .constdata
    interrupt.o(i.IntRegister) refers to interrupt.o(vtable) for vtable
    interrupt.o(i.IntUnregister) refers to interrupt.o(i.IntDefaultHandler) for IntDefaultHandler
    interrupt.o(i.IntUnregister) refers to interrupt.o(vtable) for vtable
    ssi.o(i.SSIIntRegister) refers to interrupt.o(i.IntRegister) for IntRegister
    ssi.o(i.SSIIntRegister) refers to interrupt.o(i.IntEnable) for IntEnable
    ssi.o(i.SSIIntUnregister) refers to interrupt.o(i.IntDisable) for IntDisable
    ssi.o(i.SSIIntUnregister) refers to interrupt.o(i.IntUnregister) for IntUnregister
    sysctl.o(i.SysCtlClockGet) refers to sysctl.o(.constdata) for .constdata
    sysctl.o(i.SysCtlClockSet) refers to sysctl.o(.emb_text) for SysCtlDelay
    sysctl.o(i.SysCtlDeepSleep) refers to cpu.o(.emb_text) for CPUwfi
    sysctl.o(i.SysCtlI2SMClkSet) refers to sysctl.o(.constdata) for .constdata
    sysctl.o(i.SysCtlIntRegister) refers to interrupt.o(i.IntRegister) for IntRegister
    sysctl.o(i.SysCtlIntRegister) refers to interrupt.o(i.IntEnable) for IntEnable
    sysctl.o(i.SysCtlIntUnregister) refers to interrupt.o(i.IntDisable) for IntDisable
    sysctl.o(i.SysCtlIntUnregister) refers to interrupt.o(i.IntUnregister) for IntUnregister
    sysctl.o(i.SysCtlPeripheralDeepSleepDisable) refers to sysctl.o(.constdata) for .constdata
    sysctl.o(i.SysCtlPeripheralDeepSleepEnable) refers to sysctl.o(.constdata) for .constdata
    sysctl.o(i.SysCtlPeripheralDisable) refers to sysctl.o(.constdata) for .constdata
    sysctl.o(i.SysCtlPeripheralEnable) refers to sysctl.o(.constdata) for .constdata
    sysctl.o(i.SysCtlPeripheralPresent) refers to sysctl.o(.constdata) for .constdata
    sysctl.o(i.SysCtlPeripheralReset) refers to sysctl.o(.constdata) for .constdata
    sysctl.o(i.SysCtlPeripheralSleepDisable) refers to sysctl.o(.constdata) for .constdata
    sysctl.o(i.SysCtlPeripheralSleepEnable) refers to sysctl.o(.constdata) for .constdata
    sysctl.o(i.SysCtlSleep) refers to cpu.o(.emb_text) for CPUwfi
    uart.o(i.UARTIntRegister) refers to interrupt.o(i.IntRegister) for IntRegister
    uart.o(i.UARTIntRegister) refers to interrupt.o(i.IntEnable) for IntEnable
    uart.o(i.UARTIntUnregister) refers to interrupt.o(i.IntDisable) for IntDisable
    uart.o(i.UARTIntUnregister) refers to interrupt.o(i.IntUnregister) for IntUnregister
    entry.o(.ARM.Collect$$$$00000000) refers (Special) to entry7b.o(.ARM.Collect$$$$00000008) for _main_clock
    entry.o(.ARM.Collect$$$$00000000) refers (Special) to entry8.o(.ARM.Collect$$$$00000009) for _main_init
    entry.o(.ARM.Collect$$$$00000000) refers (Special) to entry5.o(.ARM.Collect$$$$00000004) for _main_scatterload
    entry.o(.ARM.Collect$$$$00000000) refers (Special) to entry2.o(.ARM.Collect$$$$00000001) for _main_stk
    entry2.o(.ARM.Collect$$$$00000001) refers to entry2.o(.ARM.Collect$$$$00002712) for __lit__00000000
    entry2.o(.ARM.Collect$$$$00002712) refers to startup_rvmdk.o(STACK) for __initial_sp
    entry2.o(__vectab_stack_and_reset_area) refers to startup_rvmdk.o(STACK) for __initial_sp
    entry2.o(__vectab_stack_and_reset_area) refers to entry.o(.ARM.Collect$$$$00000000) for __main
    entry5.o(.ARM.Collect$$$$00000004) refers to init.o(.text) for __scatterload
    entry8.o(.ARM.Collect$$$$00000009) refers to demo.o(i.main) for main
    init.o(.text) refers to entry5.o(.ARM.Collect$$$$00000004) for __main_after_scatterload


==============================================================================

Removing Unused input sections from the image.

    Removing startup_rvmdk.o(HEAP), (0 bytes).
    Removing startup_rvmdk.o(.text), (0 bytes).
    Removing zone.o(i.Zone_Current), (12 bytes).
    Removing zone.o(.data), (4 bytes).
    Removing gpio.o(i.GPIODirModeGet), (34 bytes).
    Removing gpio.o(i.GPIOGetIntNumber), (156 bytes).
    Removing gpio.o(i.GPIOIntTypeGet), (48 bytes).
    Removing gpio.o(i.GPIOIntTypeSet), (58 bytes).
    Removing gpio.o(i.GPIOPadConfigGet), (140 bytes).
    Removing gpio.o(i.GPIOPinConfigure), (72 bytes).
    Removing gpio.o(i.GPIOPinIntClear), (6 bytes).
    Removing gpio.o(i.GPIOPinIntDisable), (14 bytes).
    Removing gpio.o(i.GPIOPinIntEnable), (12 bytes).
    Removing gpio.o(i.GPIOPinIntStatus), (14 bytes).
    Removing gpio.o(i.GPIOPinRead), (6 bytes).
    Removing gpio.o(i.GPIOPinTypeADC), (28 bytes).
    Removing gpio.o(i.GPIOPinTypeCAN), (28 bytes).
    Removing gpio.o(i.GPIOPinTypeComparator), (28 bytes).
    Removing gpio.o(i.GPIOPinTypeEPI), (28 bytes).
    Removing gpio.o(i.GPIOPinTypeEthernetLED), (28 bytes).
    Removing gpio.o(i.GPIOPinTypeGPIOInput), (28 bytes).
    Removing gpio.o(i.GPIOPinTypeGPIOOutput), (28 bytes).
    Removing gpio.o(i.GPIOPinTypeGPIOOutputOD), (28 bytes).
    Removing gpio.o(i.GPIOPinTypeI2C), (28 bytes).
    Removing gpio.o(i.GPIOPinTypeI2S), (28 bytes).
    Removing gpio.o(i.GPIOPinTypePWM), (28 bytes).
    Removing gpio.o(i.GPIOPinTypeQEI), (28 bytes).
    Removing gpio.o(i.GPIOPinTypeTimer), (28 bytes).
    Removing gpio.o(i.GPIOPinTypeUSBAnalog), (28 bytes).
    Removing gpio.o(i.GPIOPinTypeUSBDigital), (28 bytes).
    Removing gpio.o(i.GPIOPinWrite), (6 bytes).
    Removing gpio.o(i.GPIOPortIntRegister), (26 bytes).
    Removing gpio.o(i.GPIOPortIntUnregister), (22 bytes).
    Removing gpio.o(.constdata), (72 bytes).
    Removing interrupt.o(i.IntDefaultHandler), (2 bytes).
    Removing interrupt.o(i.IntDisable), (104 bytes).
    Removing interrupt.o(i.IntMasterDisable), (10 bytes).
    Removing interrupt.o(i.IntPendClear), (72 bytes).
    Removing interrupt.o(i.IntPendSet), (90 bytes).
    Removing interrupt.o(i.IntPriorityGet), (28 bytes).
    Removing interrupt.o(i.IntPriorityGroupingGet), (40 bytes).
    Removing interrupt.o(i.IntPriorityGroupingSet), (28 bytes).
    Removing interrupt.o(i.IntPrioritySet), (40 bytes).
    Removing interrupt.o(i.IntRegister), (56 bytes).
    Removing interrupt.o(i.IntUnregister), (20 bytes).
    Removing interrupt.o(.constdata), (104 bytes).
    Removing interrupt.o(vtable), (284 bytes).
    Removing ssi.o(i.SSIDMADisable), (10 bytes).
    Removing ssi.o(i.SSIDMAEnable), (8 bytes).
    Removing ssi.o(i.SSIDataGet), (14 bytes).
    Removing ssi.o(i.SSIDataGetNonBlocking), (18 bytes).
    Removing ssi.o(i.SSIDataPutNonBlocking), (16 bytes).
    Removing ssi.o(i.SSIIntClear), (4 bytes).
    Removing ssi.o(i.SSIIntDisable), (10 bytes).
    Removing ssi.o(i.SSIIntEnable), (8 bytes).
    Removing ssi.o(i.SSIIntRegister), (32 bytes).
    Removing ssi.o(i.SSIIntStatus), (10 bytes).
    Removing ssi.o(i.SSIIntUnregister), (32 bytes).
    Removing sysctl.o(i.SysCtlADCSpeedGet), (16 bytes).
    Removing sysctl.o(i.SysCtlADCSpeedSet), (32 bytes).
    Removing sysctl.o(i.SysCtlBrownOutConfigSet), (16 bytes).
    Removing sysctl.o(i.SysCtlClkVerificationClear), (20 bytes).
    Removing sysctl.o(i.SysCtlDeepSleep), (32 bytes).
    Removing sysctl.o(i.SysCtlFlashSizeGet), (20 bytes).
    Removing sysctl.o(i.SysCtlGPIOAHBDisable), (20 bytes).
    Removing sysctl.o(i.SysCtlGPIOAHBEnable), (16 bytes).
    Removing sysctl.o(i.SysCtlI2SMClkSet), (216 bytes).
    Removing sysctl.o(i.SysCtlIOSCVerificationSet), (24 bytes).
    Removing sysctl.o(i.SysCtlIntClear), (12 bytes).
    Removing sysctl.o(i.SysCtlIntDisable), (16 bytes).
    Removing sysctl.o(i.SysCtlIntEnable), (16 bytes).
    Removing sysctl.o(i.SysCtlIntRegister), (20 bytes).
    Removing sysctl.o(i.SysCtlIntStatus), (16 bytes).
    Removing sysctl.o(i.SysCtlIntUnregister), (18 bytes).
    Removing sysctl.o(i.SysCtlLDOConfigSet), (12 bytes).
    Removing sysctl.o(i.SysCtlLDOGet), (12 bytes).
    Removing sysctl.o(i.SysCtlLDOSet), (12 bytes).
    Removing sysctl.o(i.SysCtlMOSCVerificationSet), (24 bytes).
    Removing sysctl.o(i.SysCtlPLLVerificationSet), (24 bytes).
    Removing sysctl.o(i.SysCtlPWMClockGet), (24 bytes).
    Removing sysctl.o(i.SysCtlPWMClockSet), (20 bytes).
    Removing sysctl.o(i.SysCtlPeripheralClockGating), (24 bytes).
    Removing sysctl.o(i.SysCtlPeripheralDeepSleepDisable), (32 bytes).
    Removing sysctl.o(i.SysCtlPeripheralDeepSleepEnable), (32 bytes).
    Removing sysctl.o(i.SysCtlPeripheralDisable), (32 bytes).
    Removing sysctl.o(i.SysCtlPeripheralPresent), (64 bytes).
    Removing sysctl.o(i.SysCtlPeripheralReset), (56 bytes).
    Removing sysctl.o(i.SysCtlPeripheralSleepDisable), (32 bytes).
    Removing sysctl.o(i.SysCtlPeripheralSleepEnable), (32 bytes).
    Removing sysctl.o(i.SysCtlPinPresent), (16 bytes).
    Removing sysctl.o(i.SysCtlReset), (16 bytes).
    Removing sysctl.o(i.SysCtlResetCauseClear), (16 bytes).
    Removing sysctl.o(i.SysCtlResetCauseGet), (12 bytes).
    Removing sysctl.o(i.SysCtlSRAMSizeGet), (20 bytes).
    Removing sysctl.o(i.SysCtlSleep), (4 bytes).
    Removing sysctl.o(i.SysCtlUSBPLLDisable), (16 bytes).
    Removing sysctl.o(i.SysCtlUSBPLLEnable), (16 bytes).
    Removing uart.o(i.UARTBreakCtl), (18 bytes).
    Removing uart.o(i.UARTBusy), (8 bytes).
    Removing uart.o(i.UARTCharGet), (12 bytes).
    Removing uart.o(i.UARTCharPut), (12 bytes).
    Removing uart.o(i.UARTConfigGetExpClk), (46 bytes).
    Removing uart.o(i.UARTDMADisable), (10 bytes).
    Removing uart.o(i.UARTDMAEnable), (8 bytes).
    Removing uart.o(i.UARTDisable), (30 bytes).
    Removing uart.o(i.UARTDisableSIR), (10 bytes).
    Removing uart.o(i.UARTEnable), (20 bytes).
    Removing uart.o(i.UARTEnableSIR), (18 bytes).
    Removing uart.o(i.UARTFIFODisable), (10 bytes).
    Removing uart.o(i.UARTFIFOEnable), (10 bytes).
    Removing uart.o(i.UARTFIFOLevelGet), (16 bytes).
    Removing uart.o(i.UARTFIFOLevelSet), (6 bytes).
    Removing uart.o(i.UARTFlowControlGet), (8 bytes).
    Removing uart.o(i.UARTFlowControlSet), (12 bytes).
    Removing uart.o(i.UARTIntDisable), (10 bytes).
    Removing uart.o(i.UARTIntRegister), (46 bytes).
    Removing uart.o(i.UARTIntUnregister), (46 bytes).
    Removing uart.o(i.UARTModemControlClear), (14 bytes).
    Removing uart.o(i.UARTModemControlGet), (8 bytes).
    Removing uart.o(i.UARTModemControlSet), (12 bytes).
    Removing uart.o(i.UARTModemStatusGet), (10 bytes).
    Removing uart.o(i.UARTParityModeGet), (8 bytes).
    Removing uart.o(i.UARTParityModeSet), (12 bytes).
    Removing uart.o(i.UARTRxErrorClear), (6 bytes).
    Removing uart.o(i.UARTRxErrorGet), (8 bytes).
    Removing uart.o(i.UARTSmartCardDisable), (10 bytes).
    Removing uart.o(i.UARTSmartCardEnable), (22 bytes).
    Removing uart.o(i.UARTSpaceAvail), (10 bytes).
    Removing uart.o(i.UARTTxIntModeGet), (8 bytes).
    Removing uart.o(i.UARTTxIntModeSet), (12 bytes).

130 unused section(s) (total 3716 bytes) removed from the image.

==============================================================================

Image Symbol Table

    Local Symbols

    Symbol Name                              Value     Ov Type        Size  Object(Section)

    RESET                                    0x00000000   Section      252  startup_rvmdk.o(RESET)
    ../clib/microlib/init/entry.s            0x00000000   Number         0  entry5.o ABSOLUTE
    ../clib/microlib/init/entry.s            0x00000000   Number         0  entry2.o ABSOLUTE
    ../clib/microlib/init/entry.s            0x00000000   Number         0  entry7a.o ABSOLUTE
    ../clib/microlib/init/entry.s            0x00000000   Number         0  entry.o ABSOLUTE
    ../clib/microlib/init/entry.s            0x00000000   Number         0  entry8.o ABSOLUTE
    ../clib/microlib/init/entry.s            0x00000000   Number         0  entry7b.o ABSOLUTE
    ../clib/microlib/string/strcmp.c         0x00000000   Number         0  strcmp.o ABSOLUTE
    ../clib/microlib/string/strcpy.c         0x00000000   Number         0  strcpy.o ABSOLUTE
    cpu.c                                    0x00000000   Number         0  cpu.o ABSOLUTE
    cpu.c                                    0x00000000   Number         0  cpu.o ABSOLUTE
    dc.s                                     0x00000000   Number         0  dc.o ABSOLUTE
    demo.c                                   0x00000000   Number         0  demo.o ABSOLUTE
    gpio.c                                   0x00000000   Number         0  gpio.o ABSOLUTE
    handlers.s                               0x00000000   Number         0  handlers.o ABSOLUTE
    init.s                                   0x00000000   Number         0  init.o ABSOLUTE
    interrupt.c                              0x00000000   Number         0  interrupt.o ABSOLUTE
    ssi.c                                    0x00000000   Number         0  ssi.o ABSOLUTE
    startup_rvmdk.S                          0x00000000   Number         0  startup_rvmdk.o ABSOLUTE
    sysctl.c                                 0x00000000   Number         0  sysctl.o ABSOLUTE
    sysctl.c                                 0x00000000   Number         0  sysctl.o ABSOLUTE
    uart.c                                   0x00000000   Number         0  uart.o ABSOLUTE
    zone.c                                   0x00000000   Number         0  zone.o ABSOLUTE
    NmiSR                                    0x000000f5   Thumb Code     0  startup_rvmdk.o(RESET)
    FaultISR                                 0x000000f7   Thumb Code     0  startup_rvmdk.o(RESET)
    IntDefaultHandler                        0x000000f9   Thumb Code     0  startup_rvmdk.o(RESET)
    .ARM.Collect$$$$00000000                 0x000000fc   Section        0  entry.o(.ARM.Collect$$$$00000000)
    .ARM.Collect$$$$00000001                 0x000000fc   Section        4  entry2.o(.ARM.Collect$$$$00000001)
    .ARM.Collect$$$$00000004                 0x00000100   Section        4  entry5.o(.ARM.Collect$$$$00000004)
    .ARM.Collect$$$$00000008                 0x00000104   Section        0  entry7b.o(.ARM.Collect$$$$00000008)
    .ARM.Collect$$$$00000009                 0x00000104   Section        8  entry8.o(.ARM.Collect$$$$00000009)
    .ARM.Collect$$$$00002712                 0x0000010c   Section        4  entry2.o(.ARM.Collect$$$$00002712)
    __lit__00000000                          0x0000010c   Data           4  entry2.o(.ARM.Collect$$$$00002712)
    .emb_text                                0x00000110   Section        6  sysctl.o(.emb_text)
    .emb_text                                0x00000118   Section       26  cpu.o(.emb_text)
    .text                                    0x00000132   Section        0  strcmp.o(.text)
    .text                                    0x0000014e   Section        0  strcpy.o(.text)
    .text                                    0x00000160   Section       36  init.o(.text)
    i.GPIODirModeSet                         0x00000184   Section        0  gpio.o(i.GPIODirModeSet)
    i.GPIOPadConfigSet                       0x000001ac   Section        0  gpio.o(i.GPIOPadConfigSet)
    i.GPIOPinTypeSSI                         0x0000025c   Section        0  gpio.o(i.GPIOPinTypeSSI)
    i.GPIOPinTypeUART                        0x00000278   Section        0  gpio.o(i.GPIOPinTypeUART)
    i.IntEnable                              0x00000294   Section        0  interrupt.o(i.IntEnable)
    i.IntMasterEnable                        0x000002fc   Section        0  interrupt.o(i.IntMasterEnable)
    i.SSIBusy                                0x00000306   Section        0  ssi.o(i.SSIBusy)
    i.SSIConfigSetExpClk                     0x0000030e   Section        0  ssi.o(i.SSIConfigSetExpClk)
    i.SSIDataPut                             0x0000035a   Section        0  ssi.o(i.SSIDataPut)
    i.SSIDisable                             0x00000366   Section        0  ssi.o(i.SSIDisable)
    i.SSIEnable                              0x00000370   Section        0  ssi.o(i.SSIEnable)
    i.SysCtlClockGet                         0x0000037c   Section        0  sysctl.o(i.SysCtlClockGet)
    i.SysCtlClockSet                         0x00000560   Section        0  sysctl.o(i.SysCtlClockSet)
    i.SysCtlPeripheralEnable                 0x00000698   Section        0  sysctl.o(i.SysCtlPeripheralEnable)
    i.UARTCharGetNonBlocking                 0x000006b8   Section        0  uart.o(i.UARTCharGetNonBlocking)
    i.UARTCharPutNonBlocking                 0x000006c8   Section        0  uart.o(i.UARTCharPutNonBlocking)
    i.UARTCharsAvail                         0x000006da   Section        0  uart.o(i.UARTCharsAvail)
    i.UARTConfigSetExpClk                    0x000006e4   Section        0  uart.o(i.UARTConfigSetExpClk)
    i.UARTIntClear                           0x00000752   Section        0  uart.o(i.UARTIntClear)
    i.UARTIntEnable                          0x00000756   Section        0  uart.o(i.UARTIntEnable)
    i.UARTIntHandler                         0x00000760   Section        0  demo.o(i.UARTIntHandler)
    i.UARTIntStatus                          0x000007cc   Section        0  uart.o(i.UARTIntStatus)
    i.UARTSend                               0x000007d8   Section        0  demo.o(i.UARTSend)
    i.Zone_Disable                           0x000007f8   Section        0  zone.o(i.Zone_Disable)
    i.Zone_Enable                            0x00000818   Section        0  zone.o(i.Zone_Enable)
    i.Zone_Init                              0x0000083c   Section        0  zone.o(i.Zone_Init)
    i.__scatterload_copy                     0x000008b0   Section       14  handlers.o(i.__scatterload_copy)
    i.__scatterload_null                     0x000008be   Section        2  handlers.o(i.__scatterload_null)
    i.__scatterload_zeroinit                 0x000008c0   Section       14  handlers.o(i.__scatterload_zeroinit)
    i.adhocOff                               0x000008d0   Section        0  demo.o(i.adhocOff)
    i.main                                   0x000008e0   Section        0  demo.o(i.main)
    .constdata                               0x00000a44   Section      156  sysctl.o(.constdata)
    g_pulDCRegs                              0x00000a44   Data          16  sysctl.o(.constdata)
    g_pulSRCRRegs                            0x00000a54   Data          12  sysctl.o(.constdata)
    g_pulRCGCRegs                            0x00000a60   Data          12  sysctl.o(.constdata)
    g_pulSCGCRegs                            0x00000a6c   Data          12  sysctl.o(.constdata)
    g_pulDCGCRegs                            0x00000a78   Data          12  sysctl.o(.constdata)
    g_pulXtals                               0x00000a84   Data          92  sysctl.o(.constdata)
    .data                                    0x20000000   Section        6  demo.o(.data)
    data_flag                                0x20000002   Data           2  demo.o(.data)
    data_idx                                 0x20000004   Data           2  demo.o(.data)
    .bss                                     0x20000008   Section       10  demo.o(.bss)
    STACK                                    0x20000018   Section      256  startup_rvmdk.o(STACK)
    StackMem                                 0x20000018   Data           0  startup_rvmdk.o(STACK)

    Global Symbols

    Symbol Name                              Value     Ov Type        Size  Object(Section)

    BuildAttributes$$THM_ISAv4$P$D$K$B$S$PE$A:L22UL41UL21$X:L11$S22US41US21$IEEE1$IW$USESV6$~STKCKD$USESV7$~SHL$OTIME$EBA8$MICROLIB$REQ8$PRES8$EABIv2 0x00000000   Number         0  anon$$obj.o ABSOLUTE
    __ARM_use_no_argv                        0x00000000   Number         0  demo.o ABSOLUTE
    __Vectors                                0x00000000   Data           0  startup_rvmdk.o(RESET)
    __decompress                              - Undefined Weak Reference
    _clock_init                               - Undefined Weak Reference
    Reset_Handler                            0x000000f1   Thumb Code     0  startup_rvmdk.o(RESET)
    __main                                   0x000000fd   Thumb Code     0  entry.o(.ARM.Collect$$$$00000000)
    _main_stk                                0x000000fd   Thumb Code     0  entry2.o(.ARM.Collect$$$$00000001)
    _main_scatterload                        0x00000101   Thumb Code     0  entry5.o(.ARM.Collect$$$$00000004)
    __main_after_scatterload                 0x00000105   Thumb Code     0  entry5.o(.ARM.Collect$$$$00000004)
    _main_clock                              0x00000105   Thumb Code     0  entry7b.o(.ARM.Collect$$$$00000008)
    _main_init                               0x00000105   Thumb Code     0  entry8.o(.ARM.Collect$$$$00000009)
    SysCtlDelay                              0x00000111   Thumb Code     6  sysctl.o(.emb_text)
    CPUcpsid                                 0x00000119   Thumb Code     8  cpu.o(.emb_text)
    CPUprimask                               0x00000121   Thumb Code     6  cpu.o(.emb_text)
    CPUcpsie                                 0x00000127   Thumb Code     8  cpu.o(.emb_text)
    CPUwfi                                   0x0000012f   Thumb Code     4  cpu.o(.emb_text)
    strcmp                                   0x00000133   Thumb Code    28  strcmp.o(.text)
    strcpy                                   0x0000014f   Thumb Code    18  strcpy.o(.text)
    __scatterload                            0x00000161   Thumb Code    28  init.o(.text)
    __scatterload_rt2                        0x00000161   Thumb Code     0  init.o(.text)
    GPIODirModeSet                           0x00000185   Thumb Code    40  gpio.o(i.GPIODirModeSet)
    GPIOPadConfigSet                         0x000001ad   Thumb Code   176  gpio.o(i.GPIOPadConfigSet)
    GPIOPinTypeSSI                           0x0000025d   Thumb Code    28  gpio.o(i.GPIOPinTypeSSI)
    GPIOPinTypeUART                          0x00000279   Thumb Code    28  gpio.o(i.GPIOPinTypeUART)
    IntEnable                                0x00000295   Thumb Code   104  interrupt.o(i.IntEnable)
    IntMasterEnable                          0x000002fd   Thumb Code    10  interrupt.o(i.IntMasterEnable)
    SSIBusy                                  0x00000307   Thumb Code     8  ssi.o(i.SSIBusy)
    SSIConfigSetExpClk                       0x0000030f   Thumb Code    76  ssi.o(i.SSIConfigSetExpClk)
    SSIDataPut                               0x0000035b   Thumb Code    12  ssi.o(i.SSIDataPut)
    SSIDisable                               0x00000367   Thumb Code    10  ssi.o(i.SSIDisable)
    SSIEnable                                0x00000371   Thumb Code    10  ssi.o(i.SSIEnable)
    SysCtlClockGet                           0x0000037d   Thumb Code   438  sysctl.o(i.SysCtlClockGet)
    SysCtlClockSet                           0x00000561   Thumb Code   288  sysctl.o(i.SysCtlClockSet)
    SysCtlPeripheralEnable                   0x00000699   Thumb Code    26  sysctl.o(i.SysCtlPeripheralEnable)
    UARTCharGetNonBlocking                   0x000006b9   Thumb Code    16  uart.o(i.UARTCharGetNonBlocking)
    UARTCharPutNonBlocking                   0x000006c9   Thumb Code    18  uart.o(i.UARTCharPutNonBlocking)
    UARTCharsAvail                           0x000006db   Thumb Code    10  uart.o(i.UARTCharsAvail)
    UARTConfigSetExpClk                      0x000006e5   Thumb Code   110  uart.o(i.UARTConfigSetExpClk)
    UARTIntClear                             0x00000753   Thumb Code     4  uart.o(i.UARTIntClear)
    UARTIntEnable                            0x00000757   Thumb Code     8  uart.o(i.UARTIntEnable)
    UARTIntHandler                           0x00000761   Thumb Code    96  demo.o(i.UARTIntHandler)
    UARTIntStatus                            0x000007cd   Thumb Code    10  uart.o(i.UARTIntStatus)
    UARTSend                                 0x000007d9   Thumb Code    26  demo.o(i.UARTSend)
    Zone_Disable                             0x000007f9   Thumb Code    26  zone.o(i.Zone_Disable)
    Zone_Enable                              0x00000819   Thumb Code    32  zone.o(i.Zone_Enable)
    Zone_Init                                0x0000083d   Thumb Code   100  zone.o(i.Zone_Init)
    __scatterload_copy                       0x000008b1   Thumb Code    14  handlers.o(i.__scatterload_copy)
    __scatterload_null                       0x000008bf   Thumb Code     2  handlers.o(i.__scatterload_null)
    __scatterload_zeroinit                   0x000008c1   Thumb Code    14  handlers.o(i.__scatterload_zeroinit)
    adhocOff                                 0x000008d1   Thumb Code    12  demo.o(i.adhocOff)
    main                                     0x000008e1   Thumb Code   280  demo.o(i.main)
    Region$$Table$$Base                      0x00000ae0   Number         0  anon$$obj.o(Region$$Table)
    Region$$Table$$Limit                     0x00000b00   Number         0  anon$$obj.o(Region$$Table)
    flag                                     0x20000000   Data           2  demo.o(.data)
    data                                     0x20000008   Data          10  demo.o(.bss)
    __initial_sp                             0x20000118   Data           0  startup_rvmdk.o(STACK)



==============================================================================

Memory Map of the image

  Image Entry point : 0x000000f1

  Load Region LR_IROM (Base: 0x00000000, Size: 0x00000b08, Max: 0x00040000, ABSOLUTE)

    Execution Region ER_IROM (Base: 0x00000000, Size: 0x00000b00, Max: 0x00040000, ABSOLUTE)

    Base Addr    Size         Type   Attr      Idx    E Section Name        Object

    0x00000000   0x000000fc   Code   RO           68  * RESET               startup_rvmdk.o
    0x000000fc   0x00000000   Code   RO         1069  * .ARM.Collect$$$$00000000  mc_w.l(entry.o)
    0x000000fc   0x00000004   Code   RO         1076    .ARM.Collect$$$$00000001  mc_w.l(entry2.o)
    0x00000100   0x00000004   Code   RO         1079    .ARM.Collect$$$$00000004  mc_w.l(entry5.o)
    0x00000104   0x00000000   Code   RO         1081    .ARM.Collect$$$$00000008  mc_w.l(entry7b.o)
    0x00000104   0x00000008   Code   RO         1082    .ARM.Collect$$$$00000009  mc_w.l(entry8.o)
    0x0000010c   0x00000004   Code   RO         1077    .ARM.Collect$$$$00002712  mc_w.l(entry2.o)
    0x00000110   0x00000006   Code   RO          543    .emb_text           driverlib.lib(sysctl.o)
    0x00000116   0x00000002   PAD
    0x00000118   0x0000001a   Code   RO         1059    .emb_text           driverlib.lib(cpu.o)
    0x00000132   0x0000001c   Code   RO         1072    .text               mc_w.l(strcmp.o)
    0x0000014e   0x00000012   Code   RO         1074    .text               mc_w.l(strcpy.o)
    0x00000160   0x00000024   Code   RO         1083    .text               mc_w.l(init.o)
    0x00000184   0x00000028   Code   RO          112    i.GPIODirModeSet    driverlib.lib(gpio.o)
    0x000001ac   0x000000b0   Code   RO          117    i.GPIOPadConfigSet  driverlib.lib(gpio.o)
    0x0000025c   0x0000001c   Code   RO          136    i.GPIOPinTypeSSI    driverlib.lib(gpio.o)
    0x00000278   0x0000001c   Code   RO          138    i.GPIOPinTypeUART   driverlib.lib(gpio.o)
    0x00000294   0x00000068   Code   RO          342    i.IntEnable         driverlib.lib(interrupt.o)
    0x000002fc   0x0000000a   Code   RO          344    i.IntMasterEnable   driverlib.lib(interrupt.o)
    0x00000306   0x00000008   Code   RO          432    i.SSIBusy           driverlib.lib(ssi.o)
    0x0000030e   0x0000004c   Code   RO          433    i.SSIConfigSetExpClk  driverlib.lib(ssi.o)
    0x0000035a   0x0000000c   Code   RO          438    i.SSIDataPut        driverlib.lib(ssi.o)
    0x00000366   0x0000000a   Code   RO          440    i.SSIDisable        driverlib.lib(ssi.o)
    0x00000370   0x0000000a   Code   RO          441    i.SSIEnable         driverlib.lib(ssi.o)
    0x0000037a   0x00000002   PAD
    0x0000037c   0x000001e4   Code   RO          548    i.SysCtlClockGet    driverlib.lib(sysctl.o)
    0x00000560   0x00000138   Code   RO          549    i.SysCtlClockSet    driverlib.lib(sysctl.o)
    0x00000698   0x00000020   Code   RO          573    i.SysCtlPeripheralEnable  driverlib.lib(sysctl.o)
    0x000006b8   0x00000010   Code   RO          811    i.UARTCharGetNonBlocking  driverlib.lib(uart.o)
    0x000006c8   0x00000012   Code   RO          813    i.UARTCharPutNonBlocking  driverlib.lib(uart.o)
    0x000006da   0x0000000a   Code   RO          814    i.UARTCharsAvail    driverlib.lib(uart.o)
    0x000006e4   0x0000006e   Code   RO          816    i.UARTConfigSetExpClk  driverlib.lib(uart.o)
    0x00000752   0x00000004   Code   RO          829    i.UARTIntClear      driverlib.lib(uart.o)
    0x00000756   0x00000008   Code   RO          831    i.UARTIntEnable     driverlib.lib(uart.o)
    0x0000075e   0x00000002   PAD
    0x00000760   0x0000006c   Code   RO            1    i.UARTIntHandler    demo.o
    0x000007cc   0x0000000a   Code   RO          833    i.UARTIntStatus     driverlib.lib(uart.o)
    0x000007d6   0x00000002   PAD
    0x000007d8   0x00000020   Code   RO            2    i.UARTSend          demo.o
    0x000007f8   0x00000020   Code   RO           74    i.Zone_Disable      zone.o
    0x00000818   0x00000024   Code   RO           75    i.Zone_Enable       zone.o
    0x0000083c   0x00000074   Code   RO           76    i.Zone_Init         zone.o
    0x000008b0   0x0000000e   Code   RO         1087    i.__scatterload_copy  mc_w.l(handlers.o)
    0x000008be   0x00000002   Code   RO         1088    i.__scatterload_null  mc_w.l(handlers.o)
    0x000008c0   0x0000000e   Code   RO         1089    i.__scatterload_zeroinit  mc_w.l(handlers.o)
    0x000008ce   0x00000002   PAD
    0x000008d0   0x00000010   Code   RO            3    i.adhocOff          demo.o
    0x000008e0   0x00000164   Code   RO            4    i.main              demo.o
    0x00000a44   0x0000009c   Data   RO          586    .constdata          driverlib.lib(sysctl.o)
    0x00000ae0   0x00000020   Data   RO         1085    Region$$Table       anon$$obj.o


    Execution Region RW_IRAM (Base: 0x20000000, Size: 0x00000118, Max: 0x00010000, ABSOLUTE)

    Base Addr    Size         Type   Attr      Idx    E Section Name        Object

    0x20000000   0x00000006   Data   RW            6    .data               demo.o
    0x20000006   0x00000002   PAD
    0x20000008   0x0000000a   Zero   RW            5    .bss                demo.o
    0x20000012   0x00000006   PAD
    0x20000018   0x00000100   Zero   RW           66    STACK               startup_rvmdk.o


==============================================================================

Image component sizes


      Code (inc. data)   RO Data    RW Data    ZI Data      Debug   Object Name

       512         98          0          6         10       4392   demo.o
       252        242          0          0        256        276   startup_rvmdk.o
       184         26          0          0          0       1361   zone.o

    ----------------------------------------------------------------------
       948        366         32          8        272       6029   Object Totals
         0          0         32          0          0          0   (incl. Generated)
         0          0          0          2          6          0   (incl. Padding)

    ----------------------------------------------------------------------

      Code (inc. data)   RO Data    RW Data    ZI Data      Debug   Library Member Name

        26          0          0          0          0        316   cpu.o
       272          0          0          0          0       5483   gpio.o
       114          0          0          0          0        994   interrupt.o
       116          0          0          0          0       2525   ssi.o
       834         76        156          0          0       3771   sysctl.o
       176          0          0          0          0       4201   uart.o
         0          0          0          0          0          0   entry.o
         8          4          0          0          0          0   entry2.o
         4          0          0          0          0          0   entry5.o
         0          0          0          0          0          0   entry7b.o
         8          4          0          0          0          0   entry8.o
        30          0          0          0          0          0   handlers.o
        36          8          0          0          0         68   init.o
        28          0          0          0          0         76   strcmp.o
        18          0          0          0          0         68   strcpy.o

    ----------------------------------------------------------------------
      1680         92        156          0          0      17502   Library Totals
        10          0          0          0          0          0   (incl. Padding)

    ----------------------------------------------------------------------

      Code (inc. data)   RO Data    RW Data    ZI Data      Debug   Library Name

      1538         76        156          0          0      17290   driverlib.lib
       132         16          0          0          0        212   mc_w.l

    ----------------------------------------------------------------------
      1680         92        156          0          0      17502   Library Totals

    ----------------------------------------------------------------------

==============================================================================


      Code (inc. data)   RO Data    RW Data    ZI Data      Debug   

      2628        458        188          8        272      22369   Grand Totals
      2628        458        188          8        272      22369   ELF Image Totals
      2628        458        188          8          0          0   ROM Totals

==============================================================================

    Total RO  Size (Code + RO Data)                 2816 (   2.75kB)
    Total RW  Size (RW Data + ZI Data)               280 (   0.27kB)
    Total ROM Size (Code + RO Data + RW Data)       2824 (   2.76kB)

==============================================================================

